#
# There is insufficient memory for the Java Runtime Environment to continue.
# Native memory allocation (malloc) failed to allocate 624656 bytes. Error detail: Chunk::new
# Possible reasons:
#   The system is out of physical RAM or swap space
#   This process is running with CompressedOops enabled, and the Java Heap may be blocking the growth of the native heap
# Possible solutions:
#   Reduce memory load on the system
#   Increase physical memory or swap space
#   Check if swap backing store is full
#   Decrease Java heap size (-Xmx/-Xms)
#   Decrease number of Java threads
#   Decrease Java thread stack sizes (-Xss)
#   Set larger code cache with -XX:ReservedCodeCacheSize=
#   JVM is running with Unscaled Compressed Oops mode in which the Java heap is
#     placed in the first 4GB address space. The Java Heap base address is the
#     maximum limit for the native heap growth. Please use -XX:HeapBaseMinAddress
#     to set the Java Heap base and to place the Java Heap above 4GB virtual address.
# This output file may be truncated or incomplete.
#
#  Out of Memory Error (arena.cpp:150), pid=24632, tid=19892
#
# JRE version: Java(TM) SE Runtime Environment (22.0.2+9) (build 22.0.2+9-70)
# Java VM: Java HotSpot(TM) 64-Bit Server VM (22.0.2+9-70, mixed mode, sharing, tiered, compressed oops, compressed class ptrs, g1 gc, windows-amd64)
# No core dump will be written. Minidumps are not enabled by default on client versions of Windows
#

---------------  S U M M A R Y ------------

Command Line: -javaagent:C:\Program Files\JetBrains\IntelliJ IDEA Community Edition 2024.1.4\lib\idea_rt.jar=64728:C:\Program Files\JetBrains\IntelliJ IDEA Community Edition 2024.1.4\bin -Dfile.encoding=UTF-8 -Dsun.stdout.encoding=UTF-8 -Dsun.stderr.encoding=UTF-8 com.Chat_App.chat_services.ChatServicesApplication

Host: 12th Gen Intel(R) Core(TM) i5-1235U, 12 cores, 7G,  Windows 11 , 64 bit Build 22621 (10.0.22621.5415)
Time: Sat Aug 22 15:21:57 2026 India Standard Time elapsed time: 1573.547880 seconds (0d 0h 26m 13s)

---------------  T H R E A D  ---------------

Current thread (0x0000023820552c20):  JavaThread "C2 CompilerThread0" daemon [_thread_in_native, id=19892, stack(0x000000548f500000,0x000000548f600000) (1024K)]


Current CompileTask:
C2:1573548 14991   !   4       org.springframework.orm.jpa.ExtendedEntityManagerCreator$ExtendedEntityManagerInvocationHandler::invoke (492 bytes)

Stack: [0x000000548f500000,0x000000548f600000]
Native frames: (J=compiled Java code, j=interpreted, Vv=VM code, C=native code)
V  [jvm.dll+0x6e26e9]  (no source info available)
V  [jvm.dll+0x875753]  (no source info available)
V  [jvm.dll+0x877b7e]  (no source info available)
V  [jvm.dll+0x878253]  (no source info available)
V  [jvm.dll+0x27fc86]  (no source info available)
V  [jvm.dll+0xc3d0f]  (no source info available)
V  [jvm.dll+0xc3f6b]  (no source info available)
V  [jvm.dll+0x3bb442]  (no source info available)
V  [jvm.dll+0x387d4b]  (no source info available)
V  [jvm.dll+0x3871ba]  (no source info available)
V  [jvm.dll+0x2477f8]  (no source info available)
V  [jvm.dll+0x246e9f]  (no source info available)
V  [jvm.dll+0x1c4e80]  (no source info available)
V  [jvm.dll+0x2568f3]  (no source info available)
V  [jvm.dll+0x254baa]  (no source info available)
V  [jvm.dll+0x3f57a6]  (no source info available)
V  [jvm.dll+0x81dc0b]  (no source info available)
V  [jvm.dll+0x6e0d85]  (no source info available)
C  [ucrtbase.dll+0x29333]  (no source info available)
C  [KERNEL32.DLL+0x1259d]  (no source info available)
C  [ntdll.dll+0x5af78]  (no source info available)


---------------  P R O C E S S  ---------------

Threads class SMR info:
_java_thread_list=0x000002386c07e200, length=43, elements={
0x0000023820539c80, 0x000002382053a9a0, 0x000002382053bc00, 0x0000023820540960,
0x000002382053e750, 0x000002382053f1b0, 0x0000023820552c20, 0x0000023820554ae0,
0x000002382078d350, 0x0000023820a7e020, 0x0000023866344800, 0x00000238683937b0,
0x00000238683909c0, 0x0000023868391050, 0x000002386b40d400, 0x000002386b4115a0,
0x000002386b410880, 0x000002386b410f10, 0x000002386b40da90, 0x000002386b40a610,
0x000002386b40e7b0, 0x000002386b40cd70, 0x000002386b411c30, 0x000002386b40aca0,
0x000002386b40b330, 0x000002386b40b9c0, 0x000002386b40c6e0, 0x000002386b08beb0,
0x000002386b089de0, 0x000002386b08a470, 0x000002386b08b820, 0x000002386b08c540,
0x000002386b08e610, 0x000002386b089750, 0x000002386b088a30, 0x000002386b087680,
0x000002386b08eca0, 0x000002386b087d10, 0x000002386b08ab00, 0x000002386b0890c0,
0x000002386b0883a0, 0x0000023868391d70, 0x000002386b08df80
}

Java Threads: ( => current thread )
  0x0000023820539c80 JavaThread "Reference Handler"          daemon [_thread_blocked, id=12060, stack(0x000000548ef00000,0x000000548f000000) (1024K)]
  0x000002382053a9a0 JavaThread "Finalizer"                  daemon [_thread_blocked, id=15200, stack(0x000000548f000000,0x000000548f100000) (1024K)]
  0x000002382053bc00 JavaThread "Signal Dispatcher"          daemon [_thread_blocked, id=15416, stack(0x000000548f100000,0x000000548f200000) (1024K)]
  0x0000023820540960 JavaThread "Attach Listener"            daemon [_thread_blocked, id=12356, stack(0x000000548f200000,0x000000548f300000) (1024K)]
  0x000002382053e750 JavaThread "Service Thread"             daemon [_thread_blocked, id=9808, stack(0x000000548f300000,0x000000548f400000) (1024K)]
  0x000002382053f1b0 JavaThread "Monitor Deflation Thread"   daemon [_thread_blocked, id=19616, stack(0x000000548f400000,0x000000548f500000) (1024K)]
=>0x0000023820552c20 JavaThread "C2 CompilerThread0"         daemon [_thread_in_native, id=19892, stack(0x000000548f500000,0x000000548f600000) (1024K)]
  0x0000023820554ae0 JavaThread "C1 CompilerThread0"         daemon [_thread_blocked, id=15444, stack(0x000000548f600000,0x000000548f700000) (1024K)]
  0x000002382078d350 JavaThread "Common-Cleaner"             daemon [_thread_blocked, id=24972, stack(0x000000548f700000,0x000000548f800000) (1024K)]
  0x0000023820a7e020 JavaThread "Monitor Ctrl-Break"         daemon [_thread_in_native, id=14640, stack(0x000000548f800000,0x000000548f900000) (1024K)]
  0x0000023866344800 JavaThread "Notification Thread"        daemon [_thread_blocked, id=19072, stack(0x000000548f900000,0x000000548fa00000) (1024K)]
  0x00000238683937b0 JavaThread "Catalina-utility-1"                [_thread_blocked, id=18088, stack(0x0000005490600000,0x0000005490700000) (1024K)]
  0x00000238683909c0 JavaThread "Catalina-utility-2"                [_thread_blocked, id=21124, stack(0x0000005490800000,0x0000005490900000) (1024K)]
  0x0000023868391050 JavaThread "container-0"                       [_thread_blocked, id=21340, stack(0x0000005490b00000,0x0000005490c00000) (1024K)]
  0x000002386b40d400 JavaThread "Cleaner-0"                  daemon [_thread_blocked, id=20832, stack(0x0000005490700000,0x0000005490800000) (1024K)]
  0x000002386b4115a0 JavaThread "HikariPool-1:housekeeper"   daemon [_thread_blocked, id=1908, stack(0x0000005490c00000,0x0000005490d00000) (1024K)]
  0x000002386b410880 JavaThread "File Watcher"               daemon [_thread_blocked, id=18376, stack(0x0000005490d00000,0x0000005490e00000) (1024K)]
  0x000002386b410f10 JavaThread "MessageBroker-1"                   [_thread_blocked, id=12216, stack(0x0000005490e00000,0x0000005490f00000) (1024K)]
  0x000002386b40da90 JavaThread "spectator-gauge-polling-0"  daemon [_thread_blocked, id=6364, stack(0x0000005491100000,0x0000005491200000) (1024K)]
  0x000002386b40a610 JavaThread "AsyncResolver-bootstrap-%d" daemon [_thread_blocked, id=24524, stack(0x0000005491200000,0x0000005491300000) (1024K)]
  0x000002386b40e7b0 JavaThread "DiscoveryClient-%d"         daemon [_thread_blocked, id=17320, stack(0x0000005491300000,0x0000005491400000) (1024K)]
  0x000002386b40cd70 JavaThread "DiscoveryClient-%d"         daemon [_thread_blocked, id=13300, stack(0x0000005491400000,0x0000005491500000) (1024K)]
  0x000002386b411c30 JavaThread "DiscoveryClient-InstanceInfoReplicator-%d" daemon [_thread_blocked, id=25152, stack(0x0000005491500000,0x0000005491600000) (1024K)]
  0x000002386b40aca0 JavaThread "http-nio-8083-exec-1"       daemon [_thread_blocked, id=23572, stack(0x0000005491600000,0x0000005491700000) (1024K)]
  0x000002386b40b330 JavaThread "http-nio-8083-exec-2"       daemon [_thread_blocked, id=17492, stack(0x0000005491700000,0x0000005491800000) (1024K)]
  0x000002386b40b9c0 JavaThread "http-nio-8083-exec-3"       daemon [_thread_blocked, id=25100, stack(0x0000005491800000,0x0000005491900000) (1024K)]
  0x000002386b40c6e0 JavaThread "http-nio-8083-exec-4"       daemon [_thread_blocked, id=16336, stack(0x0000005491900000,0x0000005491a00000) (1024K)]
  0x000002386b08beb0 JavaThread "http-nio-8083-exec-5"       daemon [_thread_blocked, id=13296, stack(0x0000005491a00000,0x0000005491b00000) (1024K)]
  0x000002386b089de0 JavaThread "http-nio-8083-exec-6"       daemon [_thread_blocked, id=15744, stack(0x0000005491b00000,0x0000005491c00000) (1024K)]
  0x000002386b08a470 JavaThread "http-nio-8083-exec-7"       daemon [_thread_blocked, id=10272, stack(0x0000005491c00000,0x0000005491d00000) (1024K)]
  0x000002386b08b820 JavaThread "http-nio-8083-exec-8"       daemon [_thread_blocked, id=25680, stack(0x0000005491d00000,0x0000005491e00000) (1024K)]
  0x000002386b08c540 JavaThread "http-nio-8083-exec-9"       daemon [_thread_blocked, id=11804, stack(0x0000005491e00000,0x0000005491f00000) (1024K)]
  0x000002386b08e610 JavaThread "http-nio-8083-exec-10"      daemon [_thread_blocked, id=9356, stack(0x0000005491f00000,0x0000005492000000) (1024K)]
  0x000002386b089750 JavaThread "http-nio-8083-Poller"       daemon [_thread_in_native, id=16256, stack(0x0000005492000000,0x0000005492100000) (1024K)]
  0x000002386b088a30 JavaThread "http-nio-8083-Acceptor"     daemon [_thread_in_native, id=10292, stack(0x0000005492100000,0x0000005492200000) (1024K)]
  0x000002386b087680 JavaThread "registrationTask1"                 [_thread_blocked, id=3584, stack(0x0000005492200000,0x0000005492300000) (1024K)]
  0x000002386b08eca0 JavaThread "DestroyJavaVM"                     [_thread_blocked, id=17712, stack(0x000000548e700000,0x000000548e800000) (1024K)]
  0x000002386b087d10 JavaThread "DiscoveryClient-CacheRefreshExecutor-%d" daemon [_thread_blocked, id=18660, stack(0x0000005492300000,0x0000005492400000) (1024K)]
  0x000002386b08ab00 JavaThread "DiscoveryClient-HeartbeatExecutor-%d" daemon [_thread_blocked, id=5616, stack(0x0000005492400000,0x0000005492500000) (1024K)]
  0x000002386b0890c0 JavaThread "MessageBroker-2"                   [_thread_blocked, id=1196, stack(0x000000548e400000,0x000000548e500000) (1024K)]
  0x000002386b0883a0 JavaThread "AsyncResolver-bootstrap-executor-%d" daemon [_thread_blocked, id=9708, stack(0x0000005490400000,0x0000005490500000) (1024K)]
  0x0000023868391d70 JavaThread "HikariPool-1:connection-closer" daemon [_thread_blocked, id=24436, stack(0x000000548e500000,0x000000548e600000) (1024K)]
  0x000002386b08df80 JavaThread "HikariPool-1:connection-adder" daemon [_thread_blocked, id=8700, stack(0x000000548e600000,0x000000548e700000) (1024K)]
Total: 43

Other Threads:
  0x000002382051cb40 VMThread "VM Thread"                           [id=2340, stack(0x000000548ee00000,0x000000548ef00000) (1024K)]
  0x0000023820506450 WatcherThread "VM Periodic Task Thread"        [id=25672, stack(0x000000548ed00000,0x000000548ee00000) (1024K)]
  0x00000238039e0ee0 WorkerThread "GC Thread#0"                     [id=17604, stack(0x000000548e800000,0x000000548e900000) (1024K)]
  0x0000023866f92be0 WorkerThread "GC Thread#1"                     [id=16000, stack(0x000000548fb00000,0x000000548fc00000) (1024K)]
  0x0000023866e75700 WorkerThread "GC Thread#2"                     [id=14476, stack(0x000000548fc00000,0x000000548fd00000) (1024K)]
  0x0000023866652a00 WorkerThread "GC Thread#3"                     [id=18916, stack(0x000000548fd00000,0x000000548fe00000) (1024K)]
  0x0000023866e93c70 WorkerThread "GC Thread#4"                     [id=20704, stack(0x000000548fe00000,0x000000548ff00000) (1024K)]
  0x0000023866843070 WorkerThread "GC Thread#5"                     [id=19928, stack(0x000000548ff00000,0x0000005490000000) (1024K)]
  0x00000238672278c0 WorkerThread "GC Thread#6"                     [id=13304, stack(0x0000005490000000,0x0000005490100000) (1024K)]
  0x0000023866eeb310 WorkerThread "GC Thread#7"                     [id=2372, stack(0x0000005490100000,0x0000005490200000) (1024K)]
  0x0000023866f671b0 WorkerThread "GC Thread#8"                     [id=26424, stack(0x0000005490200000,0x0000005490300000) (1024K)]
  0x0000023866f67560 WorkerThread "GC Thread#9"                     [id=23260, stack(0x0000005490300000,0x0000005490400000) (1024K)]
  0x00000238039f1780 ConcurrentGCThread "G1 Main Marker"            [id=18632, stack(0x000000548e900000,0x000000548ea00000) (1024K)]
  0x00000238039f2290 WorkerThread "G1 Conc#0"                       [id=19732, stack(0x000000548ea00000,0x000000548eb00000) (1024K)]
  0x00000238684c6b00 WorkerThread "G1 Conc#1"                       [id=1520, stack(0x0000005490900000,0x0000005490a00000) (1024K)]
  0x00000238684c5ff0 WorkerThread "G1 Conc#2"                       [id=6992, stack(0x0000005490a00000,0x0000005490b00000) (1024K)]
  0x00000238203d9c70 ConcurrentGCThread "G1 Refine#0"               [id=328, stack(0x000000548eb00000,0x000000548ec00000) (1024K)]
  0x00000238203da4a0 ConcurrentGCThread "G1 Service"                [id=3880, stack(0x000000548ec00000,0x000000548ed00000) (1024K)]
Total: 18

Threads with active compile tasks:
C2 CompilerThread0  1573696 14991   !   4       org.springframework.orm.jpa.ExtendedEntityManagerCreator$ExtendedEntityManagerInvocationHandler::invoke (492 bytes)
Total: 1

VM state: not at safepoint (normal execution)

VM Mutex/Monitor currently owned by a thread: None

Heap address: 0x0000000084800000, size: 1976 MB, Compressed Oops mode: 32-bit

CDS archive(s) mapped at: [0x0000023821000000-0x0000023821c60000-0x0000023821c60000), size 12976128, SharedBaseAddress: 0x0000023821000000, ArchiveRelocationMode: 1.
Compressed class space mapped at: 0x0000023822000000-0x0000023862000000, reserved size: 1073741824
Narrow klass base: 0x0000023821000000, Narrow klass shift: 0, Narrow klass range: 0x41000000

GC Precious Log:
 CardTable entry size: 512
 Card Set container configuration: InlinePtr #cards 5 size 8 Array Of Cards #cards 12 size 40 Howl #buckets 4 coarsen threshold 1843 Howl Bitmap #cards 512 size 80 coarsen threshold 460 Card regions per heap region 1 cards per card region 2048
 CPUs: 12 total, 12 available
 Memory: 7896M
 Large Page Support: Disabled
 NUMA Support: Disabled
 Compressed Oops: Enabled (32-bit)
 Heap Region Size: 1M
 Heap Min Capacity: 8M
 Heap Initial Capacity: 124M
 Heap Max Capacity: 1976M
 Pre-touch: Disabled
 Parallel Workers: 10
 Concurrent Workers: 3
 Concurrent Refinement Workers: 10
 Periodic GC: Disabled

Heap:
 garbage-first heap   total reserved 2023424K, committed 106496K, used 97405K [0x0000000084800000, 0x0000000100000000)
  region size 1024K, 35 young (35840K), 1 survivors (1024K)
 Metaspace       used 109652K, committed 110784K, reserved 1179648K
  class space    used 15304K, committed 15808K, reserved 1048576K

Heap Regions: E=young(eden), S=young(survivor), O=old, HS=humongous(starts), HC=humongous(continues), CS=collection set, F=free, TAMS=top-at-mark-start, PB=parsable bottom
|   0|0x0000000084800000, 0x0000000084900000, 0x0000000084900000|100%|HS|  |TAMS 0x0000000084800000| PB 0x0000000084800000| Complete |  0
|   1|0x0000000084900000, 0x0000000084a00000, 0x0000000084a00000|100%|HS|  |TAMS 0x0000000084900000| PB 0x0000000084900000| Complete |  0
|   2|0x0000000084a00000, 0x0000000084b00000, 0x0000000084b00000|100%| O|  |TAMS 0x0000000084a00000| PB 0x0000000084a00000| Untracked |  0
|   3|0x0000000084b00000, 0x0000000084c00000, 0x0000000084c00000|100%| O|  |TAMS 0x0000000084b00000| PB 0x0000000084b00000| Untracked |  0
|   4|0x0000000084c00000, 0x0000000084d00000, 0x0000000084d00000|100%| O|  |TAMS 0x0000000084c00000| PB 0x0000000084c00000| Untracked |  0
|   5|0x0000000084d00000, 0x0000000084e00000, 0x0000000084e00000|100%| O|  |TAMS 0x0000000084d00000| PB 0x0000000084d00000| Untracked |  0
|   6|0x0000000084e00000, 0x0000000084f00000, 0x0000000084f00000|100%| O|  |TAMS 0x0000000084e00000| PB 0x0000000084e00000| Untracked |  0
|   7|0x0000000084f00000, 0x0000000085000000, 0x0000000085000000|100%| O|  |TAMS 0x0000000084f00000| PB 0x0000000084f00000| Untracked |  0
|   8|0x0000000085000000, 0x0000000085100000, 0x0000000085100000|100%| O|  |TAMS 0x0000000085000000| PB 0x0000000085000000| Untracked |  0
|   9|0x0000000085100000, 0x0000000085200000, 0x0000000085200000|100%| O|  |TAMS 0x0000000085100000| PB 0x0000000085100000| Untracked |  0
|  10|0x0000000085200000, 0x0000000085300000, 0x0000000085300000|100%| O|  |TAMS 0x0000000085200000| PB 0x0000000085200000| Untracked |  0
|  11|0x0000000085300000, 0x0000000085400000, 0x0000000085400000|100%| O|  |TAMS 0x0000000085300000| PB 0x0000000085300000| Untracked |  0
|  12|0x0000000085400000, 0x0000000085500000, 0x0000000085500000|100%| O|  |TAMS 0x0000000085400000| PB 0x0000000085400000| Untracked |  0
|  13|0x0000000085500000, 0x0000000085600000, 0x0000000085600000|100%| O|  |TAMS 0x0000000085500000| PB 0x0000000085500000| Untracked |  0
|  14|0x0000000085600000, 0x0000000085700000, 0x0000000085700000|100%| O|  |TAMS 0x0000000085600000| PB 0x0000000085600000| Untracked |  0
|  15|0x0000000085700000, 0x0000000085800000, 0x0000000085800000|100%| O|  |TAMS 0x0000000085700000| PB 0x0000000085700000| Untracked |  0
|  16|0x0000000085800000, 0x0000000085900000, 0x0000000085900000|100%| O|  |TAMS 0x0000000085800000| PB 0x0000000085800000| Untracked |  0
|  17|0x0000000085900000, 0x0000000085a00000, 0x0000000085a00000|100%| O|  |TAMS 0x0000000085900000| PB 0x0000000085900000| Untracked |  0
|  18|0x0000000085a00000, 0x0000000085b00000, 0x0000000085b00000|100%| O|  |TAMS 0x0000000085a00000| PB 0x0000000085a00000| Untracked |  0
|  19|0x0000000085b00000, 0x0000000085c00000, 0x0000000085c00000|100%| O|  |TAMS 0x0000000085b00000| PB 0x0000000085b00000| Untracked |  0
|  20|0x0000000085c00000, 0x0000000085d00000, 0x0000000085d00000|100%| O|  |TAMS 0x0000000085c00000| PB 0x0000000085c00000| Untracked |  0
|  21|0x0000000085d00000, 0x0000000085e00000, 0x0000000085e00000|100%| O|  |TAMS 0x0000000085d00000| PB 0x0000000085d00000| Untracked |  0
|  22|0x0000000085e00000, 0x0000000085f00000, 0x0000000085f00000|100%| O|  |TAMS 0x0000000085e00000| PB 0x0000000085e00000| Untracked |  0
|  23|0x0000000085f00000, 0x0000000086000000, 0x0000000086000000|100%| O|  |TAMS 0x0000000085f00000| PB 0x0000000085f00000| Untracked |  0
|  24|0x0000000086000000, 0x0000000086100000, 0x0000000086100000|100%| O|  |TAMS 0x0000000086000000| PB 0x0000000086000000| Untracked |  0
|  25|0x0000000086100000, 0x0000000086200000, 0x0000000086200000|100%| O|  |TAMS 0x0000000086100000| PB 0x0000000086100000| Untracked |  0
|  26|0x0000000086200000, 0x0000000086300000, 0x0000000086300000|100%| O|  |TAMS 0x0000000086200000| PB 0x0000000086200000| Untracked |  0
|  27|0x0000000086300000, 0x0000000086400000, 0x0000000086400000|100%| O|  |TAMS 0x0000000086300000| PB 0x0000000086300000| Untracked |  0
|  28|0x0000000086400000, 0x0000000086500000, 0x0000000086500000|100%| O|  |TAMS 0x0000000086400000| PB 0x0000000086400000| Untracked |  0
|  29|0x0000000086500000, 0x0000000086600000, 0x0000000086600000|100%| O|  |TAMS 0x0000000086500000| PB 0x0000000086500000| Untracked |  0
|  30|0x0000000086600000, 0x0000000086700000, 0x0000000086700000|100%| O|  |TAMS 0x0000000086600000| PB 0x0000000086600000| Untracked |  0
|  31|0x0000000086700000, 0x0000000086800000, 0x0000000086800000|100%| O|  |TAMS 0x0000000086700000| PB 0x0000000086700000| Untracked |  0
|  32|0x0000000086800000, 0x0000000086900000, 0x0000000086900000|100%| O|  |TAMS 0x0000000086800000| PB 0x0000000086800000| Untracked |  0
|  33|0x0000000086900000, 0x0000000086a00000, 0x0000000086a00000|100%| O|  |TAMS 0x0000000086900000| PB 0x0000000086900000| Untracked |  0
|  34|0x0000000086a00000, 0x0000000086b00000, 0x0000000086b00000|100%| O|  |TAMS 0x0000000086a00000| PB 0x0000000086a00000| Untracked |  0
|  35|0x0000000086b00000, 0x0000000086c00000, 0x0000000086c00000|100%| O|  |TAMS 0x0000000086b00000| PB 0x0000000086b00000| Untracked |  0
|  36|0x0000000086c00000, 0x0000000086d00000, 0x0000000086d00000|100%| O|  |TAMS 0x0000000086c00000| PB 0x0000000086c00000| Untracked |  0
|  37|0x0000000086d00000, 0x0000000086e00000, 0x0000000086e00000|100%| O|  |TAMS 0x0000000086d00000| PB 0x0000000086d00000| Untracked |  0
|  38|0x0000000086e00000, 0x0000000086f00000, 0x0000000086f00000|100%| O|  |TAMS 0x0000000086e00000| PB 0x0000000086e00000| Untracked |  0
|  39|0x0000000086f00000, 0x0000000087000000, 0x0000000087000000|100%| O|  |TAMS 0x0000000086f00000| PB 0x0000000086f00000| Untracked |  0
|  40|0x0000000087000000, 0x0000000087100000, 0x0000000087100000|100%| O|  |TAMS 0x0000000087000000| PB 0x0000000087000000| Untracked |  0
|  41|0x0000000087100000, 0x0000000087200000, 0x0000000087200000|100%| O|  |TAMS 0x0000000087100000| PB 0x0000000087100000| Untracked |  0
|  42|0x0000000087200000, 0x0000000087300000, 0x0000000087300000|100%| O|  |TAMS 0x0000000087200000| PB 0x0000000087200000| Untracked |  0
|  43|0x0000000087300000, 0x0000000087400000, 0x0000000087400000|100%| O|  |TAMS 0x0000000087300000| PB 0x0000000087300000| Untracked |  0
|  44|0x0000000087400000, 0x0000000087500000, 0x0000000087500000|100%| O|  |TAMS 0x0000000087400000| PB 0x0000000087400000| Untracked |  0
|  45|0x0000000087500000, 0x0000000087600000, 0x0000000087600000|100%| O|  |TAMS 0x0000000087500000| PB 0x0000000087500000| Untracked |  0
|  46|0x0000000087600000, 0x0000000087700000, 0x0000000087700000|100%| O|  |TAMS 0x0000000087600000| PB 0x0000000087600000| Untracked |  0
|  47|0x0000000087700000, 0x0000000087800000, 0x0000000087800000|100%| O|  |TAMS 0x0000000087700000| PB 0x0000000087700000| Untracked |  0
|  48|0x0000000087800000, 0x0000000087900000, 0x0000000087900000|100%| O|  |TAMS 0x0000000087800000| PB 0x0000000087800000| Untracked |  0
|  49|0x0000000087900000, 0x0000000087a00000, 0x0000000087a00000|100%| O|  |TAMS 0x0000000087900000| PB 0x0000000087900000| Untracked |  0
|  50|0x0000000087a00000, 0x0000000087b00000, 0x0000000087b00000|100%| O|  |TAMS 0x0000000087a00000| PB 0x0000000087a00000| Untracked |  0
|  51|0x0000000087b00000, 0x0000000087c00000, 0x0000000087c00000|100%| O|  |TAMS 0x0000000087b00000| PB 0x0000000087b00000| Untracked |  0
|  52|0x0000000087c00000, 0x0000000087d00000, 0x0000000087d00000|100%| O|  |TAMS 0x0000000087c00000| PB 0x0000000087c00000| Untracked |  0
|  53|0x0000000087d00000, 0x0000000087e00000, 0x0000000087e00000|100%| O|  |TAMS 0x0000000087d00000| PB 0x0000000087d00000| Untracked |  0
|  54|0x0000000087e00000, 0x0000000087f00000, 0x0000000087f00000|100%| O|Cm|TAMS 0x0000000087e00000| PB 0x0000000087e00000| Complete |  0
|  55|0x0000000087f00000, 0x0000000088000000, 0x0000000088000000|100%| O|  |TAMS 0x0000000087f00000| PB 0x0000000087f00000| Untracked |  0
|  56|0x0000000088000000, 0x0000000088100000, 0x0000000088100000|100%| O|  |TAMS 0x0000000088000000| PB 0x0000000088000000| Untracked |  0
|  57|0x0000000088100000, 0x0000000088200000, 0x0000000088200000|100%| O|  |TAMS 0x0000000088100000| PB 0x0000000088100000| Untracked |  0
|  58|0x0000000088200000, 0x00000000882b95f0, 0x0000000088300000| 72%| O|  |TAMS 0x0000000088200000| PB 0x0000000088200000| Untracked |  0
|  59|0x0000000088300000, 0x0000000088400000, 0x0000000088400000|100%| O|  |TAMS 0x0000000088300000| PB 0x0000000088300000| Untracked |  0
|  60|0x0000000088400000, 0x0000000088500000, 0x0000000088500000|100%| O|  |TAMS 0x0000000088400000| PB 0x0000000088400000| Untracked |  0
|  61|0x0000000088500000, 0x0000000088600000, 0x0000000088600000|100%| O|Cm|TAMS 0x0000000088500000| PB 0x0000000088500000| Complete |  0
|  62|0x0000000088600000, 0x0000000088600000, 0x0000000088700000|  0%| F|  |TAMS 0x0000000088600000| PB 0x0000000088600000| Untracked |  0
|  63|0x0000000088700000, 0x0000000088700000, 0x0000000088800000|  0%| F|  |TAMS 0x0000000088700000| PB 0x0000000088700000| Untracked |  0
|  64|0x0000000088800000, 0x0000000088800000, 0x0000000088900000|  0%| F|  |TAMS 0x0000000088800000| PB 0x0000000088800000| Untracked |  0
|  65|0x0000000088900000, 0x0000000088900000, 0x0000000088a00000|  0%| F|  |TAMS 0x0000000088900000| PB 0x0000000088900000| Untracked |  0
|  66|0x0000000088a00000, 0x0000000088a00000, 0x0000000088b00000|  0%| F|  |TAMS 0x0000000088a00000| PB 0x0000000088a00000| Untracked |  0
|  67|0x0000000088b00000, 0x0000000088b00000, 0x0000000088c00000|  0%| F|  |TAMS 0x0000000088b00000| PB 0x0000000088b00000| Untracked |  0
|  68|0x0000000088c00000, 0x0000000088c00000, 0x0000000088d00000|  0%| F|  |TAMS 0x0000000088c00000| PB 0x0000000088c00000| Untracked |  0
|  69|0x0000000088d00000, 0x0000000088d5e7d0, 0x0000000088e00000| 36%| E|  |TAMS 0x0000000088d00000| PB 0x0000000088d00000| Complete |  0
|  70|0x0000000088e00000, 0x0000000088f00000, 0x0000000088f00000|100%| E|CS|TAMS 0x0000000088e00000| PB 0x0000000088e00000| Complete |  0
|  71|0x0000000088f00000, 0x0000000089000000, 0x0000000089000000|100%| E|CS|TAMS 0x0000000088f00000| PB 0x0000000088f00000| Complete |  0
|  72|0x0000000089000000, 0x0000000089100000, 0x0000000089100000|100%| E|CS|TAMS 0x0000000089000000| PB 0x0000000089000000| Complete |  0
|  73|0x0000000089100000, 0x0000000089200000, 0x0000000089200000|100%| E|CS|TAMS 0x0000000089100000| PB 0x0000000089100000| Complete |  0
|  74|0x0000000089200000, 0x0000000089300000, 0x0000000089300000|100%| E|CS|TAMS 0x0000000089200000| PB 0x0000000089200000| Complete |  0
|  75|0x0000000089300000, 0x0000000089400000, 0x0000000089400000|100%| E|CS|TAMS 0x0000000089300000| PB 0x0000000089300000| Complete |  0
|  76|0x0000000089400000, 0x0000000089500000, 0x0000000089500000|100%| E|CS|TAMS 0x0000000089400000| PB 0x0000000089400000| Complete |  0
|  77|0x0000000089500000, 0x0000000089600000, 0x0000000089600000|100%| E|CS|TAMS 0x0000000089500000| PB 0x0000000089500000| Complete |  0
|  78|0x0000000089600000, 0x0000000089700000, 0x0000000089700000|100%| E|CS|TAMS 0x0000000089600000| PB 0x0000000089600000| Complete |  0
|  79|0x0000000089700000, 0x0000000089800000, 0x0000000089800000|100%| E|CS|TAMS 0x0000000089700000| PB 0x0000000089700000| Complete |  0
|  80|0x0000000089800000, 0x0000000089900000, 0x0000000089900000|100%| E|CS|TAMS 0x0000000089800000| PB 0x0000000089800000| Complete |  0
|  81|0x0000000089900000, 0x0000000089a00000, 0x0000000089a00000|100%| E|CS|TAMS 0x0000000089900000| PB 0x0000000089900000| Complete |  0
|  82|0x0000000089a00000, 0x0000000089b00000, 0x0000000089b00000|100%| E|CS|TAMS 0x0000000089a00000| PB 0x0000000089a00000| Complete |  0
|  83|0x0000000089b00000, 0x0000000089c00000, 0x0000000089c00000|100%| E|CS|TAMS 0x0000000089b00000| PB 0x0000000089b00000| Complete |  0
|  84|0x0000000089c00000, 0x0000000089d00000, 0x0000000089d00000|100%| E|CS|TAMS 0x0000000089c00000| PB 0x0000000089c00000| Complete |  0
|  85|0x0000000089d00000, 0x0000000089e00000, 0x0000000089e00000|100%| E|CS|TAMS 0x0000000089d00000| PB 0x0000000089d00000| Complete |  0
|  86|0x0000000089e00000, 0x0000000089f00000, 0x0000000089f00000|100%| E|CS|TAMS 0x0000000089e00000| PB 0x0000000089e00000| Complete |  0
|  87|0x0000000089f00000, 0x000000008a000000, 0x000000008a000000|100%| E|CS|TAMS 0x0000000089f00000| PB 0x0000000089f00000| Complete |  0
|  88|0x000000008a000000, 0x000000008a100000, 0x000000008a100000|100%| E|CS|TAMS 0x000000008a000000| PB 0x000000008a000000| Complete |  0
|  89|0x000000008a100000, 0x000000008a200000, 0x000000008a200000|100%| E|CS|TAMS 0x000000008a100000| PB 0x000000008a100000| Complete |  0
|  90|0x000000008a200000, 0x000000008a300000, 0x000000008a300000|100%| E|CS|TAMS 0x000000008a200000| PB 0x000000008a200000| Complete |  0
|  91|0x000000008a300000, 0x000000008a400000, 0x000000008a400000|100%| E|CS|TAMS 0x000000008a300000| PB 0x000000008a300000| Complete |  0
|  92|0x000000008a400000, 0x000000008a500000, 0x000000008a500000|100%| E|CS|TAMS 0x000000008a400000| PB 0x000000008a400000| Complete |  0
|  93|0x000000008a500000, 0x000000008a600000, 0x000000008a600000|100%| E|CS|TAMS 0x000000008a500000| PB 0x000000008a500000| Complete |  0
|  94|0x000000008a600000, 0x000000008a700000, 0x000000008a700000|100%| E|CS|TAMS 0x000000008a600000| PB 0x000000008a600000| Complete |  0
|  95|0x000000008a700000, 0x000000008a800000, 0x000000008a800000|100%| E|CS|TAMS 0x000000008a700000| PB 0x000000008a700000| Complete |  1
|  96|0x000000008a800000, 0x000000008a900000, 0x000000008a900000|100%| E|CS|TAMS 0x000000008a800000| PB 0x000000008a800000| Complete |  0
| 100|0x000000008ac00000, 0x000000008ad00000, 0x000000008ad00000|100%| E|CS|TAMS 0x000000008ac00000| PB 0x000000008ac00000| Complete |  0
| 101|0x000000008ad00000, 0x000000008ae00000, 0x000000008ae00000|100%| E|CS|TAMS 0x000000008ad00000| PB 0x000000008ad00000| Complete |  0
| 102|0x000000008ae00000, 0x000000008af00000, 0x000000008af00000|100%| E|CS|TAMS 0x000000008ae00000| PB 0x000000008ae00000| Complete |  0
| 103|0x000000008af00000, 0x000000008af65e50, 0x000000008b000000| 39%| S|CS|TAMS 0x000000008af00000| PB 0x000000008af00000| Complete |  0
| 104|0x000000008b000000, 0x000000008b100000, 0x000000008b100000|100%| E|CS|TAMS 0x000000008b000000| PB 0x000000008b000000| Complete |  0
| 123|0x000000008c300000, 0x000000008c400000, 0x000000008c400000|100%| E|CS|TAMS 0x000000008c300000| PB 0x000000008c300000| Complete |  0
|1975|0x00000000fff00000, 0x0000000100000000, 0x0000000100000000|100%| E|CS|TAMS 0x00000000fff00000| PB 0x00000000fff00000| Complete |  0

Card table byte_map: [0x000002381b600000,0x000002381b9e0000] _byte_map_base: 0x000002381b1dc000

Marking Bits: (CMBitMap*) 0x00000238039e15f0
 Bits: [0x000002381b9e0000, 0x000002381d8c0000)

Polling page: 0x0000023801920000

Metaspace:

Usage:
  Non-class:     92.14 MB used.
      Class:     14.95 MB used.
       Both:    107.08 MB used.

Virtual space:
  Non-class space:      128.00 MB reserved,      92.75 MB ( 72%) committed,  2 nodes.
      Class space:        1.00 GB reserved,      15.44 MB (  2%) committed,  1 nodes.
             Both:        1.12 GB reserved,     108.19 MB (  9%) committed. 

Chunk freelists:
   Non-Class:  3.25 MB
       Class:  610.00 KB
        Both:  3.85 MB

MaxMetaspaceSize: unlimited
CompressedClassSpaceSize: 1.00 GB
Initial GC threshold: 21.00 MB
Current GC threshold: 180.31 MB
CDS: on
 - commit_granule_bytes: 65536.
 - commit_granule_words: 8192.
 - virtual_space_node_default_size: 8388608.
 - enlarge_chunks_in_place: 1.
 - use_allocation_guard: 0.


Internal statistics:

num_allocs_failed_limit: 11.
num_arena_births: 1810.
num_arena_deaths: 0.
num_vsnodes_births: 3.
num_vsnodes_deaths: 0.
num_space_committed: 1731.
num_space_uncommitted: 0.
num_chunks_returned_to_freelist: 11.
num_chunks_taken_from_freelist: 5908.
num_chunk_merges: 9.
num_chunk_splits: 4181.
num_chunks_enlarged: 3190.
num_inconsistent_stats: 0.

CodeHeap 'non-profiled nmethods': size=120000Kb used=7504Kb max_used=8241Kb free=112496Kb
 bounds [0x0000023813790000, 0x0000023813fa0000, 0x000002381acc0000]
CodeHeap 'profiled nmethods': size=120000Kb used=21611Kb max_used=26439Kb free=98388Kb
 bounds [0x000002380bcc0000, 0x000002380d6a0000, 0x00000238131f0000]
CodeHeap 'non-nmethods': size=5760Kb used=1819Kb max_used=1866Kb free=3940Kb
 bounds [0x00000238131f0000, 0x0000023813460000, 0x0000023813790000]
 total_blobs=11307 nmethods=10485 adapters=723
 compilation: enabled
              stopped_count=0, restarted_count=0
 full_count=0

Compilation events (20 events):
Event: 1572.782 Thread 0x0000023820554ae0 nmethod 14981 0x000002380ca14710 code [0x000002380ca14bc0, 0x000002380ca17fb8]
Event: 1572.831 Thread 0x0000023820552c20 14982       4       org.apache.catalina.mapper.Mapper::compareIgnoreCase (132 bytes)
Event: 1572.837 Thread 0x0000023820552c20 nmethod 14982 0x000002381392bc90 code [0x000002381392be40, 0x000002381392c188]
Event: 1572.989 Thread 0x0000023820552c20 14983       4       java.util.concurrent.locks.ReentrantLock::newCondition (8 bytes)
Event: 1572.991 Thread 0x0000023820552c20 nmethod 14983 0x00000238138fcb10 code [0x00000238138fcca0, 0x00000238138fcda8]
Event: 1573.005 Thread 0x0000023820552c20 14984       4       org.apache.hc.core5.http.message.BasicListHeaderIterator::next (47 bytes)
Event: 1573.019 Thread 0x0000023820552c20 nmethod 14984 0x00000238138dc190 code [0x00000238138dc3a0, 0x00000238138dc9b0]
Event: 1573.019 Thread 0x0000023820552c20 14985       4       org.hibernate.type.descriptor.java.StringJavaType::coerce (6 bytes)
Event: 1573.020 Thread 0x0000023820552c20 nmethod 14985 0x0000023813959210 code [0x00000238139593a0, 0x0000023813959468]
Event: 1573.163 Thread 0x0000023820552c20 14986       4       org.jboss.logging.Logger::logf (12 bytes)
Event: 1573.175 Thread 0x0000023820552c20 nmethod 14986 0x000002381386b110 code [0x000002381386b340, 0x000002381386b970]
Event: 1573.195 Thread 0x0000023820552c20 14987       4       org.hibernate.metamodel.model.domain.internal.SingularAttributeImpl::getExpressible (10 bytes)
Event: 1573.197 Thread 0x0000023820552c20 nmethod 14987 0x00000238139d9c10 code [0x00000238139d9da0, 0x00000238139d9e70]
Event: 1573.222 Thread 0x0000023820552c20 14988       4       java.util.TreeMap$ValueIterator::next (8 bytes)
Event: 1573.229 Thread 0x0000023820552c20 nmethod 14988 0x00000238138e7910 code [0x00000238138e7aa0, 0x00000238138e7df0]
Event: 1573.267 Thread 0x0000023820552c20 14989   !   4       org.postgresql.core.QueryExecutorBase::getWarnings (50 bytes)
Event: 1573.280 Thread 0x0000023820552c20 nmethod 14989 0x00000238138d8f10 code [0x00000238138d90e0, 0x00000238138d95b8]
Event: 1573.419 Thread 0x0000023820552c20 14990       4       org.springframework.boot.data.metrics.DefaultRepositoryTagsProvider::and (11 bytes)
Event: 1573.429 Thread 0x0000023820552c20 nmethod 14990 0x0000023813939610 code [0x00000238139397e0, 0x0000023813939d48]
Event: 1573.466 Thread 0x0000023820552c20 14991   !   4       org.springframework.orm.jpa.ExtendedEntityManagerCreator$ExtendedEntityManagerInvocationHandler::invoke (492 bytes)

GC Heap History (20 events):
Event: 22.803 GC heap before
{Heap before GC invocations=21 (full 0):
 garbage-first heap   total reserved 2023424K, committed 96256K, used 85082K [0x0000000084800000, 0x0000000100000000)
  region size 1024K, 29 young (29696K), 4 survivors (4096K)
 Metaspace       used 100861K, committed 101888K, reserved 1179648K
  class space    used 14516K, committed 14976K, reserved 1048576K
}
Event: 22.809 GC heap after
{Heap after GC invocations=22 (full 0):
 garbage-first heap   total reserved 2023424K, committed 96256K, used 61580K [0x0000000084800000, 0x0000000100000000)
  region size 1024K, 3 young (3072K), 3 survivors (3072K)
 Metaspace       used 100861K, committed 101888K, reserved 1179648K
  class space    used 14516K, committed 14976K, reserved 1048576K
}
Event: 202.929 GC heap before
{Heap before GC invocations=23 (full 0):
 garbage-first heap   total reserved 2023424K, committed 104448K, used 85132K [0x0000000084800000, 0x0000000100000000)
  region size 1024K, 27 young (27648K), 3 survivors (3072K)
 Metaspace       used 103563K, committed 104704K, reserved 1179648K
  class space    used 14825K, committed 15296K, reserved 1048576K
}
Event: 203.410 GC heap after
{Heap after GC invocations=24 (full 0):
 garbage-first heap   total reserved 2023424K, committed 104448K, used 62506K [0x0000000084800000, 0x0000000100000000)
  region size 1024K, 4 young (4096K), 4 survivors (4096K)
 Metaspace       used 103563K, committed 104704K, reserved 1179648K
  class space    used 14825K, committed 15296K, reserved 1048576K
}
Event: 635.039 GC heap before
{Heap before GC invocations=24 (full 0):
 garbage-first heap   total reserved 2023424K, committed 104448K, used 92202K [0x0000000084800000, 0x0000000100000000)
  region size 1024K, 34 young (34816K), 4 survivors (4096K)
 Metaspace       used 104193K, committed 105280K, reserved 1179648K
  class space    used 14828K, committed 15296K, reserved 1048576K
}
Event: 635.947 GC heap after
{Heap after GC invocations=25 (full 0):
 garbage-first heap   total reserved 2023424K, committed 104448K, used 61348K [0x0000000084800000, 0x0000000100000000)
  region size 1024K, 2 young (2048K), 2 survivors (2048K)
 Metaspace       used 104193K, committed 105280K, reserved 1179648K
  class space    used 14828K, committed 15296K, reserved 1048576K
}
Event: 991.476 GC heap before
{Heap before GC invocations=25 (full 0):
 garbage-first heap   total reserved 2023424K, committed 104448K, used 90020K [0x0000000084800000, 0x0000000100000000)
  region size 1024K, 30 young (30720K), 2 survivors (2048K)
 Metaspace       used 104564K, committed 105664K, reserved 1179648K
  class space    used 14830K, committed 15296K, reserved 1048576K
}
Event: 991.908 GC heap after
{Heap after GC invocations=26 (full 0):
 garbage-first heap   total reserved 2023424K, committed 104448K, used 61188K [0x0000000084800000, 0x0000000100000000)
  region size 1024K, 2 young (2048K), 2 survivors (2048K)
 Metaspace       used 104564K, committed 105664K, reserved 1179648K
  class space    used 14830K, committed 15296K, reserved 1048576K
}
Event: 1025.419 GC heap before
{Heap before GC invocations=27 (full 0):
 garbage-first heap   total reserved 2023424K, committed 104448K, used 64260K [0x0000000084800000, 0x0000000100000000)
  region size 1024K, 5 young (5120K), 2 survivors (2048K)
 Metaspace       used 104619K, committed 105728K, reserved 1179648K
  class space    used 14830K, committed 15296K, reserved 1048576K
}
Event: 1025.463 GC heap after
{Heap after GC invocations=28 (full 0):
 garbage-first heap   total reserved 2023424K, committed 104448K, used 61250K [0x0000000084800000, 0x0000000100000000)
  region size 1024K, 1 young (1024K), 1 survivors (1024K)
 Metaspace       used 104619K, committed 105728K, reserved 1179648K
  class space    used 14830K, committed 15296K, reserved 1048576K
}
Event: 1317.080 GC heap before
{Heap before GC invocations=28 (full 0):
 garbage-first heap   total reserved 2023424K, committed 104448K, used 92994K [0x0000000084800000, 0x0000000100000000)
  region size 1024K, 32 young (32768K), 1 survivors (1024K)
 Metaspace       used 104911K, committed 105984K, reserved 1179648K
  class space    used 14832K, committed 15296K, reserved 1048576K
}
Event: 1317.155 GC heap after
{Heap after GC invocations=29 (full 0):
 garbage-first heap   total reserved 2023424K, committed 104448K, used 61164K [0x0000000084800000, 0x0000000100000000)
  region size 1024K, 1 young (1024K), 1 survivors (1024K)
 Metaspace       used 104911K, committed 105984K, reserved 1179648K
  class space    used 14832K, committed 15296K, reserved 1048576K
}
Event: 1514.816 GC heap before
{Heap before GC invocations=29 (full 0):
 garbage-first heap   total reserved 2023424K, committed 104448K, used 95980K [0x0000000084800000, 0x0000000100000000)
  region size 1024K, 35 young (35840K), 1 survivors (1024K)
 Metaspace       used 105576K, committed 106688K, reserved 1179648K
  class space    used 14932K, committed 15424K, reserved 1048576K
}
Event: 1514.912 GC heap after
{Heap after GC invocations=30 (full 0):
 garbage-first heap   total reserved 2023424K, committed 104448K, used 61825K [0x0000000084800000, 0x0000000100000000)
  region size 1024K, 2 young (2048K), 2 survivors (2048K)
 Metaspace       used 105576K, committed 106688K, reserved 1179648K
  class space    used 14932K, committed 15424K, reserved 1048576K
}
Event: 1535.000 GC heap before
{Heap before GC invocations=30 (full 0):
 garbage-first heap   total reserved 2023424K, committed 104448K, used 93569K [0x0000000084800000, 0x0000000100000000)
  region size 1024K, 34 young (34816K), 2 survivors (2048K)
 Metaspace       used 108732K, committed 109888K, reserved 1179648K
  class space    used 15231K, committed 15744K, reserved 1048576K
}
Event: 1535.044 GC heap after
{Heap after GC invocations=31 (full 0):
 garbage-first heap   total reserved 2023424K, committed 104448K, used 62158K [0x0000000084800000, 0x0000000100000000)
  region size 1024K, 2 young (2048K), 2 survivors (2048K)
 Metaspace       used 108732K, committed 109888K, reserved 1179648K
  class space    used 15231K, committed 15744K, reserved 1048576K
}
Event: 1557.848 GC heap before
{Heap before GC invocations=31 (full 0):
 garbage-first heap   total reserved 2023424K, committed 104448K, used 95950K [0x0000000084800000, 0x0000000100000000)
  region size 1024K, 35 young (35840K), 2 survivors (2048K)
 Metaspace       used 109619K, committed 110784K, reserved 1179648K
  class space    used 15303K, committed 15808K, reserved 1048576K
}
Event: 1558.016 GC heap after
{Heap after GC invocations=32 (full 0):
 garbage-first heap   total reserved 2023424K, committed 104448K, used 63276K [0x0000000084800000, 0x0000000100000000)
  region size 1024K, 3 young (3072K), 3 survivors (3072K)
 Metaspace       used 109619K, committed 110784K, reserved 1179648K
  class space    used 15303K, committed 15808K, reserved 1048576K
}
Event: 1559.752 GC heap before
{Heap before GC invocations=33 (full 0):
 garbage-first heap   total reserved 2023424K, committed 106496K, used 66348K [0x0000000084800000, 0x0000000100000000)
  region size 1024K, 6 young (6144K), 3 survivors (3072K)
 Metaspace       used 109626K, committed 110784K, reserved 1179648K
  class space    used 15304K, committed 15808K, reserved 1048576K
}
Event: 1559.797 GC heap after
{Heap after GC invocations=34 (full 0):
 garbage-first heap   total reserved 2023424K, committed 106496K, used 63613K [0x0000000084800000, 0x0000000100000000)
  region size 1024K, 1 young (1024K), 1 survivors (1024K)
 Metaspace       used 109626K, committed 110784K, reserved 1179648K
  class space    used 15304K, committed 15808K, reserved 1048576K
}

Dll operation events (15 events):
Event: 0.022 Loaded shared library C:\Program Files\Java\jdk-22\bin\java.dll
Event: 0.072 Loaded shared library C:\Program Files\Java\jdk-22\bin\jsvml.dll
Event: 0.215 Loaded shared library C:\Program Files\Java\jdk-22\bin\zip.dll
Event: 0.223 Loaded shared library C:\Program Files\Java\jdk-22\bin\instrument.dll
Event: 0.229 Loaded shared library C:\Program Files\Java\jdk-22\bin\net.dll
Event: 0.234 Loaded shared library C:\Program Files\Java\jdk-22\bin\nio.dll
Event: 0.241 Loaded shared library C:\Program Files\Java\jdk-22\bin\zip.dll
Event: 0.620 Loaded shared library C:\Program Files\JetBrains\IntelliJ IDEA Community Edition 2024.1.4\bin\breakgen64.dll
Event: 0.631 Loaded shared library C:\Program Files\Java\jdk-22\bin\extnet.dll
Event: 0.660 Loaded shared library C:\Program Files\Java\jdk-22\bin\jimage.dll
Event: 1.473 Loaded shared library C:\Program Files\Java\jdk-22\bin\management.dll
Event: 1.475 Loaded shared library C:\Program Files\Java\jdk-22\bin\management_ext.dll
Event: 3.027 Loaded shared library C:\Program Files\Java\jdk-22\bin\le.dll
Event: 3.621 Loaded shared library C:\Program Files\Java\jdk-22\bin\sunmscapi.dll
Event: 21.143 Loaded shared library C:\Program Files\Java\jdk-22\bin\verify.dll

Deoptimization events (20 events):
Event: 1569.447 Thread 0x000002386b08b820 Uncommon trap: trap_request=0xffffffde fr.pc=0x000002381389a834 relative=0x00000000000000f4
Event: 1569.447 Thread 0x000002386b08b820 Uncommon trap: reason=class_check action=maybe_recompile pc=0x000002381389a834 method=io.micrometer.core.instrument.internal.DefaultLongTaskTimer$SampleImpl.compareTo(Lio/micrometer/core/instrument/internal/DefaultLongTaskTimer$SampleImpl;)I @ 24 c2
Event: 1569.447 Thread 0x000002386b08b820 DEOPT PACKING pc=0x000002381389a834 sp=0x0000005491dfdb00
Event: 1569.447 Thread 0x000002386b08b820 DEOPT UNPACKING pc=0x00000238132446a2 sp=0x0000005491dfda20 mode 2
Event: 1571.288 Thread 0x000002386b08a470 Uncommon trap: trap_request=0xffffffde fr.pc=0x000002381389a834 relative=0x00000000000000f4
Event: 1571.288 Thread 0x000002386b08a470 Uncommon trap: reason=class_check action=maybe_recompile pc=0x000002381389a834 method=io.micrometer.core.instrument.internal.DefaultLongTaskTimer$SampleImpl.compareTo(Lio/micrometer/core/instrument/internal/DefaultLongTaskTimer$SampleImpl;)I @ 24 c2
Event: 1571.288 Thread 0x000002386b08a470 DEOPT PACKING pc=0x000002381389a834 sp=0x0000005491cfd3e0
Event: 1571.288 Thread 0x000002386b08a470 DEOPT UNPACKING pc=0x00000238132446a2 sp=0x0000005491cfd300 mode 2
Event: 1571.292 Thread 0x000002386b08e610 Uncommon trap: trap_request=0xffffffde fr.pc=0x000002381389a84c relative=0x000000000000010c
Event: 1571.292 Thread 0x000002386b08e610 Uncommon trap: reason=class_check action=maybe_recompile pc=0x000002381389a84c method=io.micrometer.core.instrument.internal.DefaultLongTaskTimer$SampleImpl.compareTo(Lio/micrometer/core/instrument/internal/DefaultLongTaskTimer$SampleImpl;)I @ 28 c2
Event: 1571.292 Thread 0x000002386b08e610 DEOPT PACKING pc=0x000002381389a84c sp=0x0000005491ffd770
Event: 1571.292 Thread 0x000002386b08e610 DEOPT UNPACKING pc=0x00000238132446a2 sp=0x0000005491ffd688 mode 2
Event: 1571.292 Thread 0x000002386b08e610 Uncommon trap: trap_request=0xffffffde fr.pc=0x000002381389a84c relative=0x000000000000010c
Event: 1571.292 Thread 0x000002386b08e610 Uncommon trap: reason=class_check action=maybe_recompile pc=0x000002381389a84c method=io.micrometer.core.instrument.internal.DefaultLongTaskTimer$SampleImpl.compareTo(Lio/micrometer/core/instrument/internal/DefaultLongTaskTimer$SampleImpl;)I @ 28 c2
Event: 1571.292 Thread 0x000002386b08e610 DEOPT PACKING pc=0x000002381389a84c sp=0x0000005491ffd770
Event: 1571.293 Thread 0x000002386b08e610 DEOPT UNPACKING pc=0x00000238132446a2 sp=0x0000005491ffd688 mode 2
Event: 1571.305 Thread 0x000002386b08c540 Uncommon trap: trap_request=0xffffffde fr.pc=0x000002381392edd8 relative=0x00000000000000b8
Event: 1571.305 Thread 0x000002386b08c540 Uncommon trap: reason=class_check action=maybe_recompile pc=0x000002381392edd8 method=io.micrometer.core.instrument.internal.DefaultLongTaskTimer$SampleImpl.compareTo(Lio/micrometer/core/instrument/internal/DefaultLongTaskTimer$SampleImpl;)I @ 24 c2
Event: 1571.305 Thread 0x000002386b08c540 DEOPT PACKING pc=0x000002381392edd8 sp=0x0000005491efd5b0
Event: 1571.305 Thread 0x000002386b08c540 DEOPT UNPACKING pc=0x00000238132446a2 sp=0x0000005491efd548 mode 2

Classes loaded (20 events):
Event: 23.348 Loading class sun/nio/ch/SocketAdaptor
Event: 23.350 Loading class sun/nio/ch/SocketAdaptor done
Event: 23.350 Loading class sun/nio/ch/SocketChannelImpl$DefaultOptionsHolder
Event: 23.351 Loading class sun/nio/ch/SocketChannelImpl$DefaultOptionsHolder done
Event: 23.352 Loading class sun/nio/ch/SelectionKeyImpl
Event: 23.352 Loading class java/nio/channels/spi/AbstractSelectionKey
Event: 23.352 Loading class java/nio/channels/SelectionKey
Event: 23.353 Loading class java/nio/channels/SelectionKey done
Event: 23.353 Loading class java/nio/channels/spi/AbstractSelectionKey done
Event: 23.353 Loading class sun/nio/ch/SelectionKeyImpl done
Event: 23.353 Loading class java/lang/invoke/ConstantBootstraps
Event: 23.355 Loading class java/lang/invoke/ConstantBootstraps done
Event: 67.924 Loading class java/util/concurrent/locks/ReentrantReadWriteLock$Sync$HoldCounter
Event: 67.936 Loading class java/util/concurrent/locks/ReentrantReadWriteLock$Sync$HoldCounter done
Event: 1513.646 Loading class java/util/function/DoubleUnaryOperator
Event: 1513.648 Loading class java/util/function/DoubleUnaryOperator done
Event: 1535.900 Loading class java/util/ArrayList$SubList$2
Event: 1535.908 Loading class java/util/ArrayList$SubList$2 done
Event: 1572.222 Loading class sun/util/locale/LocaleExtensions
Event: 1572.276 Loading class sun/util/locale/LocaleExtensions done

Classes unloaded (0 events):
No events

Classes redefined (0 events):
No events

Internal exceptions (20 events):
Event: 1516.176 Thread 0x000002386b40b9c0 Exception <a 'java/lang/NoSuchMethodError'{0x000000008af438a0}: 'java.lang.Object java.lang.invoke.DirectMethodHandle$Holder.invokeSpecial(java.lang.Object, java.lang.Object, java.lang.Object, int, int)'> (0x000000008af438a0) 
thrown [s\open\src\hotspot\share\interpreter\linkResolver.cpp, line 774]
Event: 1516.177 Thread 0x000002386b08b820 Exception <a 'java/lang/NoSuchMethodError'{0x000000008af3e328}: 'java.lang.Object java.lang.invoke.DirectMethodHandle$Holder.invokeSpecial(java.lang.Object, java.lang.Object, java.lang.Object, int, int)'> (0x000000008af3e328) 
thrown [s\open\src\hotspot\share\interpreter\linkResolver.cpp, line 774]
Event: 1516.261 Thread 0x000002386b40b9c0 Exception <a 'java/lang/NoSuchMethodError'{0x000000008afaaf08}: 'void java.lang.invoke.DirectMethodHandle$Holder.invokeStatic(java.lang.Object, java.lang.Object, int, int, java.lang.Object)'> (0x000000008afaaf08) 
thrown [s\open\src\hotspot\share\interpreter\linkResolver.cpp, line 774]
Event: 1516.261 Thread 0x000002386b08b820 Exception <a 'java/lang/NoSuchMethodError'{0x000000008afb22e0}: 'void java.lang.invoke.DirectMethodHandle$Holder.invokeStatic(java.lang.Object, java.lang.Object, int, int, java.lang.Object)'> (0x000000008afb22e0) 
thrown [s\open\src\hotspot\share\interpreter\linkResolver.cpp, line 774]
Event: 1516.330 Thread 0x000002386b08b820 Exception <a 'java/lang/NoSuchMethodError'{0x000000008afe52b8}: 'void java.lang.invoke.DirectMethodHandle$Holder.invokeSpecialIFC(java.lang.Object, java.lang.Object, int, java.lang.Object, java.lang.Object, java.lang.Object, java.lang.Object)'> (0x000000008afe52b8) 
thrown [s\open\src\hotspot\share\interpreter\linkResolver.cpp, line 774]
Event: 1516.330 Thread 0x000002386b40b9c0 Exception <a 'java/lang/NoSuchMethodError'{0x000000008aff6410}: 'void java.lang.invoke.DirectMethodHandle$Holder.invokeSpecialIFC(java.lang.Object, java.lang.Object, int, java.lang.Object, java.lang.Object, java.lang.Object, java.lang.Object)'> (0x000000008aff6410) 
thrown [s\open\src\hotspot\share\interpreter\linkResolver.cpp, line 774]
Event: 1517.492 Thread 0x000002386b40b9c0 Exception <a 'java/lang/NoSuchMethodError'{0x000000008ac64240}: 'java.lang.Object java.lang.invoke.DirectMethodHandle$Holder.newInvokeSpecial(java.lang.Object, java.lang.Object, java.lang.Object, long)'> (0x000000008ac64240) 
thrown [s\open\src\hotspot\share\interpreter\linkResolver.cpp, line 774]
Event: 1517.496 Thread 0x000002386b40b9c0 Exception <a 'java/lang/NoSuchMethodError'{0x000000008ac68338}: 'java.lang.Object java.lang.invoke.DirectMethodHandle$Holder.invokeSpecial(java.lang.Object, java.lang.Object, java.lang.Object, java.lang.Object, long)'> (0x000000008ac68338) 
thrown [s\open\src\hotspot\share\interpreter\linkResolver.cpp, line 774]
Event: 1517.504 Thread 0x000002386b40b9c0 Exception <a 'java/lang/NoSuchMethodError'{0x000000008ac6bf60}: 'java.lang.Object java.lang.invoke.Invokers$Holder.linkToTargetMethod(java.lang.Object, java.lang.Object, long, java.lang.Object)'> (0x000000008ac6bf60) 
thrown [s\open\src\hotspot\share\interpreter\linkResolver.cpp, line 774]
Event: 1536.096 Thread 0x000002386b40b9c0 Exception <a 'java/lang/IncompatibleClassChangeError'{0x000000008b01d900}: Found class java.lang.Object, but interface was expected> (0x000000008b01d900) 
thrown [s\open\src\hotspot\share\interpreter\linkResolver.cpp, line 841]
Event: 1536.186 Thread 0x000002386b08e610 Exception <a 'java/lang/IncompatibleClassChangeError'{0x000000008c3f68c8}: Found class java.lang.Object, but interface was expected> (0x000000008c3f68c8) 
thrown [s\open\src\hotspot\share\interpreter\linkResolver.cpp, line 841]
Event: 1536.186 Thread 0x000002386b40aca0 Exception <a 'java/lang/IncompatibleClassChangeError'{0x000000008c3b88c8}: Found class java.lang.Object, but interface was expected> (0x000000008c3b88c8) 
thrown [s\open\src\hotspot\share\interpreter\linkResolver.cpp, line 841]
Event: 1536.186 Thread 0x000002386b08a470 Exception <a 'java/lang/IncompatibleClassChangeError'{0x000000008b0d43e8}: Found class java.lang.Object, but interface was expected> (0x000000008b0d43e8) 
thrown [s\open\src\hotspot\share\interpreter\linkResolver.cpp, line 841]
Event: 1536.186 Thread 0x000002386b08beb0 Exception <a 'java/lang/IncompatibleClassChangeError'{0x000000008b0da370}: Found class java.lang.Object, but interface was expected> (0x000000008b0da370) 
thrown [s\open\src\hotspot\share\interpreter\linkResolver.cpp, line 841]
Event: 1536.187 Thread 0x000002386b08c540 Exception <a 'java/lang/IncompatibleClassChangeError'{0x000000008b0d06e8}: Found class java.lang.Object, but interface was expected> (0x000000008b0d06e8) 
thrown [s\open\src\hotspot\share\interpreter\linkResolver.cpp, line 841]
Event: 1536.717 Thread 0x000002386b08a470 Exception <a 'java/lang/NoSuchMethodError'{0x000000008aee67a0}: 'java.lang.Object java.lang.invoke.DelegatingMethodHandle$Holder.reinvoke_L(java.lang.Object, java.lang.Object, java.lang.Object, java.lang.Object, int, int)'> (0x000000008aee67a0) 
thrown [s\open\src\hotspot\share\interpreter\linkResolver.cpp, line 774]
Event: 1536.913 Thread 0x000002386b08a470 Exception <a 'java/lang/IncompatibleClassChangeError'{0x000000008adcc180}: Found class java.lang.Object, but interface was expected> (0x000000008adcc180) 
thrown [s\open\src\hotspot\share\interpreter\linkResolver.cpp, line 841]
Event: 1536.914 Thread 0x000002386b08a470 Exception <a 'java/lang/IncompatibleClassChangeError'{0x000000008adce6a0}: Found class java.lang.Object, but interface was expected> (0x000000008adce6a0) 
thrown [s\open\src\hotspot\share\interpreter\linkResolver.cpp, line 841]
Event: 1536.942 Thread 0x000002386b08a470 Exception <a 'java/lang/IncompatibleClassChangeError'{0x000000008adda5c0}: Found class java.lang.Object, but interface was expected> (0x000000008adda5c0) 
thrown [s\open\src\hotspot\share\interpreter\linkResolver.cpp, line 841]
Event: 1536.966 Thread 0x000002386b08a470 Exception <a 'java/lang/IncompatibleClassChangeError'{0x000000008ac05358}: Found class java.lang.Object, but interface was expected> (0x000000008ac05358) 
thrown [s\open\src\hotspot\share\interpreter\linkResolver.cpp, line 841]

ZGC Phase Switch (0 events):
No events

VM Operations (20 events):
Event: 1563.887 Executing VM operation: RendezvousGCThreads
Event: 1563.887 Executing VM operation: RendezvousGCThreads done
Event: 1564.893 Executing VM operation: Cleanup
Event: 1564.893 Executing VM operation: Cleanup done
Event: 1565.894 Executing VM operation: Cleanup
Event: 1565.894 Executing VM operation: Cleanup done
Event: 1566.030 Executing VM operation: HandshakeAllThreads (Deoptimize)
Event: 1566.030 Executing VM operation: HandshakeAllThreads (Deoptimize) done
Event: 1567.044 Executing VM operation: Cleanup
Event: 1567.044 Executing VM operation: Cleanup done
Event: 1568.052 Executing VM operation: Cleanup
Event: 1568.052 Executing VM operation: Cleanup done
Event: 1569.058 Executing VM operation: Cleanup
Event: 1569.059 Executing VM operation: Cleanup done
Event: 1570.061 Executing VM operation: Cleanup
Event: 1570.061 Executing VM operation: Cleanup done
Event: 1572.071 Executing VM operation: Cleanup
Event: 1572.075 Executing VM operation: Cleanup done
Event: 1573.085 Executing VM operation: Cleanup
Event: 1573.086 Executing VM operation: Cleanup done

Memory protections (0 events):
No events

Nmethod flushes (20 events):
Event: 1559.265 Thread 0x000002382051cb40 flushing osr nmethod 0x000002380c93ae10
Event: 1559.265 Thread 0x000002382051cb40 flushing  nmethod 0x000002380c9a1c10
Event: 1559.265 Thread 0x000002382051cb40 flushing  nmethod 0x000002380c9a6210
Event: 1559.265 Thread 0x000002382051cb40 flushing  nmethod 0x000002380c9a6c10
Event: 1559.265 Thread 0x000002382051cb40 flushing  nmethod 0x000002380c9a7010
Event: 1559.265 Thread 0x000002382051cb40 flushing  nmethod 0x000002380c9a9310
Event: 1559.266 Thread 0x000002382051cb40 flushing  nmethod 0x000002380c9aa410
Event: 1559.266 Thread 0x000002382051cb40 flushing  nmethod 0x000002380c9aad10
Event: 1559.266 Thread 0x000002382051cb40 flushing  nmethod 0x000002380ca02f10
Event: 1559.266 Thread 0x000002382051cb40 flushing  nmethod 0x000002380ca03390
Event: 1559.266 Thread 0x000002382051cb40 flushing  nmethod 0x000002380ca03a90
Event: 1559.266 Thread 0x000002382051cb40 flushing  nmethod 0x000002380ca05710
Event: 1559.266 Thread 0x000002382051cb40 flushing  nmethod 0x000002380ca06090
Event: 1559.267 Thread 0x000002382051cb40 flushing  nmethod 0x000002380ca0de10
Event: 1559.267 Thread 0x000002382051cb40 flushing  nmethod 0x000002380ca0fa10
Event: 1559.267 Thread 0x000002382051cb40 flushing  nmethod 0x000002380ca10010
Event: 1559.267 Thread 0x000002382051cb40 flushing  nmethod 0x000002380ca10390
Event: 1559.267 Thread 0x000002382051cb40 flushing  nmethod 0x000002380cb02b10
Event: 1559.267 Thread 0x000002382051cb40 flushing  nmethod 0x000002380cb0aa10
Event: 1559.267 Thread 0x000002382051cb40 flushing  nmethod 0x000002380cbfad10

Events (20 events):
Event: 1469.309 Thread 0x000002386b4115a0 Thread added: 0x000002386b40e120
Event: 1469.339 Thread 0x000002386b40e120 Thread added: 0x000002386b40ee40
Event: 1474.349 Thread 0x000002386b40e120 Thread exited: 0x000002386b40e120
Event: 1474.605 Thread 0x000002386b40ee40 Thread exited: 0x000002386b40ee40
Event: 1479.328 Thread 0x000002386b4115a0 Thread added: 0x000002386b40ee40
Event: 1479.335 Thread 0x000002386b40ee40 Thread added: 0x000002386b40e120
Event: 1484.342 Thread 0x000002386b40ee40 Thread exited: 0x000002386b40ee40
Event: 1484.494 Thread 0x000002386b40e120 Thread exited: 0x000002386b40e120
Event: 1507.296 Thread 0x000002386b4115a0 Thread added: 0x000002386b40e120
Event: 1507.309 Thread 0x000002386b40e120 Thread added: 0x000002386b40ee40
Event: 1512.314 Thread 0x000002386b40e120 Thread exited: 0x000002386b40e120
Event: 1512.575 Thread 0x000002386b40ee40 Thread exited: 0x000002386b40ee40
Event: 1536.228 Thread 0x000002386b08a470 Thread added: 0x000002386b40e120
Event: 1541.252 Thread 0x000002386b40e120 Thread exited: 0x000002386b40e120
Event: 1552.783 Thread 0x000002386b4115a0 Thread added: 0x000002386b40ee40
Event: 1552.786 Thread 0x000002386b40ee40 Thread added: 0x0000023868391d70
Event: 1557.797 Thread 0x000002386b40ee40 Thread exited: 0x000002386b40ee40
Event: 1558.022 Thread 0x0000023868391d70 Thread exited: 0x0000023868391d70
Event: 1569.851 Thread 0x000002386b4115a0 Thread added: 0x0000023868391d70
Event: 1569.868 Thread 0x0000023868391d70 Thread added: 0x000002386b08df80


Dynamic libraries:
0x00007ff6d1910000 - 0x00007ff6d1920000 	C:\Program Files\Java\jdk-22\bin\java.exe
0x00007fff0f090000 - 0x00007fff0f2a8000 	C:\Windows\SYSTEM32\ntdll.dll
0x00007fff0dbf0000 - 0x00007fff0dcb4000 	C:\Windows\System32\KERNEL32.DLL
0x00007fff0c610000 - 0x00007fff0c9e3000 	C:\Windows\System32\KERNELBASE.dll
0x00007fff0c310000 - 0x00007fff0c421000 	C:\Windows\System32\ucrtbase.dll
0x00007ffef4250000 - 0x00007ffef426b000 	C:\Program Files\Java\jdk-22\bin\VCRUNTIME140.dll
0x00007ffef3900000 - 0x00007ffef3917000 	C:\Program Files\Java\jdk-22\bin\jli.dll
0x00007fff0ede0000 - 0x00007fff0ef92000 	C:\Windows\System32\USER32.dll
0x00007ffeec500000 - 0x00007ffeec79c000 	C:\Windows\WinSxS\amd64_microsoft.windows.common-controls_6595b64144ccf1df_6.0.22621.6060_none_2712eda17382d24b\COMCTL32.dll
0x00007fff0cd00000 - 0x00007fff0cd26000 	C:\Windows\System32\win32u.dll
0x00007fff0dcc0000 - 0x00007fff0dce9000 	C:\Windows\System32\GDI32.dll
0x00007fff0ce10000 - 0x00007fff0ceb7000 	C:\Windows\System32\msvcrt.dll
0x00007fff0c9f0000 - 0x00007fff0cb0b000 	C:\Windows\System32\gdi32full.dll
0x00007fff0c430000 - 0x00007fff0c4ca000 	C:\Windows\System32\msvcp_win.dll
0x00007fff0cec0000 - 0x00007fff0cef1000 	C:\Windows\System32\IMM32.DLL
0x00007fff070d0000 - 0x00007fff070dc000 	C:\Program Files\Java\jdk-22\bin\vcruntime140_1.dll
0x00007ffee4670000 - 0x00007ffee46fe000 	C:\Program Files\Java\jdk-22\bin\msvcp140.dll
0x00007ffe3ad70000 - 0x00007ffe3bab9000 	C:\Program Files\Java\jdk-22\bin\server\jvm.dll
0x00007fff0cfb0000 - 0x00007fff0d061000 	C:\Windows\System32\ADVAPI32.dll
0x00007fff0efa0000 - 0x00007fff0f048000 	C:\Windows\System32\sechost.dll
0x00007fff0ccd0000 - 0x00007fff0ccf8000 	C:\Windows\System32\bcrypt.dll
0x00007fff0d090000 - 0x00007fff0d1a8000 	C:\Windows\System32\RPCRT4.dll
0x00007fff0db70000 - 0x00007fff0dbe1000 	C:\Windows\System32\WS2_32.dll
0x00007fff0c070000 - 0x00007fff0c0bd000 	C:\Windows\SYSTEM32\POWRPROF.dll
0x00007ffef1c20000 - 0x00007ffef1c2a000 	C:\Windows\SYSTEM32\VERSION.dll
0x00007fff047d0000 - 0x00007fff04804000 	C:\Windows\SYSTEM32\WINMM.dll
0x00007fff0c050000 - 0x00007fff0c063000 	C:\Windows\SYSTEM32\UMPDC.dll
0x00007fff0b0e0000 - 0x00007fff0b0f8000 	C:\Windows\SYSTEM32\kernel.appcore.dll
0x00007ffef4220000 - 0x00007ffef422a000 	C:\Program Files\Java\jdk-22\bin\jimage.dll
0x00007fff096d0000 - 0x00007fff09903000 	C:\Windows\SYSTEM32\DBGHELP.DLL
0x00007fff0d610000 - 0x00007fff0d9a1000 	C:\Windows\System32\combase.dll
0x00007fff0cd30000 - 0x00007fff0ce08000 	C:\Windows\System32\OLEAUT32.dll
0x00007ffee4a10000 - 0x00007ffee4a42000 	C:\Windows\SYSTEM32\dbgcore.DLL
0x00007fff0cc50000 - 0x00007fff0cccb000 	C:\Windows\System32\bcryptPrimitives.dll
0x00007ffef24d0000 - 0x00007ffef24df000 	C:\Program Files\Java\jdk-22\bin\instrument.dll
0x00007ffef3890000 - 0x00007ffef38ae000 	C:\Program Files\Java\jdk-22\bin\java.dll
0x00007fff0e540000 - 0x00007fff0eddc000 	C:\Windows\System32\SHELL32.dll
0x00007fff0c4d0000 - 0x00007fff0c60f000 	C:\Windows\System32\wintypes.dll
0x00007fff0de00000 - 0x00007fff0dfa1000 	C:\Windows\System32\ole32.dll
0x00007fff0a050000 - 0x00007fff0a96a000 	C:\Windows\SYSTEM32\windows.storage.dll
0x00007fff0dcf0000 - 0x00007fff0ddf4000 	C:\Windows\System32\SHCORE.dll
0x00007fff0d2c0000 - 0x00007fff0d329000 	C:\Windows\System32\shlwapi.dll
0x00007fff0c0d0000 - 0x00007fff0c0f5000 	C:\Windows\SYSTEM32\profapi.dll
0x00007ffed5110000 - 0x00007ffed51e7000 	C:\Program Files\Java\jdk-22\bin\jsvml.dll
0x00007ffee6a50000 - 0x00007ffee6a67000 	C:\Program Files\Java\jdk-22\bin\zip.dll
0x00007ffef38f0000 - 0x00007ffef3900000 	C:\Program Files\Java\jdk-22\bin\net.dll
0x00007fff0b620000 - 0x00007fff0b689000 	C:\Windows\system32\mswsock.dll
0x00007ffef38d0000 - 0x00007ffef38e6000 	C:\Program Files\Java\jdk-22\bin\nio.dll
0x00007ffede6d0000 - 0x00007ffede6ea000 	C:\Program Files\JetBrains\IntelliJ IDEA Community Edition 2024.1.4\bin\breakgen64.dll
0x00007ffee6730000 - 0x00007ffee6739000 	C:\Program Files\Java\jdk-22\bin\extnet.dll
0x00007ffef1bc0000 - 0x00007ffef1bca000 	C:\Program Files\Java\jdk-22\bin\management.dll
0x00007ffee6a00000 - 0x00007ffee6a0b000 	C:\Program Files\Java\jdk-22\bin\management_ext.dll
0x00007fff0dfb0000 - 0x00007fff0dfb8000 	C:\Windows\System32\PSAPI.DLL
0x00007fff0ac60000 - 0x00007fff0ac8d000 	C:\Windows\SYSTEM32\IPHLPAPI.DLL
0x00007fff0d080000 - 0x00007fff0d089000 	C:\Windows\System32\NSI.dll
0x00007fff0ac90000 - 0x00007fff0ad88000 	C:\Windows\SYSTEM32\DNSAPI.dll
0x00007fff06420000 - 0x00007fff0642b000 	C:\Program Files\Java\jdk-22\bin\le.dll
0x00007fff07610000 - 0x00007fff0761e000 	C:\Program Files\Java\jdk-22\bin\sunmscapi.dll
0x00007fff0c1a0000 - 0x00007fff0c308000 	C:\Windows\System32\CRYPT32.dll
0x00007fff0ba70000 - 0x00007fff0ba9e000 	C:\Windows\SYSTEM32\ncrypt.dll
0x00007fff0ba30000 - 0x00007fff0ba67000 	C:\Windows\SYSTEM32\NTASN1.dll
0x00007fff01be0000 - 0x00007fff01bea000 	C:\Windows\System32\rasadhlp.dll
0x00007fff01c10000 - 0x00007fff01c94000 	C:\Windows\System32\fwpuclnt.dll
0x00007fff0b890000 - 0x00007fff0b8ab000 	C:\Windows\SYSTEM32\CRYPTSP.dll
0x00007fff0b0a0000 - 0x00007fff0b0d7000 	C:\Windows\system32\rsaenh.dll
0x00007fff0b730000 - 0x00007fff0b758000 	C:\Windows\SYSTEM32\USERENV.dll
0x00007fff0b8b0000 - 0x00007fff0b8bc000 	C:\Windows\SYSTEM32\CRYPTBASE.dll
0x00007fff04720000 - 0x00007fff04730000 	C:\Program Files\Java\jdk-22\bin\verify.dll
0x00007ffeccff0000 - 0x00007ffeccff8000 	C:\Windows\system32\wshunix.dll

dbghelp: loaded successfully - version: 4.0.5 - missing functions: none
symbol engine: initialized successfully - sym options: 0x614 - pdb path: .;C:\Program Files\Java\jdk-22\bin;C:\Windows\SYSTEM32;C:\Windows\WinSxS\amd64_microsoft.windows.common-controls_6595b64144ccf1df_6.0.22621.6060_none_2712eda17382d24b;C:\Program Files\Java\jdk-22\bin\server;C:\Program Files\JetBrains\IntelliJ IDEA Community Edition 2024.1.4\bin

VM Arguments:
jvm_args: -javaagent:C:\Program Files\JetBrains\IntelliJ IDEA Community Edition 2024.1.4\lib\idea_rt.jar=64728:C:\Program Files\JetBrains\IntelliJ IDEA Community Edition 2024.1.4\bin -Dfile.encoding=UTF-8 -Dsun.stdout.encoding=UTF-8 -Dsun.stderr.encoding=UTF-8 
java_command: com.Chat_App.chat_services.ChatServicesApplication
java_class_path (initial): E:\JavaFullStackProject\Real-Time-Chat-Application\chat-services\target\classes;C:\Users\ACER\.m2\repository\org\springframework\boot\spring-boot-starter-actuator\4.1.0\spring-boot-starter-actuator-4.1.0.jar;C:\Users\ACER\.m2\repository\org\springframework\boot\spring-boot-starter\4.1.0\spring-boot-starter-4.1.0.jar;C:\Users\ACER\.m2\repository\org\springframework\boot\spring-boot-starter-logging\4.1.0\spring-boot-starter-logging-4.1.0.jar;C:\Users\ACER\.m2\repository\ch\qos\logback\logback-classic\1.5.34\logback-classic-1.5.34.jar;C:\Users\ACER\.m2\repository\ch\qos\logback\logback-core\1.5.34\logback-core-1.5.34.jar;C:\Users\ACER\.m2\repository\org\apache\logging\log4j\log4j-to-slf4j\2.25.4\log4j-to-slf4j-2.25.4.jar;C:\Users\ACER\.m2\repository\org\apache\logging\log4j\log4j-api\2.25.4\log4j-api-2.25.4.jar;C:\Users\ACER\.m2\repository\org\slf4j\jul-to-slf4j\2.0.18\jul-to-slf4j-2.0.18.jar;C:\Users\ACER\.m2\repository\jakarta\annotation\jakarta.annotation-api\3.0.0\jakarta.annotation-api-3.0.0.jar;C:\Users\ACER\.m2\repository\org\yaml\snakeyaml\2.6\snakeyaml-2.6.jar;C:\Users\ACER\.m2\repository\org\springframework\boot\spring-boot-starter-micrometer-metrics\4.1.0\spring-boot-starter-micrometer-metrics-4.1.0.jar;C:\Users\ACER\.m2\repository\org\springframework\boot\spring-boot-micrometer-metrics\4.1.0\spring-boot-micrometer-metrics-4.1.0.jar;C:\Users\ACER\.m2\repository\org\springframework\boot\spring-boot-micrometer-observation\4.1.0\spring-boot-micrometer-observation-4.1.0.jar;C:\Users\ACER\.m2\repository\org\springframework\boot\spring-boot-actuator-autoconfigure\4.1.0\spring-boot-actuator-autoconfigure-4.1.0.jar;C:\Users\ACER\.m2\repository\org\springframework\boot\spring-boot-actuator\4.1.0\spring-boot-actuator-4.1.0.jar;C:\Users\ACER\.m2\repository\org\springframework\boot\spring-boot-health\4.1.0\spring-boot-health-4.1.0.jar;C:\Users\ACER\.m2\repository\io\micrometer\micrometer-observation\1.17.0\micrometer-observation-1.17.0.jar;C:\Users\ACER\.m2\repository\org\jspecify\jspecify\1.0.0\jspecify-1.0.0.jar;C:\Users\ACER\.m2\repository\io\micrometer\micrometer-commons\1.17.0\micrometer-commons-1.17.0.jar;C:\Users\ACER\.m2\repository\io\micrometer\micrometer-jakarta9\1.17.0\micrometer-jakarta9-1.17.0.jar;C:\Users\ACER\.m2\repository\io\micrometer\micrometer-core\1.17.0\micrometer-core-1.17.0.jar;C:\Users\ACER\.m2\repository\org\hdrhistogram\HdrHistogram\2.2.2\HdrHistogram-2.2.2.jar;C:\Users\ACER\.m2\repository\org\springframework\boot\spring-boot-starter-data-jpa\4.1.0\spring-boot-starter-data-jpa-4.1.0.jar;C:\Users\ACER\.m2\repository\org\springframework\boot\spring-boot-starter-jdbc\4.1.0\spring-boot-starter-jdbc-4.1.0.jar;C:\Users\ACER\.m2\repository\com\zaxxer\HikariCP\7.0.2\HikariCP-7.0.2.jar;C:\Users\ACER\.m2\repository\org\springframework\boot\spring-boot-data-jpa\4.1.0\spring-boot-data-jpa-4.1.0.jar;C:\Users\ACER\.m2\repository\org\springframework\boot\spring-boot-data-commons\4.1.0\spring-boot-data-commons-4.1.0.jar;C:\Users\ACER\.m2\repository\org\springframework\boot\spring-boot-persistence\4.1.0\spring-boot-persistence-4.1.0.jar;C:\Users\ACER\.m2\repository\org\springframework\data\spring-data-commons\4.1.0\spring-data-commons-4.1.0.jar;C:\Users\ACER\.m2\repository\org\springframework\boot\spring-boot-hibernate\4.1.0\spring-boot-hibernate-4.1.0.jar;C:\Users\ACER\.m2\repository\org\springframework\boot\spring-boot-jpa\4.1.0\spring-boot-jpa-4.1.0.jar;C:\Users\ACER\.m2\repository\jakarta\persistence\jakarta.persistence-api\3.2.0\jakarta.persistence-api-3.2.0.jar;C:\Users\ACER\.m2\repository\org\hibernate\orm\hibernate-core\7.4.1.Final\hibernate-core-7.4.1.Final.jar;C:\Users\ACER\.m2\repository\jakarta\transaction\jakarta.transaction-api\2.0.1\jakarta.transaction-api-2.0.1.jar;C:\Users\ACER\.m2\repository\org\hibernate\models\hibernate-models\1.1.1\hibernate-models-1.1.1.jar;C:\Users\ACER\.m2\repository\org\glassfish\jaxb\jaxb-runtime\4.0.9\jaxb-runtime-4.0.9.jar;C:\Users\ACER\.m2\repository\org\glassfish\jaxb\jaxb-core\4.0.9\jaxb-core-4.0.9.jar;C:\Users\ACER\.m2\repository\org\eclipse\angus\angus-activation\2.0.3\angus-activation-2.0.3.jar;C:\Users\ACER\.m2\repository\org\glassfish\jaxb\txw2\4.0.9\txw2-4.0.9.jar;C:\Users\ACER\.m2\repository\com\sun\istack\istack-commons-runtime\4.1.2\istack-commons-runtime-4.1.2.jar;C:\Users\ACER\.m2\repository\org\springframework\spring-orm\7.0.8\spring-orm-7.0.8.jar;C:\Users\ACER\.m2\repository\org\springframework\data\spring-data-jpa\4.1.0\spring-data-jpa-4.1.0.jar;C:\Users\ACER\.m2\repository\org\antlr\antlr4-runtime\4.13.2\antlr4-runtime-4.13.2.jar;C:\Users\ACER\.m2\repository\org\springframework\spring-aspects\7.0.8\spring-aspects-7.0.8.jar;C:\Users\ACER\.m2\repository\org\aspectj\aspectjweaver\1.9.25.1\aspectjweaver-1.9.25.1.jar;C:\Users\ACER\.m2\repository\org\springframework\boot\spring-boot-jdbc\4.1.0\spring-boot-jdbc-4.1.0.jar;C:\Users\ACER\.m2\repository\org\springframework\boot\spring-boot-sql\4.1.0\spring-boot-sql-4.1.0.jar;C:\Users\ACER\.m2\repository\org\springframework\boot\spring-boot-transaction\4.1.0\spring-boot-transaction-4.1.0.jar;C:\Users\ACER\.m2\repository\org\springframework\spring-jdbc\7.0.8\spring-jdbc-7.0.8.jar;C:\Users\ACER\.m2\repository\org\springframework\boot\spring-boot-starter-webmvc\4.1.0\spring-boot-starter-webmvc-4.1.0.jar;C:\Users\ACER\.m2\repository\org\springframework\boot\spring-boot-starter-jackson\4.1.0\spring-boot-starter-jackson-4.1.0.jar;C:\Users\ACER\.m2\repository\org\springframework\boot\spring-boot-jackson\4.1.0\spring-boot-jackson-4.1.0.jar;C:\Users\ACER\.m2\repository\tools\jackson\core\jackson-databind\3.1.4\jackson-databind-3.1.4.jar;C:\Users\ACER\.m2\repository\tools\jackson\core\jackson-core\3.1.4\jackson-core-3.1.4.jar;C:\Users\ACER\.m2\repository\org\springframework\boot\spring-boot-starter-tomcat\4.1.0\spring-boot-starter-tomcat-4.1.0.jar;C:\Users\ACER\.m2\repository\org\springframework\boot\spring-boot-starter-tomcat-runtime\4.1.0\spring-boot-starter-tomcat-runtime-4.1.0.jar;C:\Users\ACER\.m2\repository\org\springframework\boot\spring-boot-web-server\4.1.0\spring-boot-web-server-4.1.0.jar;C:\Users\ACER\.m2\repository\org\apache\tomcat\embed\tomcat-embed-core\11.0.22\tomcat-embed-core-11.0.22.jar;C:\Users\ACER\.m2\repository\org\apache\tomcat\embed\tomcat-embed-websocket\11.0.22\tomcat-embed-websocket-11.0.22.jar;C:\Users\ACER\.m2\repository\org\springframework\boot\spring-boot-tomcat\4.1.0\spring-boot-tomcat-4.1.0.jar;C:\Users\ACER\.m2\repository\org\springframework\boot\spring-boot-http-converter\4.1.0\spring-boot-http-converter-4.1.0.jar;C:\Users\ACER\.m2\repository\org\springframework\boot\spring-boot-webmvc\4.1.0\spring-boot-webmvc-4.1.0.jar;C:\Users\ACER\.m2\repository\org\springframework\boot\spring-boot-servlet\4.1.0\spring-boot-servlet-4.1.0.jar;C:\Users\ACER\.m2\repository\org\springframework\spring-webmvc\7.0.8\spring-webmvc-7.0.8.jar;C:\Users\ACER\.m2\repository\org\springframework\boot\spring-boot-starter-validation\4.1.0\spring-boot-starter-validation-4.1.0.jar;C:\Users\ACER\.m2\repository\org\springframework\boot\spring-boot-validation\4.1.0\spring-boot-validation-4.1.0.jar;C:\Users\ACER\.m2\repository\org\apache\tomcat\embed\tomcat-embed-el\11.0.22\tomcat-embed-el-11.0.22.jar;C:\Users\ACER\.m2\repository\org\hibernate\validator\hibernate-validator\9.1.0.Final\hibernate-validator-9.1.0.Final.jar;C:\Users\ACER\.m2\repository\jakarta\validation\jakarta.validation-api\3.1.1\jakarta.validation-api-3.1.1.jar;C:\Users\ACER\.m2\repository\org\jboss\logging\jboss-logging\3.6.3.Final\jboss-logging-3.6.3.Final.jar;C:\Users\ACER\.m2\repository\com\fasterxml\classmate\1.7.3\classmate-1.7.3.jar;C:\Users\ACER\.m2\repository\org\springframework\boot\spring-boot-starter-websocket\4.1.0\spring-boot-starter-websocket-4.1.0.jar;C:\Users\ACER\.m2\repository\org\springframework\boot\spring-boot-websocket\4.1.0\spring-boot-websocket-4.1.0.jar;C:\Users\ACER\.m2\repository\org\springframework\spring-websocket\7.0.8\spring-websocket-7.0.8.jar;C:\Users\ACER\.m2\repository\org\springframework\kafka\spring-kafka\4.1.0\spring-kafka-4.1.0.jar;C:\Users\ACER\.m2\repository\org\springframework\spring-context\7.0.8\spring-context-7.0.8.jar;C:\Users\ACER\.m2\repository\org\springframework\spring-aop\7.0.8\spring-aop-7.0.8.jar;C:\Users\ACER\.m2\repository\org\springframework\spring-beans\7.0.8\spring-beans-7.0.8.jar;C:\Users\ACER\.m2\repository\org\springframework\spring-expression\7.0.8\spring-expression-7.0.8.jar;C:\Users\ACER\.m2\repository\org\springframework\spring-messaging\7.0.8\spring-messaging-7.0.8.jar;C:\Users\ACER\.m2\repository\org\springframework\spring-tx\7.0.8\spring-tx-7.0.8.jar;C:\Users\ACER\.m2\repository\org\apache\kafka\kafka-clients\4.2.1\kafka-clients-4.2.1.jar;C:\Users\ACER\.m2\repository\com\github\luben\zstd-jni\1.5.6-10\zstd-jni-1.5.6-10.jar;C:\Users\ACER\.m2\repository\at\yawk\lz4\lz4-java\1.10.1\lz4-java-1.10.1.jar;C:\Users\ACER\.m2\repository\org\xerial\snappy\snappy-java\1.1.10.7\snappy-java-1.1.10.7.jar;C:\Users\ACER\.m2\repository\org\slf4j\slf4j-api\2.0.18\slf4j-api-2.0.18.jar;C:\Users\ACER\.m2\repository\com\github\spotbugs\spotbugs-annotations\4.9.8\spotbugs-annotations-4.9.8.jar;C:\Users\ACER\.m2\repository\com\google\code\findbugs\jsr305\3.0.2\jsr305-3.0.2.jar;C:\Users\ACER\.m2\repository\org\springframework\cloud\spring-cloud-starter-openfeign\5.0.2\spring-cloud-starter-openfeign-5.0.2.jar;C:\Users\ACER\.m2\repository\org\springframework\cloud\spring-cloud-starter\5.0.2\spring-cloud-starter-5.0.2.jar;C:\Users\ACER\.m2\repository\org\springframework\cloud\spring-cloud-context\5.0.2\spring-cloud-context-5.0.2.jar;C:\Users\ACER\.m2\repository\org\bouncycastle\bcprov-jdk18on\1.81.1\bcprov-jdk18on-1.81.1.jar;C:\Users\ACER\.m2\repository\org\springframework\cloud\spring-cloud-openfeign-core\5.0.2\spring-cloud-openfeign-core-5.0.2.jar;C:\Users\ACER\.m2\repository\io\github\openfeign\feign-form-spring\13.6.1\feign-form-spring-13.6.1.jar;C:\Users\ACER\.m2\repository\org\apache\commons\commons-text\1.13.0\commons-text-1.13.0.jar;C:\Users\ACER\.m2\repository\org\apache\commons\commons-lang3\3.20.0\commons-lang3-3.20.0.jar;C:\Users\ACER\.m2\repository\io\github\openfeign\feign-form\13.6.1\feign-form-13.6.1.jar;C:\Users\ACER\.m2\repository\commons-fileupload\commons-fileupload\1.6.0\commons-fileupload-1.6.0.jar;C:\Users\ACER\.m2\repository\org\springframework\spring-web\7.0.8\spring-web-7.0.8.jar;C:\Users\ACER\.m2\repository\org\springframework\cloud\spring-cloud-commons\5.0.2\spring-cloud-commons-5.0.2.jar;C:\Users\ACER\.m2\repository\org\springframework\security\spring-security-crypto\7.1.0\spring-security-crypto-7.1.0.jar;C:\Users\ACER\.m2\repository\io\github\openfeign\feign-core\13.6.1\feign-core-13.6.1.jar;C:\Users\ACER\.m2\repository\io\github\openfeign\feign-slf4j\13.6.1\feign-slf4j-13.6.1.jar;C:\Users\ACER\.m2\repository\org\springframework\cloud\spring-cloud-starter-netflix-eureka-client\5.0.2\spring-cloud-starter-netflix-eureka-client-5.0.2.jar;C:\Users\ACER\.m2\repository\org\springframework\cloud\spring-cloud-netflix-eureka-client\5.0.2\spring-cloud-netflix-eureka-client-5.0.2.jar;C:\Users\ACER\.m2\repository\org\springframework\boot\spring-boot-jackson2\4.1.0\spring-boot-jackson2-4.1.0.jar;C:\Users\ACER\.m2\repository\com\fasterxml\jackson\datatype\jackson-datatype-jdk8\2.21.4\jackson-datatype-jdk8-2.21.4.jar;C:\Users\ACER\.m2\repository\com\fasterxml\jackson\datatype\jackson-datatype-jsr310\2.21.4\jackson-datatype-jsr310-2.21.4.jar;C:\Users\ACER\.m2\repository\com\fasterxml\jackson\module\jackson-module-parameter-names\2.21.4\jackson-module-parameter-names-2.21.4.jar;C:\Users\ACER\.m2\repository\org\apache\httpcomponents\client5\httpclient5\5.6.1\httpclient5-5.6.1.jar;C:\Users\ACER\.m2\repository\org\apache\httpcomponents\core5\httpcore5\5.4.2\httpcore5-5.4.2.jar;C:\Users\ACER\.m2\repository\org\apache\httpcomponents\core5\httpcore5-h2\5.4.2\httpcore5-h2-5.4.2.jar;C:\Users\ACER\.m2\repository\com\netflix\eureka\eureka-client\2.0.6\eureka-client-2.0.6.jar;C:\Users\ACER\.m2\repository\com\thoughtworks\xstream\xstream\1.4.21\xstream-1.4.21.jar;C:\Users\ACER\.m2\repository\io\github\x-stream\mxparser\1.2.2\mxparser-1.2.2.jar;C:\Users\ACER\.m2\repository\xmlpull\xmlpull\1.1.3.1\xmlpull-1.1.3.1.jar;C:\Users\ACER\.m2\repository\jakarta\ws\rs\jakarta.ws.rs-api\4.0.0\jakarta.ws.rs-api-4.0.0.jar;C:\Users\ACER\.m2\repository\jakarta\inject\jakarta.inject-api\2.0.1\jakarta.inject-api-2.0.1.jar;C:\Users\ACER\.m2\repository\com\netflix\spectator\spectator-api\1.7.3\spectator-api-1.7.3.jar;C:\Users\ACER\.m2\repository\org\apache\httpcomponents\httpclient\4.5.3\httpclient-4.5.3.jar;C:\Users\ACER\.m2\repository\org\apache\httpcomponents\httpcore\4.4.16\httpcore-4.4.16.jar;C:\Users\ACER\.m2\repository\commons-codec\commons-codec\1.21.0\commons-codec-1.21.0.jar;C:\Users\ACER\.m2\repository\com\fasterxml\jackson\core\jackson-annotations\2.21\jackson-annotations-2.21.jar;C:\Users\ACER\.m2\repository\com\fasterxml\jackson\core\jackson-core\2.21.4\jackson-core-2.21.4.jar;C:\Users\ACER\.m2\repository\com\netflix\netflix-commons\netflix-eventbus\0.3.0\netflix-eventbus-0.3.0.jar;C:\Users\ACER\.m2\repository\com\netflix\netflix-commons\netflix-infix\0.3.0\netflix-infix-0.3.0.jar;C:\Users\ACER\.m2\repository\commons-jxpath\commons-jxpath\1.3\commons-jxpath-1.3.jar;C:\Users\ACER\.m2\repository\joda-time\joda-time\2.3\joda-time-2.3.jar;C:\Users\ACER\.m2\repository\org\antlr\antlr-runtime\3.4\antlr-runtime-3.4.jar;C:\Users\ACER\.m2\repository\org\antlr\stringtemplate\3.2.1\stringtemplate-3.2.1.jar;C:\Users\ACER\.m2\repository\antlr\antlr\2.7.7\antlr-2.7.7.jar;C:\Users\ACER\.m2\repository\com\google\code\gson\gson\2.13.2\gson-2.13.2.jar;C:\Users\ACER\.m2\repository\com\google\errorprone\error_prone_annotations\2.41.0\error_prone_annotations-2.41.0.jar;C:\Users\ACER\.m2\repository\com\netflix\servo\servo-core\0.5.3\servo-core-0.5.3.jar;C:\Users\ACER\.m2\repository\org\apache\commons\commons-math\2.2\commons-math-2.2.jar;C:\Users\ACER\.m2\repository\javax\annotation\javax.annotation-api\1.2\javax.annotation-api-1.2.jar;C:\Users\ACER\.m2\repository\org\codehaus\jettison\jettison\1.5.4\jettison-1.5.4.jar;C:\Users\ACER\.m2\repository\org\springframework\cloud\spring-cloud-starter-loadbalancer\5.0.2\spring-cloud-starter-loadbalancer-5.0.2.jar;C:\Users\ACER\.m2\repository\org\springframework\cloud\spring-cloud-loadbalancer\5.0.2\spring-cloud-loadbalancer-5.0.2.jar;C:\Users\ACER\.m2\repository\io\projectreactor\reactor-core\3.8.6\reactor-core-3.8.6.jar;C:\Users\ACER\.m2\repository\org\reactivestreams\reactive-streams\1.0.4\reactive-streams-1.0.4.jar;C:\Users\ACER\.m2\repository\io\projectreactor\addons\reactor-extra\3.6.0\reactor-extra-3.6.0.jar;C:\Users\ACER\.m2\repository\org\springframework\boot\spring-boot-starter-cache\4.1.0\spring-boot-starter-cache-4.1.0.jar;C:\Users\ACER\.m2\repository\org\springframework\boot\spring-boot-cache\4.1.0\spring-boot-cache-4.1.0.jar;C:\Users\ACER\.m2\repository\org\springframework\spring-context-support\7.0.8\spring-context-support-7.0.8.jar;C:\Users\ACER\.m2\repository\com\stoyanr\evictor\1.0.0\evictor-1.0.0.jar;C:\Users\ACER\.m2\repository\de\codecentric\spring-boot-admin-starter-client\4.0.1\spring-boot-admin-starter-client-4.0.1.jar;C:\Users\ACER\.m2\repository\de\codecentric\spring-boot-admin-client\4.0.1\spring-boot-admin-client-4.0.1.jar;C:\Users\ACER\.m2\repository\org\springframework\boot\spring-boot-starter-restclient\4.1.0\spring-boot-starter-restclient-4.1.0.jar;C:\Users\ACER\.m2\repository\org\springframework\boot\spring-boot-restclient\4.1.0\spring-boot-restclient-4.1.0.jar;C:\Users\ACER\.m2\repository\org\springframework\boot\spring-boot-http-client\4.1.0\spring-boot-http-client-4.1.0.jar;C:\Users\ACER\.m2\repository\io\jsonwebtoken\jjwt-api\0.12.6\jjwt-api-0.12.6.jar;C:\Users\ACER\.m2\repository\io\jsonwebtoken\jjwt-impl\0.12.6\jjwt-impl-0.12.6.jar;C:\Users\ACER\.m2\repository\io\jsonwebtoken\jjwt-jackson\0.12.6\jjwt-jackson-0.12.6.jar;C:\Users\ACER\.m2\repository\com\fasterxml\jackson\core\jackson-databind\2.21.4\jackson-databind-2.21.4.jar;C:\Users\ACER\.m2\repository\org\postgresql\postgresql\42.7.11\postgresql-42.7.11.jar;C:\Users\ACER\.m2\repository\org\springframework\boot\spring-boot-devtools\4.1.0\spring-boot-devtools-4.1.0.jar;C:\Users\ACER\.m2\repository\org\springframework\boot\spring-boot\4.1.0\spring-boot-4.1.0.jar;C:\Users\ACER\.m2\repository\org\springframework\boot\spring-boot-autoconfigure\4.1.0\spring-boot-autoconfigure-4.1.0.jar;C:\Users\ACER\.m2\repository\jakarta\xml\bind\jakarta.xml.bind-api\4.0.5\jakarta.xml.bind-api-4.0.5.jar;C:\Users\ACER\.m2\repository\jakarta\activation\jakarta.activation-api\2.1.4\jakarta.activation-api-2.1.4.jar;C:\Users\ACER\.m2\repository\net\bytebuddy\byte-buddy\1.18.10\byte-buddy-1.18.10.jar;C:\Users\ACER\.m2\repository\org\springframework\spring-core\7.0.8\spring-core-7.0.8.jar;C:\Users\ACER\.m2\repository\commons-logging\commons-logging\1.3.6\commons-logging-1.3.6.jar
Launcher Type: SUN_STANDARD

[Global flags]
     intx CICompilerCount                          = 4                                         {product} {ergonomic}
     uint ConcGCThreads                            = 3                                         {product} {ergonomic}
     uint G1ConcRefinementThreads                  = 10                                        {product} {ergonomic}
   size_t G1HeapRegionSize                         = 1048576                                   {product} {ergonomic}
   size_t InitialHeapSize                          = 130023424                                 {product} {ergonomic}
   size_t MarkStackSize                            = 4194304                                   {product} {ergonomic}
   size_t MaxHeapSize                              = 2071986176                                {product} {ergonomic}
   size_t MaxNewSize                               = 1242562560                                {product} {ergonomic}
   size_t MinHeapDeltaBytes                        = 1048576                                   {product} {ergonomic}
   size_t MinHeapSize                              = 8388608                                   {product} {ergonomic}
    uintx NonNMethodCodeHeapSize                   = 5839372                                {pd product} {ergonomic}
    uintx NonProfiledCodeHeapSize                  = 122909434                              {pd product} {ergonomic}
    uintx ProfiledCodeHeapSize                     = 122909434                              {pd product} {ergonomic}
    uintx ReservedCodeCacheSize                    = 251658240                              {pd product} {ergonomic}
     bool SegmentedCodeCache                       = true                                      {product} {ergonomic}
   size_t SoftMaxHeapSize                          = 2071986176                             {manageable} {ergonomic}
     bool UseCompressedOops                        = true                           {product lp64_product} {ergonomic}
     bool UseG1GC                                  = true                                      {product} {ergonomic}
     bool UseLargePagesIndividualAllocation        = false                                  {pd product} {ergonomic}

Logging:
Log output configuration:
 #0: stdout all=warning uptime,level,tags foldmultilines=false
 #1: stderr all=off uptime,level,tags foldmultilines=false

Environment Variables:
JAVA_HOME=C:\Program Files\Java\jdk-21
CLASSPATH=C:\Program Files\Apache Software Foundation\Tomcat 10.1\lib\servlet-api.jar
PATH=C:\Program Files\Common Files\Oracle\Java\javapath;C:\Program Files\Python312\Scripts\;C:\Program Files\Python312\;C:\Windows\system32;C:\Windows;C:\Windows\System32\Wbem;C:\Windows\System32\WindowsPowerShell\v1.0\;C:\Windows\System32\OpenSSH\;C:\MinGW\bin;C:\Program Files\Python312;C:\Program Files\MySQL\MySQL Server 8.0\bin;C:\Program Files\MySQL\MySQL Server 8.0\bin;C:\Program Files\Git\cmd;C:\Program Files\MongoDB\Server\8.0\bin;C:\Program Files\nodejs\;C:\Program Files\Docker\Docker\resources\bin;C:\Users\ACER\.kimi-code\bin;C:\Program Files\MySQL\MySQL Shell 8.0\bin\;C:\Users\ACER\AppData\Local\Microsoft\WindowsApps;C:\Users\ACER\AppData\Local\Programs\Microsoft VS Code\bin;C:\Program Files\Python312;C:\Users\ACER\AppData\Local\GitHubDesktop\bin;C:\Program Files\Java\jdk-21\bin;C:\Program Files\JetBrains\IntelliJ IDEA Community Edition 2024.1.4\bin;;C:\MinGW\bin;C:\Program Files\MongoDB\Server\8.0\bin;C:\Users\ACER\AppData\Local\Microsoft\WinGet\Packages\yt-dlp.FFmpeg_Microsoft.Winget.Source_8wekyb3d8bbwe\ffmpeg-N-120424-g03b9180fe3-win64-gpl\bin;C:\Users\ACER\AppData\Roaming\npm;D:\Antigravity\bin
USERNAME=ACER
OS=Windows_NT
PROCESSOR_IDENTIFIER=Intel64 Family 6 Model 154 Stepping 4, GenuineIntel
TMP=C:\Users\ACER\AppData\Local\Temp
TEMP=C:\Users\ACER\AppData\Local\Temp




Periodic native trim disabled

---------------  S Y S T E M  ---------------

OS:
 Windows 11 , 64 bit Build 22621 (10.0.22621.5415)
OS uptime: 0 days 19:39 hours
Hyper-V role detected

CPU: total 12 (initial active 12) (6 cores per cpu, 2 threads per core) family 6 model 154 stepping 4 microcode 0x423, cx8, cmov, fxsr, ht, mmx, 3dnowpref, sse, sse2, sse3, ssse3, sse4.1, sse4.2, popcnt, lzcnt, tsc, tscinvbit, avx, avx2, aes, erms, clmul, bmi1, bmi2, adx, sha, fma, vzeroupper, clflush, clflushopt, clwb, hv, serialize, rdtscp, rdpid, fsrm, f16c, cet_ibt, cet_ss
Processor Information for processor 0
  Max Mhz: 1300, Current Mhz: 1300, Mhz Limit: 1300
Processor Information for processor 1
  Max Mhz: 1300, Current Mhz: 1300, Mhz Limit: 1300
Processor Information for processor 2
  Max Mhz: 1300, Current Mhz: 1300, Mhz Limit: 1300
Processor Information for processor 3
  Max Mhz: 1300, Current Mhz: 1300, Mhz Limit: 1300
Processor Information for processor 4
  Max Mhz: 1300, Current Mhz: 900, Mhz Limit: 897
Processor Information for processor 5
  Max Mhz: 1300, Current Mhz: 900, Mhz Limit: 897
Processor Information for processor 6
  Max Mhz: 1300, Current Mhz: 900, Mhz Limit: 897
Processor Information for processor 7
  Max Mhz: 1300, Current Mhz: 900, Mhz Limit: 897
Processor Information for processor 8
  Max Mhz: 1300, Current Mhz: 900, Mhz Limit: 897
Processor Information for processor 9
  Max Mhz: 1300, Current Mhz: 900, Mhz Limit: 897
Processor Information for processor 10
  Max Mhz: 1300, Current Mhz: 900, Mhz Limit: 897
Processor Information for processor 11
  Max Mhz: 1300, Current Mhz: 900, Mhz Limit: 897

Memory: 4k page, system-wide physical 7896M (62M free)
TotalPageFile size 26646M (AvailPageFile size 0M)
current process WorkingSet (physical memory assigned to process): 254M, peak: 351M
current process commit charge ("private bytes"): 421M, peak: 431M

vm_info: Java HotSpot(TM) 64-Bit Server VM (22.0.2+9-70) for windows-amd64 JRE (22.0.2+9-70), built on 2024-06-04T16:52:23Z by "mach5one" with MS VC++ 17.6 (VS2022)

END.
