#
# There is insufficient memory for the Java Runtime Environment to continue.
# Native memory allocation (malloc) failed to allocate 236736 bytes. Error detail: Chunk::new
# Possible reasons:
#   The system is out of physical RAM or swap space
#   This process is running with CompressedOops enabled, and the Java Heap may be blocking the growth of the native heap
# Possible solutions:
#   Reduce memory load on the system
#   Increase physical memory or swap space
#   Check if swap backing store is full
#   Decrease Java heap size (-Xmx/-Xms)
#   Decrease number of Java threads
#   Decrease Java thread stack sizes (-Xss)
#   Set larger code cache with -XX:ReservedCodeCacheSize=
#   JVM is running with Unscaled Compressed Oops mode in which the Java heap is
#     placed in the first 4GB address space. The Java Heap base address is the
#     maximum limit for the native heap growth. Please use -XX:HeapBaseMinAddress
#     to set the Java Heap base and to place the Java Heap above 4GB virtual address.
# This output file may be truncated or incomplete.
#
#  Out of Memory Error (arena.cpp:150), pid=20940, tid=18844
#
# JRE version: Java(TM) SE Runtime Environment (22.0.2+9) (build 22.0.2+9-70)
# Java VM: Java HotSpot(TM) 64-Bit Server VM (22.0.2+9-70, mixed mode, sharing, tiered, compressed oops, compressed class ptrs, g1 gc, windows-amd64)
# No core dump will be written. Minidumps are not enabled by default on client versions of Windows
#

---------------  S U M M A R Y ------------

Command Line: -javaagent:C:\Program Files\JetBrains\IntelliJ IDEA Community Edition 2024.1.4\lib\idea_rt.jar=58104:C:\Program Files\JetBrains\IntelliJ IDEA Community Edition 2024.1.4\bin -Dfile.encoding=UTF-8 -Dsun.stdout.encoding=UTF-8 -Dsun.stderr.encoding=UTF-8 com.Chat_App.chat_services.ChatServicesApplication

Host: 12th Gen Intel(R) Core(TM) i5-1235U, 12 cores, 7G,  Windows 11 , 64 bit Build 22621 (10.0.22621.5415)
Time: Sat Aug 22 16:17:21 2026 India Standard Time elapsed time: 121.734135 seconds (0d 0h 2m 1s)

---------------  T H R E A D  ---------------

Current thread (0x000001b3a0fd9350):  JavaThread "C2 CompilerThread0" daemon [_thread_in_native, id=18844, stack(0x00000093ec600000,0x00000093ec700000) (1024K)]


Current CompileTask:
C2:121734 9527       4       org.antlr.v4.runtime.misc.Array2DHashSet::getOrAddImpl (146 bytes)

Stack: [0x00000093ec600000,0x00000093ec700000]
Native frames: (J=compiled Java code, j=interpreted, Vv=VM code, C=native code)
V  [jvm.dll+0x6e26e9]  (no source info available)
V  [jvm.dll+0x875753]  (no source info available)
V  [jvm.dll+0x877b7e]  (no source info available)
V  [jvm.dll+0x878253]  (no source info available)
V  [jvm.dll+0x27fc86]  (no source info available)
V  [jvm.dll+0xc3d0f]  (no source info available)
V  [jvm.dll+0xc3f6b]  (no source info available)
V  [jvm.dll+0x2f3c7f]  (no source info available)
V  [jvm.dll+0x60c0fa]  (no source info available)
V  [jvm.dll+0x250c92]  (no source info available)
V  [jvm.dll+0x248d0e]  (no source info available)
V  [jvm.dll+0x246da6]  (no source info available)
V  [jvm.dll+0x1c4e80]  (no source info available)
V  [jvm.dll+0x2568f3]  (no source info available)
V  [jvm.dll+0x254baa]  (no source info available)
V  [jvm.dll+0x3f57a6]  (no source info available)
V  [jvm.dll+0x81dc0b]  (no source info available)
V  [jvm.dll+0x6e0d85]  (no source info available)
C  [ucrtbase.dll+0x29333]  (no source info available)
C  [KERNEL32.DLL+0x1259d]  (no source info available)
C  [ntdll.dll+0x5af78]  (no source info available)


---------------  P R O C E S S  ---------------

Threads class SMR info:
_java_thread_list=0x000001b3ece24230, length=40, elements={
0x000001b3a0fcef00, 0x000001b3a0fcfc20, 0x000001b3a0fd2690, 0x000001b3a0fd30f0,
0x000001b3a0fd3b50, 0x000001b3a0fd45b0, 0x000001b3a0fd9350, 0x000001b3a17526f0,
0x000001b3a181f8d0, 0x000001b3e75cc780, 0x000001b3e75cd600, 0x000001b3e963b030,
0x000001b3e963a310, 0x000001b3e963a9a0, 0x000001b3e963bd50, 0x000001b3e963b6c0,
0x000001b3e963ca70, 0x000001b3e89548f0, 0x000001b3e894ed10, 0x000001b3e894f3a0,
0x000001b3e8950750, 0x000001b3e8954260, 0x000001b3e894fa30, 0x000001b3e8953bd0,
0x000001b3e8952190, 0x000001b3e89500c0, 0x000001b3e894d960, 0x000001b3e8951470,
0x000001b3e8951b00, 0x000001b3e8950de0, 0x000001b3e8952820, 0x000001b3e8952eb0,
0x000001b3e8953540, 0x000001b3e8954f80, 0x000001b3e894dff0, 0x000001b3e8609fb0,
0x000001b3e86071c0, 0x000001b3e8605e10, 0x000001b3e8609290, 0x000001b3e8607850
}

Java Threads: ( => current thread )
  0x000001b3a0fcef00 JavaThread "Reference Handler"          daemon [_thread_blocked, id=19360, stack(0x00000093ec000000,0x00000093ec100000) (1024K)]
  0x000001b3a0fcfc20 JavaThread "Finalizer"                  daemon [_thread_blocked, id=26380, stack(0x00000093ec100000,0x00000093ec200000) (1024K)]
  0x000001b3a0fd2690 JavaThread "Signal Dispatcher"          daemon [_thread_blocked, id=15688, stack(0x00000093ec200000,0x00000093ec300000) (1024K)]
  0x000001b3a0fd30f0 JavaThread "Attach Listener"            daemon [_thread_blocked, id=12112, stack(0x00000093ec300000,0x00000093ec400000) (1024K)]
  0x000001b3a0fd3b50 JavaThread "Service Thread"             daemon [_thread_blocked, id=4496, stack(0x00000093ec400000,0x00000093ec500000) (1024K)]
  0x000001b3a0fd45b0 JavaThread "Monitor Deflation Thread"   daemon [_thread_blocked, id=25996, stack(0x00000093ec500000,0x00000093ec600000) (1024K)]
=>0x000001b3a0fd9350 JavaThread "C2 CompilerThread0"         daemon [_thread_in_native, id=18844, stack(0x00000093ec600000,0x00000093ec700000) (1024K)]
  0x000001b3a17526f0 JavaThread "C1 CompilerThread0"         daemon [_thread_blocked, id=19412, stack(0x00000093ec700000,0x00000093ec800000) (1024K)]
  0x000001b3a181f8d0 JavaThread "Common-Cleaner"             daemon [_thread_blocked, id=15772, stack(0x00000093ec800000,0x00000093ec900000) (1024K)]
  0x000001b3e75cc780 JavaThread "Monitor Ctrl-Break"         daemon [_thread_in_native, id=11268, stack(0x00000093ec900000,0x00000093eca00000) (1024K)]
  0x000001b3e75cd600 JavaThread "Notification Thread"        daemon [_thread_blocked, id=21372, stack(0x00000093eca00000,0x00000093ecb00000) (1024K)]
  0x000001b3e963b030 JavaThread "Catalina-utility-1"                [_thread_blocked, id=3148, stack(0x00000093ed600000,0x00000093ed700000) (1024K)]
  0x000001b3e963a310 JavaThread "Catalina-utility-2"                [_thread_blocked, id=22520, stack(0x00000093ed700000,0x00000093ed800000) (1024K)]
  0x000001b3e963a9a0 JavaThread "container-0"                       [_thread_blocked, id=4976, stack(0x00000093ed800000,0x00000093ed900000) (1024K)]
  0x000001b3e963bd50 JavaThread "Cleaner-0"                  daemon [_thread_blocked, id=13148, stack(0x00000093edc00000,0x00000093edd00000) (1024K)]
  0x000001b3e963b6c0 JavaThread "HikariPool-1:housekeeper"   daemon [_thread_blocked, id=18276, stack(0x00000093edd00000,0x00000093ede00000) (1024K)]
  0x000001b3e963ca70 JavaThread "File Watcher"               daemon [_thread_blocked, id=2852, stack(0x00000093ee000000,0x00000093ee100000) (1024K)]
  0x000001b3e89548f0 JavaThread "MessageBroker-1"                   [_thread_blocked, id=4432, stack(0x00000093edf00000,0x00000093ee000000) (1024K)]
  0x000001b3e894ed10 JavaThread "spectator-gauge-polling-0"  daemon [_thread_blocked, id=26052, stack(0x00000093ee200000,0x00000093ee300000) (1024K)]
  0x000001b3e894f3a0 JavaThread "AsyncResolver-bootstrap-%d" daemon [_thread_blocked, id=8456, stack(0x00000093ee300000,0x00000093ee400000) (1024K)]
  0x000001b3e8950750 JavaThread "DiscoveryClient-%d"         daemon [_thread_blocked, id=19588, stack(0x00000093ee500000,0x00000093ee600000) (1024K)]
  0x000001b3e8954260 JavaThread "DiscoveryClient-%d"         daemon [_thread_blocked, id=6068, stack(0x00000093ee600000,0x00000093ee700000) (1024K)]
  0x000001b3e894fa30 JavaThread "DiscoveryClient-InstanceInfoReplicator-%d" daemon [_thread_blocked, id=16720, stack(0x00000093ee700000,0x00000093ee800000) (1024K)]
  0x000001b3e8953bd0 JavaThread "http-nio-8083-exec-1"       daemon [_thread_blocked, id=24856, stack(0x00000093ee800000,0x00000093ee900000) (1024K)]
  0x000001b3e8952190 JavaThread "http-nio-8083-exec-2"       daemon [_thread_blocked, id=25660, stack(0x00000093ee900000,0x00000093eea00000) (1024K)]
  0x000001b3e89500c0 JavaThread "http-nio-8083-exec-3"       daemon [_thread_blocked, id=21768, stack(0x00000093eea00000,0x00000093eeb00000) (1024K)]
  0x000001b3e894d960 JavaThread "http-nio-8083-exec-4"       daemon [_thread_blocked, id=13996, stack(0x00000093eeb00000,0x00000093eec00000) (1024K)]
  0x000001b3e8951470 JavaThread "http-nio-8083-exec-5"       daemon [_thread_blocked, id=2856, stack(0x00000093eec00000,0x00000093eed00000) (1024K)]
  0x000001b3e8951b00 JavaThread "http-nio-8083-exec-6"       daemon [_thread_blocked, id=13828, stack(0x00000093eed00000,0x00000093eee00000) (1024K)]
  0x000001b3e8950de0 JavaThread "http-nio-8083-exec-7"       daemon [_thread_blocked, id=22796, stack(0x00000093eee00000,0x00000093eef00000) (1024K)]
  0x000001b3e8952820 JavaThread "http-nio-8083-exec-8"       daemon [_thread_blocked, id=15288, stack(0x00000093eef00000,0x00000093ef000000) (1024K)]
  0x000001b3e8952eb0 JavaThread "http-nio-8083-exec-9"       daemon [_thread_blocked, id=21732, stack(0x00000093ef000000,0x00000093ef100000) (1024K)]
  0x000001b3e8953540 JavaThread "http-nio-8083-exec-10"      daemon [_thread_in_vm, id=12776, stack(0x00000093ef100000,0x00000093ef200000) (1024K)]
  0x000001b3e8954f80 JavaThread "http-nio-8083-Poller"       daemon [_thread_in_native, id=11584, stack(0x00000093ef200000,0x00000093ef300000) (1024K)]
  0x000001b3e894dff0 JavaThread "http-nio-8083-Acceptor"     daemon [_thread_in_native, id=5216, stack(0x00000093ef300000,0x00000093ef400000) (1024K)]
  0x000001b3e8609fb0 JavaThread "registrationTask1"                 [_thread_blocked, id=17768, stack(0x00000093ee400000,0x00000093ee500000) (1024K)]
  0x000001b3e86071c0 JavaThread "DestroyJavaVM"                     [_thread_blocked, id=14716, stack(0x00000093eb800000,0x00000093eb900000) (1024K)]
  0x000001b3e8605e10 JavaThread "DiscoveryClient-CacheRefreshExecutor-%d" daemon [_thread_blocked, id=4868, stack(0x00000093ef400000,0x00000093ef500000) (1024K)]
  0x000001b3e8609290 JavaThread "DiscoveryClient-HeartbeatExecutor-%d" daemon [_thread_blocked, id=11984, stack(0x00000093ef500000,0x00000093ef600000) (1024K)]
  0x000001b3e8607850 JavaThread "MessageBroker-2"                   [_thread_blocked, id=25532, stack(0x00000093eb500000,0x00000093eb600000) (1024K)]
Total: 40

Other Threads:
  0x000001b3a0fb3dd0 VMThread "VM Thread"                           [id=17176, stack(0x00000093ebf00000,0x00000093ec000000) (1024K)]
  0x000001b3a0f9b6d0 WatcherThread "VM Periodic Task Thread"        [id=19228, stack(0x00000093ebe00000,0x00000093ebf00000) (1024K)]
  0x000001b384ad45b0 WorkerThread "GC Thread#0"                     [id=26428, stack(0x00000093eb900000,0x00000093eba00000) (1024K)]
  0x000001b3e77067a0 WorkerThread "GC Thread#1"                     [id=16204, stack(0x00000093ecc00000,0x00000093ecd00000) (1024K)]
  0x000001b3e7682250 WorkerThread "GC Thread#2"                     [id=21584, stack(0x00000093ecd00000,0x00000093ece00000) (1024K)]
  0x000001b3e7682600 WorkerThread "GC Thread#3"                     [id=4488, stack(0x00000093ece00000,0x00000093ecf00000) (1024K)]
  0x000001b3e7d46a20 WorkerThread "GC Thread#4"                     [id=9416, stack(0x00000093ecf00000,0x00000093ed000000) (1024K)]
  0x000001b3e7d46dd0 WorkerThread "GC Thread#5"                     [id=888, stack(0x00000093ed000000,0x00000093ed100000) (1024K)]
  0x000001b3e7d47180 WorkerThread "GC Thread#6"                     [id=23876, stack(0x00000093ed100000,0x00000093ed200000) (1024K)]
  0x000001b3e7d47530 WorkerThread "GC Thread#7"                     [id=22444, stack(0x00000093ed200000,0x00000093ed300000) (1024K)]
  0x000001b3e7eccae0 WorkerThread "GC Thread#8"                     [id=8588, stack(0x00000093ecb00000,0x00000093ecc00000) (1024K)]
  0x000001b3e7ecce90 WorkerThread "GC Thread#9"                     [id=11484, stack(0x00000093ed300000,0x00000093ed400000) (1024K)]
  0x000001b3827bdd20 ConcurrentGCThread "G1 Main Marker"            [id=7560, stack(0x00000093eba00000,0x00000093ebb00000) (1024K)]
  0x000001b3827be9e0 WorkerThread "G1 Conc#0"                       [id=19532, stack(0x00000093ebb00000,0x00000093ebc00000) (1024K)]
  0x000001b3e88fa950 WorkerThread "G1 Conc#1"                       [id=24552, stack(0x00000093ed900000,0x00000093eda00000) (1024K)]
  0x000001b3e946f730 WorkerThread "G1 Conc#2"                       [id=18228, stack(0x00000093eda00000,0x00000093edb00000) (1024K)]
  0x000001b3a0e70890 ConcurrentGCThread "G1 Refine#0"               [id=25140, stack(0x00000093ebc00000,0x00000093ebd00000) (1024K)]
  0x000001b3a0e71410 ConcurrentGCThread "G1 Service"                [id=21996, stack(0x00000093ebd00000,0x00000093ebe00000) (1024K)]
Total: 18

Threads with active compile tasks:
C2 CompilerThread0  121853 9527       4       org.antlr.v4.runtime.misc.Array2DHashSet::getOrAddImpl (146 bytes)
Total: 1

VM state: not at safepoint (normal execution)

VM Mutex/Monitor currently owned by a thread: None

Heap address: 0x0000000084800000, size: 1976 MB, Compressed Oops mode: 32-bit

CDS archive(s) mapped at: [0x000001b3a2000000-0x000001b3a2c60000-0x000001b3a2c60000), size 12976128, SharedBaseAddress: 0x000001b3a2000000, ArchiveRelocationMode: 1.
Compressed class space mapped at: 0x000001b3a3000000-0x000001b3e3000000, reserved size: 1073741824
Narrow klass base: 0x000001b3a2000000, Narrow klass shift: 0, Narrow klass range: 0x41000000

GC Precious Log:
 CardTable entry size: 512
 Card Set container configuration: InlinePtr #cards 5 size 8 Array Of Cards #cards 12 size 40 Howl #buckets 4 coarsen threshold 1843 Howl Bitmap #cards 512 size 80 coarsen threshold 460 Card regions per heap region 1 cards per card region 2048
 CPUs: 12 total, 12 available
 Memory: 7896M
 Large Page Support: Disabled
 NUMA Support: Disabled
 Compressed Oops: Enabled (32-bit)
 Heap Region Size: 1M
 Heap Min Capacity: 8M
 Heap Initial Capacity: 124M
 Heap Max Capacity: 1976M
 Pre-touch: Disabled
 Parallel Workers: 10
 Concurrent Workers: 3
 Concurrent Refinement Workers: 10
 Periodic GC: Disabled

Heap:
 garbage-first heap   total reserved 2023424K, committed 109568K, used 72890K [0x0000000084800000, 0x0000000100000000)
  region size 1024K, 13 young (13312K), 4 survivors (4096K)
 Metaspace       used 105495K, committed 106688K, reserved 1179648K
  class space    used 15183K, committed 15680K, reserved 1048576K

Heap Regions: E=young(eden), S=young(survivor), O=old, HS=humongous(starts), HC=humongous(continues), CS=collection set, F=free, TAMS=top-at-mark-start, PB=parsable bottom
|   0|0x0000000084800000, 0x0000000084900000, 0x0000000084900000|100%|HS|  |TAMS 0x0000000084800000| PB 0x0000000084800000| Complete |  0
|   1|0x0000000084900000, 0x0000000084a00000, 0x0000000084a00000|100%|HS|  |TAMS 0x0000000084900000| PB 0x0000000084900000| Complete |  0
|   2|0x0000000084a00000, 0x0000000084b00000, 0x0000000084b00000|100%| O|  |TAMS 0x0000000084a00000| PB 0x0000000084a00000| Untracked |  0
|   3|0x0000000084b00000, 0x0000000084c00000, 0x0000000084c00000|100%| O|  |TAMS 0x0000000084b00000| PB 0x0000000084b00000| Untracked |  0
|   4|0x0000000084c00000, 0x0000000084d00000, 0x0000000084d00000|100%| O|  |TAMS 0x0000000084c00000| PB 0x0000000084c00000| Untracked |  0
|   5|0x0000000084d00000, 0x0000000084e00000, 0x0000000084e00000|100%| O|  |TAMS 0x0000000084d00000| PB 0x0000000084d00000| Untracked |  0
|   6|0x0000000084e00000, 0x0000000084f00000, 0x0000000084f00000|100%| O|  |TAMS 0x0000000084e00000| PB 0x0000000084e00000| Untracked |  0
|   7|0x0000000084f00000, 0x0000000085000000, 0x0000000085000000|100%| O|  |TAMS 0x0000000084f00000| PB 0x0000000084f00000| Untracked |  0
|   8|0x0000000085000000, 0x0000000085100000, 0x0000000085100000|100%| O|  |TAMS 0x0000000085000000| PB 0x0000000085000000| Untracked |  0
|   9|0x0000000085100000, 0x0000000085200000, 0x0000000085200000|100%| O|  |TAMS 0x0000000085100000| PB 0x0000000085100000| Untracked |  0
|  10|0x0000000085200000, 0x0000000085300000, 0x0000000085300000|100%| O|  |TAMS 0x0000000085200000| PB 0x0000000085200000| Untracked |  0
|  11|0x0000000085300000, 0x0000000085400000, 0x0000000085400000|100%| O|  |TAMS 0x0000000085300000| PB 0x0000000085300000| Untracked |  0
|  12|0x0000000085400000, 0x0000000085500000, 0x0000000085500000|100%| O|  |TAMS 0x0000000085400000| PB 0x0000000085400000| Untracked |  0
|  13|0x0000000085500000, 0x0000000085600000, 0x0000000085600000|100%| O|  |TAMS 0x0000000085500000| PB 0x0000000085500000| Untracked |  0
|  14|0x0000000085600000, 0x0000000085700000, 0x0000000085700000|100%| O|  |TAMS 0x0000000085600000| PB 0x0000000085600000| Untracked |  0
|  15|0x0000000085700000, 0x0000000085800000, 0x0000000085800000|100%| O|  |TAMS 0x0000000085700000| PB 0x0000000085700000| Untracked |  0
|  16|0x0000000085800000, 0x0000000085900000, 0x0000000085900000|100%| O|  |TAMS 0x0000000085800000| PB 0x0000000085800000| Untracked |  0
|  17|0x0000000085900000, 0x0000000085a00000, 0x0000000085a00000|100%| O|  |TAMS 0x0000000085900000| PB 0x0000000085900000| Untracked |  0
|  18|0x0000000085a00000, 0x0000000085b00000, 0x0000000085b00000|100%| O|  |TAMS 0x0000000085a00000| PB 0x0000000085a00000| Untracked |  0
|  19|0x0000000085b00000, 0x0000000085c00000, 0x0000000085c00000|100%| O|  |TAMS 0x0000000085b00000| PB 0x0000000085b00000| Untracked |  0
|  20|0x0000000085c00000, 0x0000000085d00000, 0x0000000085d00000|100%| O|  |TAMS 0x0000000085c00000| PB 0x0000000085c00000| Untracked |  0
|  21|0x0000000085d00000, 0x0000000085e00000, 0x0000000085e00000|100%| O|  |TAMS 0x0000000085d00000| PB 0x0000000085d00000| Untracked |  0
|  22|0x0000000085e00000, 0x0000000085f00000, 0x0000000085f00000|100%| O|  |TAMS 0x0000000085e00000| PB 0x0000000085e00000| Untracked |  0
|  23|0x0000000085f00000, 0x0000000086000000, 0x0000000086000000|100%| O|  |TAMS 0x0000000085f00000| PB 0x0000000085f00000| Untracked |  0
|  24|0x0000000086000000, 0x0000000086100000, 0x0000000086100000|100%| O|  |TAMS 0x0000000086000000| PB 0x0000000086000000| Untracked |  0
|  25|0x0000000086100000, 0x0000000086200000, 0x0000000086200000|100%| O|  |TAMS 0x0000000086100000| PB 0x0000000086100000| Untracked |  0
|  26|0x0000000086200000, 0x0000000086300000, 0x0000000086300000|100%| O|Cm|TAMS 0x0000000086200000| PB 0x0000000086200000| Complete |  0
|  27|0x0000000086300000, 0x0000000086400000, 0x0000000086400000|100%| O|  |TAMS 0x0000000086300000| PB 0x0000000086300000| Untracked |  0
|  28|0x0000000086400000, 0x0000000086500000, 0x0000000086500000|100%| O|  |TAMS 0x0000000086400000| PB 0x0000000086400000| Untracked |  0
|  29|0x0000000086500000, 0x0000000086600000, 0x0000000086600000|100%| O|  |TAMS 0x0000000086500000| PB 0x0000000086500000| Untracked |  0
|  30|0x0000000086600000, 0x0000000086700000, 0x0000000086700000|100%| O|  |TAMS 0x0000000086600000| PB 0x0000000086600000| Untracked |  0
|  31|0x0000000086700000, 0x0000000086800000, 0x0000000086800000|100%| O|  |TAMS 0x0000000086700000| PB 0x0000000086700000| Untracked |  0
|  32|0x0000000086800000, 0x0000000086900000, 0x0000000086900000|100%| O|  |TAMS 0x0000000086800000| PB 0x0000000086800000| Untracked |  0
|  33|0x0000000086900000, 0x0000000086a00000, 0x0000000086a00000|100%| O|  |TAMS 0x0000000086900000| PB 0x0000000086900000| Untracked |  0
|  34|0x0000000086a00000, 0x0000000086b00000, 0x0000000086b00000|100%| O|  |TAMS 0x0000000086a00000| PB 0x0000000086a00000| Untracked |  0
|  35|0x0000000086b00000, 0x0000000086c00000, 0x0000000086c00000|100%| O|  |TAMS 0x0000000086b00000| PB 0x0000000086b00000| Untracked |  0
|  36|0x0000000086c00000, 0x0000000086d00000, 0x0000000086d00000|100%| O|  |TAMS 0x0000000086c00000| PB 0x0000000086c00000| Untracked |  0
|  37|0x0000000086d00000, 0x0000000086e00000, 0x0000000086e00000|100%| O|  |TAMS 0x0000000086d00000| PB 0x0000000086d00000| Untracked |  0
|  38|0x0000000086e00000, 0x0000000086f00000, 0x0000000086f00000|100%| O|  |TAMS 0x0000000086e00000| PB 0x0000000086e00000| Untracked |  0
|  39|0x0000000086f00000, 0x0000000087000000, 0x0000000087000000|100%| O|  |TAMS 0x0000000086f00000| PB 0x0000000086f00000| Untracked |  0
|  40|0x0000000087000000, 0x0000000087100000, 0x0000000087100000|100%| O|Cm|TAMS 0x0000000087000000| PB 0x0000000087000000| Complete |  0
|  41|0x0000000087100000, 0x0000000087200000, 0x0000000087200000|100%| O|  |TAMS 0x0000000087100000| PB 0x0000000087100000| Untracked |  0
|  42|0x0000000087200000, 0x0000000087300000, 0x0000000087300000|100%| O|  |TAMS 0x0000000087200000| PB 0x0000000087200000| Untracked |  0
|  43|0x0000000087300000, 0x0000000087400000, 0x0000000087400000|100%| O|  |TAMS 0x0000000087300000| PB 0x0000000087300000| Untracked |  0
|  44|0x0000000087400000, 0x0000000087500000, 0x0000000087500000|100%| O|  |TAMS 0x0000000087400000| PB 0x0000000087400000| Untracked |  0
|  45|0x0000000087500000, 0x0000000087600000, 0x0000000087600000|100%| O|  |TAMS 0x0000000087500000| PB 0x0000000087500000| Untracked |  0
|  46|0x0000000087600000, 0x0000000087700000, 0x0000000087700000|100%| O|  |TAMS 0x0000000087600000| PB 0x0000000087600000| Untracked |  0
|  47|0x0000000087700000, 0x0000000087800000, 0x0000000087800000|100%| O|  |TAMS 0x0000000087700000| PB 0x0000000087700000| Untracked |  0
|  48|0x0000000087800000, 0x0000000087900000, 0x0000000087900000|100%| O|  |TAMS 0x0000000087800000| PB 0x0000000087800000| Untracked |  0
|  49|0x0000000087900000, 0x0000000087a00000, 0x0000000087a00000|100%| O|  |TAMS 0x0000000087900000| PB 0x0000000087900000| Untracked |  0
|  50|0x0000000087a00000, 0x0000000087b00000, 0x0000000087b00000|100%| O|  |TAMS 0x0000000087a00000| PB 0x0000000087a00000| Untracked |  0
|  51|0x0000000087b00000, 0x0000000087c00000, 0x0000000087c00000|100%| O|Cm|TAMS 0x0000000087b00000| PB 0x0000000087b00000| Complete |  0
|  52|0x0000000087c00000, 0x0000000087d00000, 0x0000000087d00000|100%| O|  |TAMS 0x0000000087c00000| PB 0x0000000087c00000| Untracked |  0
|  53|0x0000000087d00000, 0x0000000087e00000, 0x0000000087e00000|100%| O|  |TAMS 0x0000000087d00000| PB 0x0000000087d00000| Untracked |  0
|  54|0x0000000087e00000, 0x0000000087e00000, 0x0000000087f00000|  0%| F|  |TAMS 0x0000000087e00000| PB 0x0000000087e00000| Untracked |  0
|  55|0x0000000087f00000, 0x0000000087f00000, 0x0000000088000000|  0%| F|  |TAMS 0x0000000087f00000| PB 0x0000000087f00000| Untracked |  0
|  56|0x0000000088000000, 0x0000000088000000, 0x0000000088100000|  0%| F|  |TAMS 0x0000000088000000| PB 0x0000000088000000| Untracked |  0
|  57|0x0000000088100000, 0x0000000088200000, 0x0000000088200000|100%| O|  |TAMS 0x0000000088100000| PB 0x0000000088100000| Untracked |  0
|  58|0x0000000088200000, 0x0000000088300000, 0x0000000088300000|100%| O|  |TAMS 0x0000000088200000| PB 0x0000000088200000| Untracked |  0
|  59|0x0000000088300000, 0x0000000088400000, 0x0000000088400000|100%| O|  |TAMS 0x0000000088300000| PB 0x0000000088300000| Untracked |  0
|  60|0x0000000088400000, 0x0000000088500000, 0x0000000088500000|100%| O|  |TAMS 0x0000000088400000| PB 0x0000000088400000| Untracked |  0
|  61|0x0000000088500000, 0x0000000088500000, 0x0000000088600000|  0%| F|  |TAMS 0x0000000088500000| PB 0x0000000088500000| Untracked |  0
|  62|0x0000000088600000, 0x0000000088600000, 0x0000000088700000|  0%| F|  |TAMS 0x0000000088600000| PB 0x0000000088600000| Untracked |  0
|  63|0x0000000088700000, 0x000000008875c8f0, 0x0000000088800000| 36%| O|  |TAMS 0x0000000088700000| PB 0x0000000088700000| Untracked |  0
|  64|0x0000000088800000, 0x00000000888d2150, 0x0000000088900000| 82%| S|CS|TAMS 0x0000000088800000| PB 0x0000000088800000| Complete |  0
|  65|0x0000000088900000, 0x0000000088a00000, 0x0000000088a00000|100%| S|CS|TAMS 0x0000000088900000| PB 0x0000000088900000| Complete |  0
|  66|0x0000000088a00000, 0x0000000088a00000, 0x0000000088b00000|  0%| F|  |TAMS 0x0000000088a00000| PB 0x0000000088a00000| Untracked |  0
|  67|0x0000000088b00000, 0x0000000088b00000, 0x0000000088c00000|  0%| F|  |TAMS 0x0000000088b00000| PB 0x0000000088b00000| Untracked |  0
|  68|0x0000000088c00000, 0x0000000088c00000, 0x0000000088d00000|  0%| F|  |TAMS 0x0000000088c00000| PB 0x0000000088c00000| Untracked |  0
|  69|0x0000000088d00000, 0x0000000088e00000, 0x0000000088e00000|100%| S|CS|TAMS 0x0000000088d00000| PB 0x0000000088d00000| Complete |  0
|  70|0x0000000088e00000, 0x0000000088f00000, 0x0000000088f00000|100%| S|CS|TAMS 0x0000000088e00000| PB 0x0000000088e00000| Complete |  0
|  71|0x0000000088f00000, 0x0000000088f00000, 0x0000000089000000|  0%| F|  |TAMS 0x0000000088f00000| PB 0x0000000088f00000| Untracked |  0
|  72|0x0000000089000000, 0x0000000089000000, 0x0000000089100000|  0%| F|  |TAMS 0x0000000089000000| PB 0x0000000089000000| Untracked |  0
|  73|0x0000000089100000, 0x0000000089100000, 0x0000000089200000|  0%| F|  |TAMS 0x0000000089100000| PB 0x0000000089100000| Untracked |  0
|  74|0x0000000089200000, 0x0000000089200000, 0x0000000089300000|  0%| F|  |TAMS 0x0000000089200000| PB 0x0000000089200000| Untracked |  0
|  75|0x0000000089300000, 0x0000000089300000, 0x0000000089400000|  0%| F|  |TAMS 0x0000000089300000| PB 0x0000000089300000| Untracked |  0
|  76|0x0000000089400000, 0x0000000089400000, 0x0000000089500000|  0%| F|  |TAMS 0x0000000089400000| PB 0x0000000089400000| Untracked |  0
|  77|0x0000000089500000, 0x0000000089500000, 0x0000000089600000|  0%| F|  |TAMS 0x0000000089500000| PB 0x0000000089500000| Untracked |  0
|  78|0x0000000089600000, 0x0000000089600000, 0x0000000089700000|  0%| F|  |TAMS 0x0000000089600000| PB 0x0000000089600000| Untracked |  0
|  79|0x0000000089700000, 0x0000000089700000, 0x0000000089800000|  0%| F|  |TAMS 0x0000000089700000| PB 0x0000000089700000| Untracked |  0
|  80|0x0000000089800000, 0x0000000089800000, 0x0000000089900000|  0%| F|  |TAMS 0x0000000089800000| PB 0x0000000089800000| Untracked |  0
|  81|0x0000000089900000, 0x0000000089900000, 0x0000000089a00000|  0%| F|  |TAMS 0x0000000089900000| PB 0x0000000089900000| Untracked |  0
|  82|0x0000000089a00000, 0x0000000089a00000, 0x0000000089b00000|  0%| F|  |TAMS 0x0000000089a00000| PB 0x0000000089a00000| Untracked |  0
|  83|0x0000000089b00000, 0x0000000089b00000, 0x0000000089c00000|  0%| F|  |TAMS 0x0000000089b00000| PB 0x0000000089b00000| Untracked |  0
|  84|0x0000000089c00000, 0x0000000089c00000, 0x0000000089d00000|  0%| F|  |TAMS 0x0000000089c00000| PB 0x0000000089c00000| Untracked |  0
|  85|0x0000000089d00000, 0x0000000089d00000, 0x0000000089e00000|  0%| F|  |TAMS 0x0000000089d00000| PB 0x0000000089d00000| Untracked |  0
|  86|0x0000000089e00000, 0x0000000089e00000, 0x0000000089f00000|  0%| F|  |TAMS 0x0000000089e00000| PB 0x0000000089e00000| Untracked |  0
|  87|0x0000000089f00000, 0x0000000089f00000, 0x000000008a000000|  0%| F|  |TAMS 0x0000000089f00000| PB 0x0000000089f00000| Untracked |  0
|  88|0x000000008a000000, 0x000000008a000000, 0x000000008a100000|  0%| F|  |TAMS 0x000000008a000000| PB 0x000000008a000000| Untracked |  0
|  89|0x000000008a100000, 0x000000008a100000, 0x000000008a200000|  0%| F|  |TAMS 0x000000008a100000| PB 0x000000008a100000| Untracked |  0
|  90|0x000000008a200000, 0x000000008a200000, 0x000000008a300000|  0%| F|  |TAMS 0x000000008a200000| PB 0x000000008a200000| Untracked |  0
|  91|0x000000008a300000, 0x000000008a300000, 0x000000008a400000|  0%| F|  |TAMS 0x000000008a300000| PB 0x000000008a300000| Untracked |  0
|  92|0x000000008a400000, 0x000000008a400000, 0x000000008a500000|  0%| F|  |TAMS 0x000000008a400000| PB 0x000000008a400000| Untracked |  0
|  93|0x000000008a500000, 0x000000008a500000, 0x000000008a600000|  0%| F|  |TAMS 0x000000008a500000| PB 0x000000008a500000| Untracked |  0
|  94|0x000000008a600000, 0x000000008a600000, 0x000000008a700000|  0%| F|  |TAMS 0x000000008a600000| PB 0x000000008a600000| Untracked |  0
|  95|0x000000008a700000, 0x000000008a700000, 0x000000008a800000|  0%| F|  |TAMS 0x000000008a700000| PB 0x000000008a700000| Untracked |  0
|  96|0x000000008a800000, 0x000000008a800000, 0x000000008a900000|  0%| F|  |TAMS 0x000000008a800000| PB 0x000000008a800000| Untracked |  0
|  97|0x000000008a900000, 0x000000008a9e4570, 0x000000008aa00000| 89%| E|  |TAMS 0x000000008a900000| PB 0x000000008a900000| Complete |  0
|  98|0x000000008aa00000, 0x000000008ab00000, 0x000000008ab00000|100%| E|CS|TAMS 0x000000008aa00000| PB 0x000000008aa00000| Complete |  0
|  99|0x000000008ab00000, 0x000000008ac00000, 0x000000008ac00000|100%| E|CS|TAMS 0x000000008ab00000| PB 0x000000008ab00000| Complete |  0
| 100|0x000000008ac00000, 0x000000008ad00000, 0x000000008ad00000|100%| E|CS|TAMS 0x000000008ac00000| PB 0x000000008ac00000| Complete |  0
| 123|0x000000008c300000, 0x000000008c400000, 0x000000008c400000|100%| E|CS|TAMS 0x000000008c300000| PB 0x000000008c300000| Complete |  0
|1971|0x00000000ffb00000, 0x00000000ffc00000, 0x00000000ffc00000|100%| E|CS|TAMS 0x00000000ffb00000| PB 0x00000000ffb00000| Complete |  0
|1972|0x00000000ffc00000, 0x00000000ffd00000, 0x00000000ffd00000|100%| O|Cm|TAMS 0x00000000ffc00000| PB 0x00000000ffc00000| Complete |  0
|1973|0x00000000ffd00000, 0x00000000ffe00000, 0x00000000ffe00000|100%| E|CS|TAMS 0x00000000ffd00000| PB 0x00000000ffd00000| Complete |  1
|1974|0x00000000ffe00000, 0x00000000fff00000, 0x00000000fff00000|100%| E|CS|TAMS 0x00000000ffe00000| PB 0x00000000ffe00000| Complete |  0
|1975|0x00000000fff00000, 0x0000000100000000, 0x0000000100000000|100%| E|CS|TAMS 0x00000000fff00000| PB 0x00000000fff00000| Complete |  0

Card table byte_map: [0x000001b39c6e0000,0x000001b39cac0000] _byte_map_base: 0x000001b39c2bc000

Marking Bits: (CMBitMap*) 0x000001b384ad4cc0
 Bits: [0x000001b39cac0000, 0x000001b39e9a0000)

Polling page: 0x000001b3829c0000

Metaspace:

Usage:
  Non-class:     88.20 MB used.
      Class:     14.83 MB used.
       Both:    103.02 MB used.

Virtual space:
  Non-class space:      128.00 MB reserved,      88.88 MB ( 69%) committed,  2 nodes.
      Class space:        1.00 GB reserved,      15.31 MB (  1%) committed,  1 nodes.
             Both:        1.12 GB reserved,     104.19 MB (  9%) committed. 

Chunk freelists:
   Non-Class:  6.61 MB
       Class:  720.00 KB
        Both:  7.31 MB

MaxMetaspaceSize: unlimited
CompressedClassSpaceSize: 1.00 GB
Initial GC threshold: 21.00 MB
Current GC threshold: 171.56 MB
CDS: on
 - commit_granule_bytes: 65536.
 - commit_granule_words: 8192.
 - virtual_space_node_default_size: 8388608.
 - enlarge_chunks_in_place: 1.
 - use_allocation_guard: 0.


Internal statistics:

num_allocs_failed_limit: 11.
num_arena_births: 1718.
num_arena_deaths: 0.
num_vsnodes_births: 3.
num_vsnodes_deaths: 0.
num_space_committed: 1667.
num_space_uncommitted: 0.
num_chunks_returned_to_freelist: 11.
num_chunks_taken_from_freelist: 5671.
num_chunk_merges: 11.
num_chunk_splits: 4020.
num_chunks_enlarged: 3049.
num_inconsistent_stats: 0.

CodeHeap 'non-profiled nmethods': size=120000Kb used=5247Kb max_used=6075Kb free=114752Kb
 bounds [0x000001b394880000, 0x000001b394e70000, 0x000001b39bdb0000]
CodeHeap 'profiled nmethods': size=120000Kb used=14282Kb max_used=15400Kb free=105717Kb
 bounds [0x000001b38cdb0000, 0x000001b38dcc0000, 0x000001b3942e0000]
CodeHeap 'non-nmethods': size=5760Kb used=1811Kb max_used=1856Kb free=3948Kb
 bounds [0x000001b3942e0000, 0x000001b394550000, 0x000001b394880000]
 total_blobs=8909 nmethods=8092 adapters=720
 compilation: enabled
              stopped_count=0, restarted_count=0
 full_count=0

Compilation events (20 events):
Event: 121.680 Thread 0x000001b3a17526f0 nmethod 9523 0x000001b38d568590 code [0x000001b38d568760, 0x000001b38d568c20]
Event: 121.680 Thread 0x000001b3a0fd9350 9524       4       org.antlr.v4.runtime.atn.ParserATNSimulator::getReachableTarget (23 bytes)
Event: 121.684 Thread 0x000001b3a17526f0 9526       1       org.antlr.v4.runtime.atn.EmptyPredictionContext::size (2 bytes)
Event: 121.684 Thread 0x000001b3a17526f0 nmethod 9526 0x000001b39494d990 code [0x000001b39494db20, 0x000001b39494dbe8]
Event: 121.688 Thread 0x000001b3a0fd9350 nmethod 9524 0x000001b39494d090 code [0x000001b39494d240, 0x000001b39494d5b0]
Event: 121.688 Thread 0x000001b3a0fd9350 9525       4       org.antlr.v4.runtime.atn.ParserATNSimulator::closure_ (343 bytes)
Event: 121.689 Thread 0x000001b3a17526f0 9533       3       org.antlr.v4.runtime.atn.ATNConfigSet::isEmpty (8 bytes)
Event: 121.689 Thread 0x000001b3a17526f0 nmethod 9533 0x000001b38d138790 code [0x000001b38d138940, 0x000001b38d138b88]
Event: 121.690 Thread 0x000001b3a17526f0 9534       3       org.antlr.v4.runtime.atn.ParserATNSimulator::closure (44 bytes)
Event: 121.690 Thread 0x000001b3a17526f0 nmethod 9534 0x000001b38d830f10 code [0x000001b38d8310c0, 0x000001b38d8312b8]
Event: 121.717 Thread 0x000001b3a0fd9350 nmethod 9525 0x000001b3948c2810 code [0x000001b3948c2ae0, 0x000001b3948c3770]
Event: 121.718 Thread 0x000001b3a0fd9350 9527       4       org.antlr.v4.runtime.misc.Array2DHashSet::getOrAddImpl (146 bytes)
Event: 121.718 Thread 0x000001b3a17526f0 9535       1       org.hibernate.metamodel.mapping.internal.BasicAttributeMapping::getCustomReadExpression (5 bytes)
Event: 121.719 Thread 0x000001b3a17526f0 nmethod 9535 0x000001b39494cd90 code [0x000001b39494cf20, 0x000001b39494cfe8]
Event: 121.719 Thread 0x000001b3a17526f0 9536       3       org.hibernate.metamodel.mapping.EntityMappingType::findContainingEntityMapping (2 bytes)
Event: 121.719 Thread 0x000001b3a17526f0 nmethod 9536 0x000001b38d386810 code [0x000001b38d3869a0, 0x000001b38d386ab0]
Event: 121.719 Thread 0x000001b3a17526f0 9537       1       org.hibernate.sql.ast.tree.from.AbstractTableReference::getIdentificationVariable (5 bytes)
Event: 121.719 Thread 0x000001b3a17526f0 nmethod 9537 0x000001b39494ca90 code [0x000001b39494cc20, 0x000001b39494cce8]
Event: 121.719 Thread 0x000001b3a17526f0 9538       1       org.hibernate.sql.results.graph.AbstractFetchParent::getNavigablePath (5 bytes)
Event: 121.719 Thread 0x000001b3a17526f0 nmethod 9538 0x000001b39494c790 code [0x000001b39494c920, 0x000001b39494c9e8]

GC Heap History (20 events):
Event: 13.929 GC heap before
{Heap before GC invocations=11 (full 0):
 garbage-first heap   total reserved 2023424K, committed 87040K, used 73728K [0x0000000084800000, 0x0000000100000000)
  region size 1024K, 36 young (36864K), 6 survivors (6144K)
 Metaspace       used 46482K, committed 47104K, reserved 1114112K
  class space    used 6045K, committed 6336K, reserved 1048576K
}
Event: 13.936 GC heap after
{Heap after GC invocations=12 (full 0):
 garbage-first heap   total reserved 2023424K, committed 104448K, used 42544K [0x0000000084800000, 0x0000000100000000)
  region size 1024K, 3 young (3072K), 3 survivors (3072K)
 Metaspace       used 46482K, committed 47104K, reserved 1114112K
  class space    used 6045K, committed 6336K, reserved 1048576K
}
Event: 15.850 GC heap before
{Heap before GC invocations=12 (full 0):
 garbage-first heap   total reserved 2023424K, committed 104448K, used 85552K [0x0000000084800000, 0x0000000100000000)
  region size 1024K, 45 young (46080K), 3 survivors (3072K)
 Metaspace       used 57397K, committed 58176K, reserved 1114112K
  class space    used 7837K, committed 8192K, reserved 1048576K
}
Event: 15.856 GC heap after
{Heap after GC invocations=13 (full 0):
 garbage-first heap   total reserved 2023424K, committed 104448K, used 44879K [0x0000000084800000, 0x0000000100000000)
  region size 1024K, 5 young (5120K), 5 survivors (5120K)
 Metaspace       used 57397K, committed 58176K, reserved 1114112K
  class space    used 7837K, committed 8192K, reserved 1048576K
}
Event: 16.285 GC heap before
{Heap before GC invocations=13 (full 0):
 garbage-first heap   total reserved 2023424K, committed 104448K, used 52047K [0x0000000084800000, 0x0000000100000000)
  region size 1024K, 13 young (13312K), 5 survivors (5120K)
 Metaspace       used 59409K, committed 60096K, reserved 1114112K
  class space    used 8102K, committed 8448K, reserved 1048576K
}
Event: 16.291 GC heap after
{Heap after GC invocations=14 (full 0):
 garbage-first heap   total reserved 2023424K, committed 104448K, used 45656K [0x0000000084800000, 0x0000000100000000)
  region size 1024K, 4 young (4096K), 4 survivors (4096K)
 Metaspace       used 59409K, committed 60096K, reserved 1114112K
  class space    used 8102K, committed 8448K, reserved 1048576K
}
Event: 18.209 GC heap before
{Heap before GC invocations=15 (full 0):
 garbage-first heap   total reserved 2023424K, committed 104448K, used 86616K [0x0000000084800000, 0x0000000100000000)
  region size 1024K, 46 young (47104K), 4 survivors (4096K)
 Metaspace       used 69973K, committed 70784K, reserved 1114112K
  class space    used 9732K, committed 10112K, reserved 1048576K
}
Event: 18.216 GC heap after
{Heap after GC invocations=16 (full 0):
 garbage-first heap   total reserved 2023424K, committed 104448K, used 46656K [0x0000000084800000, 0x0000000100000000)
  region size 1024K, 6 young (6144K), 6 survivors (6144K)
 Metaspace       used 69973K, committed 70784K, reserved 1114112K
  class space    used 9732K, committed 10112K, reserved 1048576K
}
Event: 20.572 GC heap before
{Heap before GC invocations=16 (full 0):
 garbage-first heap   total reserved 2023424K, committed 104448K, used 90688K [0x0000000084800000, 0x0000000100000000)
  region size 1024K, 49 young (50176K), 6 survivors (6144K)
 Metaspace       used 79196K, committed 80000K, reserved 1179648K
  class space    used 11144K, committed 11520K, reserved 1048576K
}
Event: 20.581 GC heap after
{Heap after GC invocations=17 (full 0):
 garbage-first heap   total reserved 2023424K, committed 104448K, used 48127K [0x0000000084800000, 0x0000000100000000)
  region size 1024K, 6 young (6144K), 6 survivors (6144K)
 Metaspace       used 79196K, committed 80000K, reserved 1179648K
  class space    used 11144K, committed 11520K, reserved 1048576K
}
Event: 22.102 GC heap before
{Heap before GC invocations=17 (full 0):
 garbage-first heap   total reserved 2023424K, committed 104448K, used 91135K [0x0000000084800000, 0x0000000100000000)
  region size 1024K, 48 young (49152K), 6 survivors (6144K)
 Metaspace       used 85695K, committed 86464K, reserved 1179648K
  class space    used 12280K, committed 12608K, reserved 1048576K
}
Event: 22.112 GC heap after
{Heap after GC invocations=18 (full 0):
 garbage-first heap   total reserved 2023424K, committed 104448K, used 53086K [0x0000000084800000, 0x0000000100000000)
  region size 1024K, 5 young (5120K), 5 survivors (5120K)
 Metaspace       used 85695K, committed 86464K, reserved 1179648K
  class space    used 12280K, committed 12608K, reserved 1048576K
}
Event: 25.611 GC heap before
{Heap before GC invocations=18 (full 0):
 garbage-first heap   total reserved 2023424K, committed 104448K, used 91998K [0x0000000084800000, 0x0000000100000000)
  region size 1024K, 43 young (44032K), 5 survivors (5120K)
 Metaspace       used 89901K, committed 90752K, reserved 1179648K
  class space    used 12866K, committed 13248K, reserved 1048576K
}
Event: 25.620 GC heap after
{Heap after GC invocations=19 (full 0):
 garbage-first heap   total reserved 2023424K, committed 104448K, used 56866K [0x0000000084800000, 0x0000000100000000)
  region size 1024K, 4 young (4096K), 4 survivors (4096K)
 Metaspace       used 89901K, committed 90752K, reserved 1179648K
  class space    used 12866K, committed 13248K, reserved 1048576K
}
Event: 28.010 GC heap before
{Heap before GC invocations=20 (full 0):
 garbage-first heap   total reserved 2023424K, committed 104448K, used 92706K [0x0000000084800000, 0x0000000100000000)
  region size 1024K, 40 young (40960K), 4 survivors (4096K)
 Metaspace       used 93749K, committed 94720K, reserved 1179648K
  class space    used 13514K, committed 13952K, reserved 1048576K
}
Event: 28.020 GC heap after
{Heap after GC invocations=21 (full 0):
 garbage-first heap   total reserved 2023424K, committed 104448K, used 61921K [0x0000000084800000, 0x0000000100000000)
  region size 1024K, 5 young (5120K), 5 survivors (5120K)
 Metaspace       used 93749K, committed 94720K, reserved 1179648K
  class space    used 13514K, committed 13952K, reserved 1048576K
}
Event: 30.302 GC heap before
{Heap before GC invocations=21 (full 0):
 garbage-first heap   total reserved 2023424K, committed 104448K, used 92641K [0x0000000084800000, 0x0000000100000000)
  region size 1024K, 35 young (35840K), 5 survivors (5120K)
 Metaspace       used 100242K, committed 101248K, reserved 1179648K
  class space    used 14434K, committed 14848K, reserved 1048576K
}
Event: 30.310 GC heap after
{Heap after GC invocations=22 (full 0):
 garbage-first heap   total reserved 2023424K, committed 104448K, used 63467K [0x0000000084800000, 0x0000000100000000)
  region size 1024K, 3 young (3072K), 3 survivors (3072K)
 Metaspace       used 100242K, committed 101248K, reserved 1179648K
  class space    used 14434K, committed 14848K, reserved 1048576K
}
Event: 117.574 GC heap before
{Heap before GC invocations=22 (full 0):
 garbage-first heap   total reserved 2023424K, committed 104448K, used 93163K [0x0000000084800000, 0x0000000100000000)
  region size 1024K, 33 young (33792K), 3 survivors (3072K)
 Metaspace       used 103942K, committed 105024K, reserved 1179648K
  class space    used 14961K, committed 15424K, reserved 1048576K
}
Event: 117.815 GC heap after
{Heap after GC invocations=23 (full 0):
 garbage-first heap   total reserved 2023424K, committed 104448K, used 64698K [0x0000000084800000, 0x0000000100000000)
  region size 1024K, 4 young (4096K), 4 survivors (4096K)
 Metaspace       used 103942K, committed 105024K, reserved 1179648K
  class space    used 14961K, committed 15424K, reserved 1048576K
}

Dll operation events (15 events):
Event: 0.044 Loaded shared library C:\Program Files\Java\jdk-22\bin\java.dll
Event: 0.175 Loaded shared library C:\Program Files\Java\jdk-22\bin\jsvml.dll
Event: 0.566 Loaded shared library C:\Program Files\Java\jdk-22\bin\zip.dll
Event: 0.581 Loaded shared library C:\Program Files\Java\jdk-22\bin\instrument.dll
Event: 0.604 Loaded shared library C:\Program Files\Java\jdk-22\bin\net.dll
Event: 0.611 Loaded shared library C:\Program Files\Java\jdk-22\bin\nio.dll
Event: 0.622 Loaded shared library C:\Program Files\Java\jdk-22\bin\zip.dll
Event: 1.396 Loaded shared library C:\Program Files\Java\jdk-22\bin\jimage.dll
Event: 1.397 Loaded shared library C:\Program Files\JetBrains\IntelliJ IDEA Community Edition 2024.1.4\bin\breakgen64.dll
Event: 1.455 Loaded shared library C:\Program Files\Java\jdk-22\bin\extnet.dll
Event: 3.028 Loaded shared library C:\Program Files\Java\jdk-22\bin\management.dll
Event: 3.041 Loaded shared library C:\Program Files\Java\jdk-22\bin\management_ext.dll
Event: 5.572 Loaded shared library C:\Program Files\Java\jdk-22\bin\le.dll
Event: 6.861 Loaded shared library C:\Program Files\Java\jdk-22\bin\sunmscapi.dll
Event: 28.543 Loaded shared library C:\Program Files\Java\jdk-22\bin\verify.dll

Deoptimization events (20 events):
Event: 121.103 Thread 0x000001b3e8953540 Uncommon trap: trap_request=0xffffff45 fr.pc=0x000001b3948f252c relative=0x000000000000036c
Event: 121.103 Thread 0x000001b3e8953540 Uncommon trap: reason=unstable_if action=reinterpret pc=0x000001b3948f252c method=java.util.StringTokenizer.scanToken(I)I @ 96 c2
Event: 121.103 Thread 0x000001b3e8953540 DEOPT PACKING pc=0x000001b3948f252c sp=0x00000093ef1fbb60
Event: 121.103 Thread 0x000001b3e8953540 DEOPT UNPACKING pc=0x000001b3943346a2 sp=0x00000093ef1fbaf0 mode 2
Event: 121.679 Thread 0x000001b3e8953540 Uncommon trap: trap_request=0xffffffbe fr.pc=0x000001b394e5e838 relative=0x0000000000000ff8
Event: 121.679 Thread 0x000001b3e8953540 Uncommon trap: reason=profile_predicate action=maybe_recompile pc=0x000001b394e5e838 method=org.antlr.v4.runtime.misc.Array2DHashSet.getOrAddImpl(Ljava/lang/Object;)Ljava/lang/Object; @ 56 c2
Event: 121.679 Thread 0x000001b3e8953540 DEOPT PACKING pc=0x000001b394e5e838 sp=0x00000093ef1fa6e0
Event: 121.679 Thread 0x000001b3e8953540 DEOPT UNPACKING pc=0x000001b3943346a2 sp=0x00000093ef1fa6b8 mode 2
Event: 121.680 Thread 0x000001b3e8953540 Uncommon trap: trap_request=0xffffffd6 fr.pc=0x000001b394e58e9c relative=0x0000000000002c7c
Event: 121.680 Thread 0x000001b3e8953540 Uncommon trap: reason=array_check action=maybe_recompile pc=0x000001b394e58e9c method=org.antlr.v4.runtime.misc.Array2DHashSet.getOrAddImpl(Ljava/lang/Object;)Ljava/lang/Object; @ 74 c2
Event: 121.680 Thread 0x000001b3e8953540 DEOPT PACKING pc=0x000001b394e58e9c sp=0x00000093ef1fa7c0
Event: 121.680 Thread 0x000001b3e8953540 DEOPT UNPACKING pc=0x000001b3943346a2 sp=0x00000093ef1fa630 mode 2
Event: 121.680 Thread 0x000001b3e8953540 Uncommon trap: trap_request=0xffffffd6 fr.pc=0x000001b394e58e9c relative=0x0000000000002c7c
Event: 121.680 Thread 0x000001b3e8953540 Uncommon trap: reason=array_check action=maybe_recompile pc=0x000001b394e58e9c method=org.antlr.v4.runtime.misc.Array2DHashSet.getOrAddImpl(Ljava/lang/Object;)Ljava/lang/Object; @ 74 c2
Event: 121.680 Thread 0x000001b3e8953540 DEOPT PACKING pc=0x000001b394e58e9c sp=0x00000093ef1f9960
Event: 121.681 Thread 0x000001b3e8953540 DEOPT UNPACKING pc=0x000001b3943346a2 sp=0x00000093ef1f97d0 mode 2
Event: 121.682 Thread 0x000001b3e8953540 Uncommon trap: trap_request=0xffffffd6 fr.pc=0x000001b394e5e974 relative=0x0000000000001134
Event: 121.682 Thread 0x000001b3e8953540 Uncommon trap: reason=array_check action=maybe_recompile pc=0x000001b394e5e974 method=org.antlr.v4.runtime.misc.Array2DHashSet.getOrAddImpl(Ljava/lang/Object;)Ljava/lang/Object; @ 74 c2
Event: 121.682 Thread 0x000001b3e8953540 DEOPT PACKING pc=0x000001b394e5e974 sp=0x00000093ef1f8eb0
Event: 121.682 Thread 0x000001b3e8953540 DEOPT UNPACKING pc=0x000001b3943346a2 sp=0x00000093ef1f8e80 mode 2

Classes loaded (20 events):
Event: 31.201 Loading class java/util/concurrent/Semaphore$NonfairSync
Event: 31.201 Loading class java/util/concurrent/Semaphore$Sync
Event: 31.201 Loading class java/util/concurrent/Semaphore$Sync done
Event: 31.201 Loading class java/util/concurrent/Semaphore$NonfairSync done
Event: 31.201 Loading class sun/nio/ch/SocketAdaptor
Event: 31.201 Loading class sun/nio/ch/SocketAdaptor done
Event: 31.202 Loading class sun/nio/ch/SocketChannelImpl$DefaultOptionsHolder
Event: 31.202 Loading class sun/nio/ch/SocketChannelImpl$DefaultOptionsHolder done
Event: 31.203 Loading class sun/nio/ch/SelectionKeyImpl
Event: 31.203 Loading class java/nio/channels/spi/AbstractSelectionKey
Event: 31.203 Loading class java/nio/channels/SelectionKey
Event: 31.203 Loading class java/nio/channels/SelectionKey done
Event: 31.203 Loading class java/nio/channels/spi/AbstractSelectionKey done
Event: 31.203 Loading class sun/nio/ch/SelectionKeyImpl done
Event: 31.203 Loading class java/lang/invoke/ConstantBootstraps
Event: 31.204 Loading class java/lang/invoke/ConstantBootstraps done
Event: 111.982 Loading class java/util/concurrent/locks/ReentrantReadWriteLock$Sync$HoldCounter
Event: 112.002 Loading class java/util/concurrent/locks/ReentrantReadWriteLock$Sync$HoldCounter done
Event: 115.545 Loading class java/util/function/DoubleUnaryOperator
Event: 115.549 Loading class java/util/function/DoubleUnaryOperator done

Classes unloaded (0 events):
No events

Classes redefined (0 events):
No events

Internal exceptions (20 events):
Event: 115.558 Thread 0x000001b3e8952820 Exception <a 'java/lang/NoSuchMethodError'{0x00000000896bc3a0}: 'double java.lang.invoke.DirectMethodHandle$Holder.invokeStatic(java.lang.Object, double)'> (0x00000000896bc3a0) 
thrown [s\open\src\hotspot\share\interpreter\linkResolver.cpp, line 774]
Event: 115.566 Thread 0x000001b3e8952820 Exception <a 'java/lang/NoSuchMethodError'{0x00000000896c1988}: 'double java.lang.invoke.DirectMethodHandle$Holder.invokeStaticInit(java.lang.Object, double)'> (0x00000000896c1988) 
thrown [s\open\src\hotspot\share\interpreter\linkResolver.cpp, line 774]
Event: 118.626 Thread 0x000001b3e8953540 Exception <a 'java/lang/NoSuchMethodError'{0x00000000fffcd178}: 'java.lang.Object java.lang.invoke.DirectMethodHandle$Holder.invokeStatic(java.lang.Object, java.lang.Object, java.lang.Object, java.lang.Object, java.lang.Object, java.lang.Object, java.lang.Object, java.lang.Object, java.lang.Object, int)'> (0x00000000fffcd178) 
thrown [s\open\src\hotspot\share\interpreter\linkResolver.cpp, line 774]
Event: 118.627 Thread 0x000001b3e8952820 Exception <a 'java/lang/NoSuchMethodError'{0x00000000fffdc0a8}: 'java.lang.Object java.lang.invoke.DirectMethodHandle$Holder.invokeStatic(java.lang.Object, java.lang.Object, java.lang.Object, java.lang.Object, java.lang.Object, java.lang.Object, java.lang.Object, java.lang.Object, java.lang.Object, int)'> (0x00000000fffdc0a8) 
thrown [s\open\src\hotspot\share\interpreter\linkResolver.cpp, line 774]
Event: 118.714 Thread 0x000001b3e8952820 Exception <a 'java/lang/NoSuchMethodError'{0x00000000fffe6558}: 'java.lang.Object java.lang.invoke.DirectMethodHandle$Holder.invokeStatic(java.lang.Object, java.lang.Object, java.lang.Object, java.lang.Object, java.lang.Object, java.lang.Object, java.lang.Object, java.lang.Object, java.lang.Object, java.lang.Object, int)'> (0x00000000fffe6558) 
thrown [s\open\src\hotspot\share\interpreter\linkResolver.cpp, line 774]
Event: 118.769 Thread 0x000001b3e8953540 Exception <a 'java/lang/NoSuchMethodError'{0x00000000fffd6ef8}: 'java.lang.Object java.lang.invoke.DirectMethodHandle$Holder.invokeStatic(java.lang.Object, java.lang.Object, java.lang.Object, java.lang.Object, java.lang.Object, java.lang.Object, java.lang.Object, java.lang.Object, int)'> (0x00000000fffd6ef8) 
thrown [s\open\src\hotspot\share\interpreter\linkResolver.cpp, line 774]
Event: 118.769 Thread 0x000001b3e8952820 Exception <a 'java/lang/NoSuchMethodError'{0x00000000ffff0888}: 'java.lang.Object java.lang.invoke.DirectMethodHandle$Holder.invokeStatic(java.lang.Object, java.lang.Object, java.lang.Object, java.lang.Object, java.lang.Object, java.lang.Object, java.lang.Object, java.lang.Object, int)'> (0x00000000ffff0888) 
thrown [s\open\src\hotspot\share\interpreter\linkResolver.cpp, line 774]
Event: 120.588 Thread 0x000001b3e8953540 Exception <a 'java/lang/NoSuchMethodError'{0x00000000ffb04438}: 'java.lang.Object java.lang.invoke.DirectMethodHandle$Holder.newInvokeSpecial(java.lang.Object, java.lang.Object, int, int)'> (0x00000000ffb04438) 
thrown [s\open\src\hotspot\share\interpreter\linkResolver.cpp, line 774]
Event: 120.588 Thread 0x000001b3e8952820 Exception <a 'java/lang/NoSuchMethodError'{0x00000000ffb132c8}: 'java.lang.Object java.lang.invoke.DirectMethodHandle$Holder.newInvokeSpecial(java.lang.Object, java.lang.Object, int, int)'> (0x00000000ffb132c8) 
thrown [s\open\src\hotspot\share\interpreter\linkResolver.cpp, line 774]
Event: 120.590 Thread 0x000001b3e8952820 Exception <a 'java/lang/NoSuchMethodError'{0x00000000ffb173a8}: 'java.lang.Object java.lang.invoke.DirectMethodHandle$Holder.invokeSpecial(java.lang.Object, java.lang.Object, java.lang.Object, int, int)'> (0x00000000ffb173a8) 
thrown [s\open\src\hotspot\share\interpreter\linkResolver.cpp, line 774]
Event: 120.590 Thread 0x000001b3e8953540 Exception <a 'java/lang/NoSuchMethodError'{0x00000000ffb084e0}: 'java.lang.Object java.lang.invoke.DirectMethodHandle$Holder.invokeSpecial(java.lang.Object, java.lang.Object, java.lang.Object, int, int)'> (0x00000000ffb084e0) 
thrown [s\open\src\hotspot\share\interpreter\linkResolver.cpp, line 774]
Event: 120.591 Thread 0x000001b3e8952820 Exception <a 'java/lang/NoSuchMethodError'{0x00000000ffb1aca8}: 'java.lang.Object java.lang.invoke.Invokers$Holder.linkToTargetMethod(java.lang.Object, int, int, java.lang.Object)'> (0x00000000ffb1aca8) 
thrown [s\open\src\hotspot\share\interpreter\linkResolver.cpp, line 774]
Event: 120.733 Thread 0x000001b3e8953540 Exception <a 'java/lang/NoSuchMethodError'{0x00000000ffbf0508}: 'void java.lang.invoke.DirectMethodHandle$Holder.invokeStatic(java.lang.Object, java.lang.Object, int, int, java.lang.Object)'> (0x00000000ffbf0508) 
thrown [s\open\src\hotspot\share\interpreter\linkResolver.cpp, line 774]
Event: 120.733 Thread 0x000001b3e8952820 Exception <a 'java/lang/NoSuchMethodError'{0x00000000ffbb15c0}: 'void java.lang.invoke.DirectMethodHandle$Holder.invokeStatic(java.lang.Object, java.lang.Object, int, int, java.lang.Object)'> (0x00000000ffbb15c0) 
thrown [s\open\src\hotspot\share\interpreter\linkResolver.cpp, line 774]
Event: 120.781 Thread 0x000001b3e8952820 Exception <a 'java/lang/NoSuchMethodError'{0x000000008c341aa0}: 'void java.lang.invoke.DirectMethodHandle$Holder.invokeSpecialIFC(java.lang.Object, java.lang.Object, int, java.lang.Object, java.lang.Object, java.lang.Object, java.lang.Object)'> (0x000000008c341aa0) 
thrown [s\open\src\hotspot\share\interpreter\linkResolver.cpp, line 774]
Event: 120.781 Thread 0x000001b3e8953540 Exception <a 'java/lang/NoSuchMethodError'{0x000000008c34fd60}: 'void java.lang.invoke.DirectMethodHandle$Holder.invokeSpecialIFC(java.lang.Object, java.lang.Object, int, java.lang.Object, java.lang.Object, java.lang.Object, java.lang.Object)'> (0x000000008c34fd60) 
thrown [s\open\src\hotspot\share\interpreter\linkResolver.cpp, line 774]
Event: 121.537 Thread 0x000001b3e8952820 Exception <a 'java/lang/NoSuchMethodError'{0x000000008ab4f2d0}: 'java.lang.Object java.lang.invoke.DirectMethodHandle$Holder.newInvokeSpecial(java.lang.Object, java.lang.Object, java.lang.Object, long)'> (0x000000008ab4f2d0) 
thrown [s\open\src\hotspot\share\interpreter\linkResolver.cpp, line 774]
Event: 121.538 Thread 0x000001b3e8952820 Exception <a 'java/lang/NoSuchMethodError'{0x000000008ab53348}: 'java.lang.Object java.lang.invoke.DirectMethodHandle$Holder.invokeSpecial(java.lang.Object, java.lang.Object, java.lang.Object, java.lang.Object, long)'> (0x000000008ab53348) 
thrown [s\open\src\hotspot\share\interpreter\linkResolver.cpp, line 774]
Event: 121.539 Thread 0x000001b3e8952820 Exception <a 'java/lang/NoSuchMethodError'{0x000000008ab570a0}: 'java.lang.Object java.lang.invoke.Invokers$Holder.linkToTargetMethod(java.lang.Object, java.lang.Object, long, java.lang.Object)'> (0x000000008ab570a0) 
thrown [s\open\src\hotspot\share\interpreter\linkResolver.cpp, line 774]
Event: 121.616 Thread 0x000001b3e8952820 Exception <a 'java/io/IOException'{0x000000008ab6c450}> (0x000000008ab6c450) 
thrown [s\open\src\hotspot\share\prims\jni.cpp, line 520]

ZGC Phase Switch (0 events):
No events

VM Operations (20 events):
Event: 115.493 Executing VM operation: Cleanup
Event: 115.509 Executing VM operation: Cleanup done
Event: 116.517 Executing VM operation: Cleanup
Event: 116.532 Executing VM operation: Cleanup done
Event: 117.533 Executing VM operation: Cleanup
Event: 117.534 Executing VM operation: Cleanup done
Event: 117.573 Executing VM operation: G1CollectForAllocation (G1 Evacuation Pause)
Event: 117.819 Executing VM operation: G1CollectForAllocation (G1 Evacuation Pause) done
Event: 118.833 Executing VM operation: Cleanup
Event: 118.849 Executing VM operation: Cleanup done
Event: 119.142 Executing VM operation: G1PauseRemark
Event: 120.132 Executing VM operation: G1PauseRemark done
Event: 120.183 Executing VM operation: G1PauseCleanup
Event: 120.249 Executing VM operation: G1PauseCleanup done
Event: 120.335 Executing VM operation: HandshakeAllThreads (HandshakeForDeflation)
Event: 120.350 Executing VM operation: HandshakeAllThreads (HandshakeForDeflation) done
Event: 120.351 Executing VM operation: RendezvousGCThreads
Event: 120.351 Executing VM operation: RendezvousGCThreads done
Event: 121.360 Executing VM operation: Cleanup
Event: 121.360 Executing VM operation: Cleanup done

Memory protections (0 events):
No events

Nmethod flushes (20 events):
Event: 120.104 Thread 0x000001b3a0fb3dd0 flushing  nmethod 0x000001b38cf8c090
Event: 120.104 Thread 0x000001b3a0fb3dd0 flushing  nmethod 0x000001b38d00b910
Event: 120.104 Thread 0x000001b3a0fb3dd0 flushing  nmethod 0x000001b38d00c610
Event: 120.104 Thread 0x000001b3a0fb3dd0 flushing  nmethod 0x000001b38d00d810
Event: 120.104 Thread 0x000001b3a0fb3dd0 flushing  nmethod 0x000001b38d256f90
Event: 120.104 Thread 0x000001b3a0fb3dd0 flushing  nmethod 0x000001b38d25ab10
Event: 120.104 Thread 0x000001b3a0fb3dd0 flushing  nmethod 0x000001b38d29b190
Event: 120.104 Thread 0x000001b3a0fb3dd0 flushing  nmethod 0x000001b38d3df310
Event: 120.104 Thread 0x000001b3a0fb3dd0 flushing  nmethod 0x000001b38d439110
Event: 120.104 Thread 0x000001b3a0fb3dd0 flushing  nmethod 0x000001b38d5e1f90
Event: 120.104 Thread 0x000001b3a0fb3dd0 flushing  nmethod 0x000001b38d5e2990
Event: 120.104 Thread 0x000001b3a0fb3dd0 flushing  nmethod 0x000001b38d5e2e90
Event: 120.104 Thread 0x000001b3a0fb3dd0 flushing  nmethod 0x000001b38d7d9690
Event: 120.104 Thread 0x000001b3a0fb3dd0 flushing  nmethod 0x000001b38d7dc610
Event: 120.104 Thread 0x000001b3a0fb3dd0 flushing  nmethod 0x000001b38d7dde90
Event: 120.104 Thread 0x000001b3a0fb3dd0 flushing  nmethod 0x000001b38d83da10
Event: 120.104 Thread 0x000001b3a0fb3dd0 flushing  nmethod 0x000001b38d83dd90
Event: 120.104 Thread 0x000001b3a0fb3dd0 flushing  nmethod 0x000001b38d841e10
Event: 120.104 Thread 0x000001b3a0fb3dd0 flushing  nmethod 0x000001b38d842410
Event: 120.104 Thread 0x000001b3a0fb3dd0 flushing  nmethod 0x000001b38d8c6190

Events (20 events):
Event: 28.991 Thread 0x000001b3e7ed50e0 Thread added: 0x000001b3e894d960
Event: 28.991 Thread 0x000001b3e7ed50e0 Thread added: 0x000001b3e8951470
Event: 28.991 Thread 0x000001b3e7ed50e0 Thread added: 0x000001b3e8951b00
Event: 28.991 Thread 0x000001b3e7ed50e0 Thread added: 0x000001b3e8950de0
Event: 28.991 Thread 0x000001b3e7ed50e0 Thread added: 0x000001b3e8952820
Event: 28.992 Thread 0x000001b3e7ed50e0 Thread added: 0x000001b3e8952eb0
Event: 28.992 Thread 0x000001b3e7ed50e0 Thread added: 0x000001b3e8953540
Event: 29.019 Thread 0x000001b3e7ed50e0 Thread added: 0x000001b3e8954f80
Event: 29.022 Thread 0x000001b3e7ed50e0 Thread added: 0x000001b3e894dff0
Event: 29.312 Thread 0x000001b3e9f174f0 Thread exited: 0x000001b3e9f174f0
Event: 30.281 Thread 0x000001b3e7ed50e0 Thread added: 0x000001b3e8609fb0
Event: 30.282 Thread 0x000001b3e7ed50e0 Thread exited: 0x000001b3e7ed50e0
Event: 30.288 Thread 0x000001b3e7e321a0 Thread exited: 0x000001b3e7e321a0
Event: 30.289 Thread 0x000001b384a7d790 Thread exited: 0x000001b384a7d790
Event: 30.289 Thread 0x000001b3e86071c0 Thread added: 0x000001b3e86071c0
Event: 58.972 Thread 0x000001b3e8950750 Thread added: 0x000001b3e8605e10
Event: 58.974 Thread 0x000001b3e8954260 Thread added: 0x000001b3e8609290
Event: 88.323 Thread 0x000001b3e89548f0 Thread added: 0x000001b3e8607850
Event: 91.834 Thread 0x000001b3e894e680 Thread exited: 0x000001b3e894e680
Event: 94.018 Thread 0x000001b3e963c3e0 Thread exited: 0x000001b3e963c3e0


Dynamic libraries:
0x00007ff6d1910000 - 0x00007ff6d1920000 	C:\Program Files\Java\jdk-22\bin\java.exe
0x00007fff0f090000 - 0x00007fff0f2a8000 	C:\Windows\SYSTEM32\ntdll.dll
0x00007fff0dbf0000 - 0x00007fff0dcb4000 	C:\Windows\System32\KERNEL32.DLL
0x00007fff0c610000 - 0x00007fff0c9e3000 	C:\Windows\System32\KERNELBASE.dll
0x00007fff0c310000 - 0x00007fff0c421000 	C:\Windows\System32\ucrtbase.dll
0x00007ffef4250000 - 0x00007ffef426b000 	C:\Program Files\Java\jdk-22\bin\VCRUNTIME140.dll
0x00007ffef3900000 - 0x00007ffef3917000 	C:\Program Files\Java\jdk-22\bin\jli.dll
0x00007fff0ede0000 - 0x00007fff0ef92000 	C:\Windows\System32\USER32.dll
0x00007fff0cd00000 - 0x00007fff0cd26000 	C:\Windows\System32\win32u.dll
0x00007fff0dcc0000 - 0x00007fff0dce9000 	C:\Windows\System32\GDI32.dll
0x00007fff0c9f0000 - 0x00007fff0cb0b000 	C:\Windows\System32\gdi32full.dll
0x00007fff0c430000 - 0x00007fff0c4ca000 	C:\Windows\System32\msvcp_win.dll
0x00007ffeec500000 - 0x00007ffeec79c000 	C:\Windows\WinSxS\amd64_microsoft.windows.common-controls_6595b64144ccf1df_6.0.22621.6060_none_2712eda17382d24b\COMCTL32.dll
0x00007fff0ce10000 - 0x00007fff0ceb7000 	C:\Windows\System32\msvcrt.dll
0x00007fff0cec0000 - 0x00007fff0cef1000 	C:\Windows\System32\IMM32.DLL
0x00007fff070d0000 - 0x00007fff070dc000 	C:\Program Files\Java\jdk-22\bin\vcruntime140_1.dll
0x00007ffee4670000 - 0x00007ffee46fe000 	C:\Program Files\Java\jdk-22\bin\msvcp140.dll
0x00007ffe3ad70000 - 0x00007ffe3bab9000 	C:\Program Files\Java\jdk-22\bin\server\jvm.dll
0x00007fff0cfb0000 - 0x00007fff0d061000 	C:\Windows\System32\ADVAPI32.dll
0x00007fff0efa0000 - 0x00007fff0f048000 	C:\Windows\System32\sechost.dll
0x00007fff0ccd0000 - 0x00007fff0ccf8000 	C:\Windows\System32\bcrypt.dll
0x00007fff0d090000 - 0x00007fff0d1a8000 	C:\Windows\System32\RPCRT4.dll
0x00007fff0db70000 - 0x00007fff0dbe1000 	C:\Windows\System32\WS2_32.dll
0x00007fff0c070000 - 0x00007fff0c0bd000 	C:\Windows\SYSTEM32\POWRPROF.dll
0x00007fff047d0000 - 0x00007fff04804000 	C:\Windows\SYSTEM32\WINMM.dll
0x00007ffef1c20000 - 0x00007ffef1c2a000 	C:\Windows\SYSTEM32\VERSION.dll
0x00007fff0c050000 - 0x00007fff0c063000 	C:\Windows\SYSTEM32\UMPDC.dll
0x00007fff0b0e0000 - 0x00007fff0b0f8000 	C:\Windows\SYSTEM32\kernel.appcore.dll
0x00007ffef4220000 - 0x00007ffef422a000 	C:\Program Files\Java\jdk-22\bin\jimage.dll
0x00007fff096d0000 - 0x00007fff09903000 	C:\Windows\SYSTEM32\DBGHELP.DLL
0x00007fff0d610000 - 0x00007fff0d9a1000 	C:\Windows\System32\combase.dll
0x00007fff0cd30000 - 0x00007fff0ce08000 	C:\Windows\System32\OLEAUT32.dll
0x00007ffee4a10000 - 0x00007ffee4a42000 	C:\Windows\SYSTEM32\dbgcore.DLL
0x00007fff0cc50000 - 0x00007fff0cccb000 	C:\Windows\System32\bcryptPrimitives.dll
0x00007ffef24d0000 - 0x00007ffef24df000 	C:\Program Files\Java\jdk-22\bin\instrument.dll
0x00007ffef3890000 - 0x00007ffef38ae000 	C:\Program Files\Java\jdk-22\bin\java.dll
0x00007fff0e540000 - 0x00007fff0eddc000 	C:\Windows\System32\SHELL32.dll
0x00007fff0c4d0000 - 0x00007fff0c60f000 	C:\Windows\System32\wintypes.dll
0x00007fff0de00000 - 0x00007fff0dfa1000 	C:\Windows\System32\ole32.dll
0x00007fff0a050000 - 0x00007fff0a96a000 	C:\Windows\SYSTEM32\windows.storage.dll
0x00007fff0dcf0000 - 0x00007fff0ddf4000 	C:\Windows\System32\SHCORE.dll
0x00007fff0d2c0000 - 0x00007fff0d329000 	C:\Windows\System32\shlwapi.dll
0x00007fff0c0d0000 - 0x00007fff0c0f5000 	C:\Windows\SYSTEM32\profapi.dll
0x00007ffed5110000 - 0x00007ffed51e7000 	C:\Program Files\Java\jdk-22\bin\jsvml.dll
0x00007ffee6a50000 - 0x00007ffee6a67000 	C:\Program Files\Java\jdk-22\bin\zip.dll
0x00007ffef38f0000 - 0x00007ffef3900000 	C:\Program Files\Java\jdk-22\bin\net.dll
0x00007fff0b620000 - 0x00007fff0b689000 	C:\Windows\system32\mswsock.dll
0x00007ffef38d0000 - 0x00007ffef38e6000 	C:\Program Files\Java\jdk-22\bin\nio.dll
0x00007ffede6d0000 - 0x00007ffede6ea000 	C:\Program Files\JetBrains\IntelliJ IDEA Community Edition 2024.1.4\bin\breakgen64.dll
0x00007ffee6730000 - 0x00007ffee6739000 	C:\Program Files\Java\jdk-22\bin\extnet.dll
0x00007ffef1bc0000 - 0x00007ffef1bca000 	C:\Program Files\Java\jdk-22\bin\management.dll
0x00007ffee6a00000 - 0x00007ffee6a0b000 	C:\Program Files\Java\jdk-22\bin\management_ext.dll
0x00007fff0dfb0000 - 0x00007fff0dfb8000 	C:\Windows\System32\PSAPI.DLL
0x00007fff0ac60000 - 0x00007fff0ac8d000 	C:\Windows\SYSTEM32\IPHLPAPI.DLL
0x00007fff0d080000 - 0x00007fff0d089000 	C:\Windows\System32\NSI.dll
0x00007fff0ac90000 - 0x00007fff0ad88000 	C:\Windows\SYSTEM32\DNSAPI.dll
0x00007fff06420000 - 0x00007fff0642b000 	C:\Program Files\Java\jdk-22\bin\le.dll
0x00007fff07610000 - 0x00007fff0761e000 	C:\Program Files\Java\jdk-22\bin\sunmscapi.dll
0x00007fff0c1a0000 - 0x00007fff0c308000 	C:\Windows\System32\CRYPT32.dll
0x00007fff0ba70000 - 0x00007fff0ba9e000 	C:\Windows\SYSTEM32\ncrypt.dll
0x00007fff0ba30000 - 0x00007fff0ba67000 	C:\Windows\SYSTEM32\NTASN1.dll
0x00007fff01be0000 - 0x00007fff01bea000 	C:\Windows\System32\rasadhlp.dll
0x00007fff01c10000 - 0x00007fff01c94000 	C:\Windows\System32\fwpuclnt.dll
0x00007fff0b890000 - 0x00007fff0b8ab000 	C:\Windows\SYSTEM32\CRYPTSP.dll
0x00007fff0b0a0000 - 0x00007fff0b0d7000 	C:\Windows\system32\rsaenh.dll
0x00007fff0b730000 - 0x00007fff0b758000 	C:\Windows\SYSTEM32\USERENV.dll
0x00007fff0b8b0000 - 0x00007fff0b8bc000 	C:\Windows\SYSTEM32\CRYPTBASE.dll
0x00007fff04720000 - 0x00007fff04730000 	C:\Program Files\Java\jdk-22\bin\verify.dll
0x00007ffeccff0000 - 0x00007ffeccff8000 	C:\Windows\system32\wshunix.dll

dbghelp: loaded successfully - version: 4.0.5 - missing functions: none
symbol engine: initialized successfully - sym options: 0x614 - pdb path: .;C:\Program Files\Java\jdk-22\bin;C:\Windows\SYSTEM32;C:\Windows\WinSxS\amd64_microsoft.windows.common-controls_6595b64144ccf1df_6.0.22621.6060_none_2712eda17382d24b;C:\Program Files\Java\jdk-22\bin\server;C:\Program Files\JetBrains\IntelliJ IDEA Community Edition 2024.1.4\bin

VM Arguments:
jvm_args: -javaagent:C:\Program Files\JetBrains\IntelliJ IDEA Community Edition 2024.1.4\lib\idea_rt.jar=58104:C:\Program Files\JetBrains\IntelliJ IDEA Community Edition 2024.1.4\bin -Dfile.encoding=UTF-8 -Dsun.stdout.encoding=UTF-8 -Dsun.stderr.encoding=UTF-8 
java_command: com.Chat_App.chat_services.ChatServicesApplication
java_class_path (initial): E:\JavaFullStackProject\Real-Time-Chat-Application\chat-services\target\classes;C:\Users\ACER\.m2\repository\org\springframework\boot\spring-boot-starter-actuator\4.1.0\spring-boot-starter-actuator-4.1.0.jar;C:\Users\ACER\.m2\repository\org\springframework\boot\spring-boot-starter\4.1.0\spring-boot-starter-4.1.0.jar;C:\Users\ACER\.m2\repository\org\springframework\boot\spring-boot-starter-logging\4.1.0\spring-boot-starter-logging-4.1.0.jar;C:\Users\ACER\.m2\repository\ch\qos\logback\logback-classic\1.5.34\logback-classic-1.5.34.jar;C:\Users\ACER\.m2\repository\ch\qos\logback\logback-core\1.5.34\logback-core-1.5.34.jar;C:\Users\ACER\.m2\repository\org\apache\logging\log4j\log4j-to-slf4j\2.25.4\log4j-to-slf4j-2.25.4.jar;C:\Users\ACER\.m2\repository\org\apache\logging\log4j\log4j-api\2.25.4\log4j-api-2.25.4.jar;C:\Users\ACER\.m2\repository\org\slf4j\jul-to-slf4j\2.0.18\jul-to-slf4j-2.0.18.jar;C:\Users\ACER\.m2\repository\jakarta\annotation\jakarta.annotation-api\3.0.0\jakarta.annotation-api-3.0.0.jar;C:\Users\ACER\.m2\repository\org\yaml\snakeyaml\2.6\snakeyaml-2.6.jar;C:\Users\ACER\.m2\repository\org\springframework\boot\spring-boot-starter-micrometer-metrics\4.1.0\spring-boot-starter-micrometer-metrics-4.1.0.jar;C:\Users\ACER\.m2\repository\org\springframework\boot\spring-boot-micrometer-metrics\4.1.0\spring-boot-micrometer-metrics-4.1.0.jar;C:\Users\ACER\.m2\repository\org\springframework\boot\spring-boot-micrometer-observation\4.1.0\spring-boot-micrometer-observation-4.1.0.jar;C:\Users\ACER\.m2\repository\org\springframework\boot\spring-boot-actuator-autoconfigure\4.1.0\spring-boot-actuator-autoconfigure-4.1.0.jar;C:\Users\ACER\.m2\repository\org\springframework\boot\spring-boot-actuator\4.1.0\spring-boot-actuator-4.1.0.jar;C:\Users\ACER\.m2\repository\org\springframework\boot\spring-boot-health\4.1.0\spring-boot-health-4.1.0.jar;C:\Users\ACER\.m2\repository\io\micrometer\micrometer-observation\1.17.0\micrometer-observation-1.17.0.jar;C:\Users\ACER\.m2\repository\org\jspecify\jspecify\1.0.0\jspecify-1.0.0.jar;C:\Users\ACER\.m2\repository\io\micrometer\micrometer-commons\1.17.0\micrometer-commons-1.17.0.jar;C:\Users\ACER\.m2\repository\io\micrometer\micrometer-jakarta9\1.17.0\micrometer-jakarta9-1.17.0.jar;C:\Users\ACER\.m2\repository\io\micrometer\micrometer-core\1.17.0\micrometer-core-1.17.0.jar;C:\Users\ACER\.m2\repository\org\hdrhistogram\HdrHistogram\2.2.2\HdrHistogram-2.2.2.jar;C:\Users\ACER\.m2\repository\org\springframework\boot\spring-boot-starter-data-jpa\4.1.0\spring-boot-starter-data-jpa-4.1.0.jar;C:\Users\ACER\.m2\repository\org\springframework\boot\spring-boot-starter-jdbc\4.1.0\spring-boot-starter-jdbc-4.1.0.jar;C:\Users\ACER\.m2\repository\com\zaxxer\HikariCP\7.0.2\HikariCP-7.0.2.jar;C:\Users\ACER\.m2\repository\org\springframework\boot\spring-boot-data-jpa\4.1.0\spring-boot-data-jpa-4.1.0.jar;C:\Users\ACER\.m2\repository\org\springframework\boot\spring-boot-data-commons\4.1.0\spring-boot-data-commons-4.1.0.jar;C:\Users\ACER\.m2\repository\org\springframework\boot\spring-boot-persistence\4.1.0\spring-boot-persistence-4.1.0.jar;C:\Users\ACER\.m2\repository\org\springframework\data\spring-data-commons\4.1.0\spring-data-commons-4.1.0.jar;C:\Users\ACER\.m2\repository\org\springframework\boot\spring-boot-hibernate\4.1.0\spring-boot-hibernate-4.1.0.jar;C:\Users\ACER\.m2\repository\org\springframework\boot\spring-boot-jpa\4.1.0\spring-boot-jpa-4.1.0.jar;C:\Users\ACER\.m2\repository\jakarta\persistence\jakarta.persistence-api\3.2.0\jakarta.persistence-api-3.2.0.jar;C:\Users\ACER\.m2\repository\org\hibernate\orm\hibernate-core\7.4.1.Final\hibernate-core-7.4.1.Final.jar;C:\Users\ACER\.m2\repository\jakarta\transaction\jakarta.transaction-api\2.0.1\jakarta.transaction-api-2.0.1.jar;C:\Users\ACER\.m2\repository\org\hibernate\models\hibernate-models\1.1.1\hibernate-models-1.1.1.jar;C:\Users\ACER\.m2\repository\org\glassfish\jaxb\jaxb-runtime\4.0.9\jaxb-runtime-4.0.9.jar;C:\Users\ACER\.m2\repository\org\glassfish\jaxb\jaxb-core\4.0.9\jaxb-core-4.0.9.jar;C:\Users\ACER\.m2\repository\org\eclipse\angus\angus-activation\2.0.3\angus-activation-2.0.3.jar;C:\Users\ACER\.m2\repository\org\glassfish\jaxb\txw2\4.0.9\txw2-4.0.9.jar;C:\Users\ACER\.m2\repository\com\sun\istack\istack-commons-runtime\4.1.2\istack-commons-runtime-4.1.2.jar;C:\Users\ACER\.m2\repository\org\springframework\spring-orm\7.0.8\spring-orm-7.0.8.jar;C:\Users\ACER\.m2\repository\org\springframework\data\spring-data-jpa\4.1.0\spring-data-jpa-4.1.0.jar;C:\Users\ACER\.m2\repository\org\antlr\antlr4-runtime\4.13.2\antlr4-runtime-4.13.2.jar;C:\Users\ACER\.m2\repository\org\springframework\spring-aspects\7.0.8\spring-aspects-7.0.8.jar;C:\Users\ACER\.m2\repository\org\aspectj\aspectjweaver\1.9.25.1\aspectjweaver-1.9.25.1.jar;C:\Users\ACER\.m2\repository\org\springframework\boot\spring-boot-jdbc\4.1.0\spring-boot-jdbc-4.1.0.jar;C:\Users\ACER\.m2\repository\org\springframework\boot\spring-boot-sql\4.1.0\spring-boot-sql-4.1.0.jar;C:\Users\ACER\.m2\repository\org\springframework\boot\spring-boot-transaction\4.1.0\spring-boot-transaction-4.1.0.jar;C:\Users\ACER\.m2\repository\org\springframework\spring-jdbc\7.0.8\spring-jdbc-7.0.8.jar;C:\Users\ACER\.m2\repository\org\springframework\boot\spring-boot-starter-webmvc\4.1.0\spring-boot-starter-webmvc-4.1.0.jar;C:\Users\ACER\.m2\repository\org\springframework\boot\spring-boot-starter-jackson\4.1.0\spring-boot-starter-jackson-4.1.0.jar;C:\Users\ACER\.m2\repository\org\springframework\boot\spring-boot-jackson\4.1.0\spring-boot-jackson-4.1.0.jar;C:\Users\ACER\.m2\repository\tools\jackson\core\jackson-databind\3.1.4\jackson-databind-3.1.4.jar;C:\Users\ACER\.m2\repository\tools\jackson\core\jackson-core\3.1.4\jackson-core-3.1.4.jar;C:\Users\ACER\.m2\repository\org\springframework\boot\spring-boot-starter-tomcat\4.1.0\spring-boot-starter-tomcat-4.1.0.jar;C:\Users\ACER\.m2\repository\org\springframework\boot\spring-boot-starter-tomcat-runtime\4.1.0\spring-boot-starter-tomcat-runtime-4.1.0.jar;C:\Users\ACER\.m2\repository\org\springframework\boot\spring-boot-web-server\4.1.0\spring-boot-web-server-4.1.0.jar;C:\Users\ACER\.m2\repository\org\apache\tomcat\embed\tomcat-embed-core\11.0.22\tomcat-embed-core-11.0.22.jar;C:\Users\ACER\.m2\repository\org\apache\tomcat\embed\tomcat-embed-websocket\11.0.22\tomcat-embed-websocket-11.0.22.jar;C:\Users\ACER\.m2\repository\org\springframework\boot\spring-boot-tomcat\4.1.0\spring-boot-tomcat-4.1.0.jar;C:\Users\ACER\.m2\repository\org\springframework\boot\spring-boot-http-converter\4.1.0\spring-boot-http-converter-4.1.0.jar;C:\Users\ACER\.m2\repository\org\springframework\boot\spring-boot-webmvc\4.1.0\spring-boot-webmvc-4.1.0.jar;C:\Users\ACER\.m2\repository\org\springframework\boot\spring-boot-servlet\4.1.0\spring-boot-servlet-4.1.0.jar;C:\Users\ACER\.m2\repository\org\springframework\spring-webmvc\7.0.8\spring-webmvc-7.0.8.jar;C:\Users\ACER\.m2\repository\org\springframework\boot\spring-boot-starter-validation\4.1.0\spring-boot-starter-validation-4.1.0.jar;C:\Users\ACER\.m2\repository\org\springframework\boot\spring-boot-validation\4.1.0\spring-boot-validation-4.1.0.jar;C:\Users\ACER\.m2\repository\org\apache\tomcat\embed\tomcat-embed-el\11.0.22\tomcat-embed-el-11.0.22.jar;C:\Users\ACER\.m2\repository\org\hibernate\validator\hibernate-validator\9.1.0.Final\hibernate-validator-9.1.0.Final.jar;C:\Users\ACER\.m2\repository\jakarta\validation\jakarta.validation-api\3.1.1\jakarta.validation-api-3.1.1.jar;C:\Users\ACER\.m2\repository\org\jboss\logging\jboss-logging\3.6.3.Final\jboss-logging-3.6.3.Final.jar;C:\Users\ACER\.m2\repository\com\fasterxml\classmate\1.7.3\classmate-1.7.3.jar;C:\Users\ACER\.m2\repository\org\springframework\boot\spring-boot-starter-websocket\4.1.0\spring-boot-starter-websocket-4.1.0.jar;C:\Users\ACER\.m2\repository\org\springframework\boot\spring-boot-websocket\4.1.0\spring-boot-websocket-4.1.0.jar;C:\Users\ACER\.m2\repository\org\springframework\spring-websocket\7.0.8\spring-websocket-7.0.8.jar;C:\Users\ACER\.m2\repository\org\springframework\kafka\spring-kafka\4.1.0\spring-kafka-4.1.0.jar;C:\Users\ACER\.m2\repository\org\springframework\spring-context\7.0.8\spring-context-7.0.8.jar;C:\Users\ACER\.m2\repository\org\springframework\spring-aop\7.0.8\spring-aop-7.0.8.jar;C:\Users\ACER\.m2\repository\org\springframework\spring-beans\7.0.8\spring-beans-7.0.8.jar;C:\Users\ACER\.m2\repository\org\springframework\spring-expression\7.0.8\spring-expression-7.0.8.jar;C:\Users\ACER\.m2\repository\org\springframework\spring-messaging\7.0.8\spring-messaging-7.0.8.jar;C:\Users\ACER\.m2\repository\org\springframework\spring-tx\7.0.8\spring-tx-7.0.8.jar;C:\Users\ACER\.m2\repository\org\apache\kafka\kafka-clients\4.2.1\kafka-clients-4.2.1.jar;C:\Users\ACER\.m2\repository\com\github\luben\zstd-jni\1.5.6-10\zstd-jni-1.5.6-10.jar;C:\Users\ACER\.m2\repository\at\yawk\lz4\lz4-java\1.10.1\lz4-java-1.10.1.jar;C:\Users\ACER\.m2\repository\org\xerial\snappy\snappy-java\1.1.10.7\snappy-java-1.1.10.7.jar;C:\Users\ACER\.m2\repository\org\slf4j\slf4j-api\2.0.18\slf4j-api-2.0.18.jar;C:\Users\ACER\.m2\repository\com\github\spotbugs\spotbugs-annotations\4.9.8\spotbugs-annotations-4.9.8.jar;C:\Users\ACER\.m2\repository\com\google\code\findbugs\jsr305\3.0.2\jsr305-3.0.2.jar;C:\Users\ACER\.m2\repository\org\springframework\cloud\spring-cloud-starter-openfeign\5.0.2\spring-cloud-starter-openfeign-5.0.2.jar;C:\Users\ACER\.m2\repository\org\springframework\cloud\spring-cloud-starter\5.0.2\spring-cloud-starter-5.0.2.jar;C:\Users\ACER\.m2\repository\org\springframework\cloud\spring-cloud-context\5.0.2\spring-cloud-context-5.0.2.jar;C:\Users\ACER\.m2\repository\org\bouncycastle\bcprov-jdk18on\1.81.1\bcprov-jdk18on-1.81.1.jar;C:\Users\ACER\.m2\repository\org\springframework\cloud\spring-cloud-openfeign-core\5.0.2\spring-cloud-openfeign-core-5.0.2.jar;C:\Users\ACER\.m2\repository\io\github\openfeign\feign-form-spring\13.6.1\feign-form-spring-13.6.1.jar;C:\Users\ACER\.m2\repository\org\apache\commons\commons-text\1.13.0\commons-text-1.13.0.jar;C:\Users\ACER\.m2\repository\org\apache\commons\commons-lang3\3.20.0\commons-lang3-3.20.0.jar;C:\Users\ACER\.m2\repository\io\github\openfeign\feign-form\13.6.1\feign-form-13.6.1.jar;C:\Users\ACER\.m2\repository\commons-fileupload\commons-fileupload\1.6.0\commons-fileupload-1.6.0.jar;C:\Users\ACER\.m2\repository\org\springframework\spring-web\7.0.8\spring-web-7.0.8.jar;C:\Users\ACER\.m2\repository\org\springframework\cloud\spring-cloud-commons\5.0.2\spring-cloud-commons-5.0.2.jar;C:\Users\ACER\.m2\repository\org\springframework\security\spring-security-crypto\7.1.0\spring-security-crypto-7.1.0.jar;C:\Users\ACER\.m2\repository\io\github\openfeign\feign-core\13.6.1\feign-core-13.6.1.jar;C:\Users\ACER\.m2\repository\io\github\openfeign\feign-slf4j\13.6.1\feign-slf4j-13.6.1.jar;C:\Users\ACER\.m2\repository\org\springframework\cloud\spring-cloud-starter-netflix-eureka-client\5.0.2\spring-cloud-starter-netflix-eureka-client-5.0.2.jar;C:\Users\ACER\.m2\repository\org\springframework\cloud\spring-cloud-netflix-eureka-client\5.0.2\spring-cloud-netflix-eureka-client-5.0.2.jar;C:\Users\ACER\.m2\repository\org\springframework\boot\spring-boot-jackson2\4.1.0\spring-boot-jackson2-4.1.0.jar;C:\Users\ACER\.m2\repository\com\fasterxml\jackson\datatype\jackson-datatype-jdk8\2.21.4\jackson-datatype-jdk8-2.21.4.jar;C:\Users\ACER\.m2\repository\com\fasterxml\jackson\datatype\jackson-datatype-jsr310\2.21.4\jackson-datatype-jsr310-2.21.4.jar;C:\Users\ACER\.m2\repository\com\fasterxml\jackson\module\jackson-module-parameter-names\2.21.4\jackson-module-parameter-names-2.21.4.jar;C:\Users\ACER\.m2\repository\org\apache\httpcomponents\client5\httpclient5\5.6.1\httpclient5-5.6.1.jar;C:\Users\ACER\.m2\repository\org\apache\httpcomponents\core5\httpcore5\5.4.2\httpcore5-5.4.2.jar;C:\Users\ACER\.m2\repository\org\apache\httpcomponents\core5\httpcore5-h2\5.4.2\httpcore5-h2-5.4.2.jar;C:\Users\ACER\.m2\repository\com\netflix\eureka\eureka-client\2.0.6\eureka-client-2.0.6.jar;C:\Users\ACER\.m2\repository\com\thoughtworks\xstream\xstream\1.4.21\xstream-1.4.21.jar;C:\Users\ACER\.m2\repository\io\github\x-stream\mxparser\1.2.2\mxparser-1.2.2.jar;C:\Users\ACER\.m2\repository\xmlpull\xmlpull\1.1.3.1\xmlpull-1.1.3.1.jar;C:\Users\ACER\.m2\repository\jakarta\ws\rs\jakarta.ws.rs-api\4.0.0\jakarta.ws.rs-api-4.0.0.jar;C:\Users\ACER\.m2\repository\jakarta\inject\jakarta.inject-api\2.0.1\jakarta.inject-api-2.0.1.jar;C:\Users\ACER\.m2\repository\com\netflix\spectator\spectator-api\1.7.3\spectator-api-1.7.3.jar;C:\Users\ACER\.m2\repository\org\apache\httpcomponents\httpclient\4.5.3\httpclient-4.5.3.jar;C:\Users\ACER\.m2\repository\org\apache\httpcomponents\httpcore\4.4.16\httpcore-4.4.16.jar;C:\Users\ACER\.m2\repository\commons-codec\commons-codec\1.21.0\commons-codec-1.21.0.jar;C:\Users\ACER\.m2\repository\com\fasterxml\jackson\core\jackson-annotations\2.21\jackson-annotations-2.21.jar;C:\Users\ACER\.m2\repository\com\fasterxml\jackson\core\jackson-core\2.21.4\jackson-core-2.21.4.jar;C:\Users\ACER\.m2\repository\com\netflix\netflix-commons\netflix-eventbus\0.3.0\netflix-eventbus-0.3.0.jar;C:\Users\ACER\.m2\repository\com\netflix\netflix-commons\netflix-infix\0.3.0\netflix-infix-0.3.0.jar;C:\Users\ACER\.m2\repository\commons-jxpath\commons-jxpath\1.3\commons-jxpath-1.3.jar;C:\Users\ACER\.m2\repository\joda-time\joda-time\2.3\joda-time-2.3.jar;C:\Users\ACER\.m2\repository\org\antlr\antlr-runtime\3.4\antlr-runtime-3.4.jar;C:\Users\ACER\.m2\repository\org\antlr\stringtemplate\3.2.1\stringtemplate-3.2.1.jar;C:\Users\ACER\.m2\repository\antlr\antlr\2.7.7\antlr-2.7.7.jar;C:\Users\ACER\.m2\repository\com\google\code\gson\gson\2.13.2\gson-2.13.2.jar;C:\Users\ACER\.m2\repository\com\google\errorprone\error_prone_annotations\2.41.0\error_prone_annotations-2.41.0.jar;C:\Users\ACER\.m2\repository\com\netflix\servo\servo-core\0.5.3\servo-core-0.5.3.jar;C:\Users\ACER\.m2\repository\org\apache\commons\commons-math\2.2\commons-math-2.2.jar;C:\Users\ACER\.m2\repository\javax\annotation\javax.annotation-api\1.2\javax.annotation-api-1.2.jar;C:\Users\ACER\.m2\repository\org\codehaus\jettison\jettison\1.5.4\jettison-1.5.4.jar;C:\Users\ACER\.m2\repository\org\springframework\cloud\spring-cloud-starter-loadbalancer\5.0.2\spring-cloud-starter-loadbalancer-5.0.2.jar;C:\Users\ACER\.m2\repository\org\springframework\cloud\spring-cloud-loadbalancer\5.0.2\spring-cloud-loadbalancer-5.0.2.jar;C:\Users\ACER\.m2\repository\io\projectreactor\reactor-core\3.8.6\reactor-core-3.8.6.jar;C:\Users\ACER\.m2\repository\org\reactivestreams\reactive-streams\1.0.4\reactive-streams-1.0.4.jar;C:\Users\ACER\.m2\repository\io\projectreactor\addons\reactor-extra\3.6.0\reactor-extra-3.6.0.jar;C:\Users\ACER\.m2\repository\org\springframework\boot\spring-boot-starter-cache\4.1.0\spring-boot-starter-cache-4.1.0.jar;C:\Users\ACER\.m2\repository\org\springframework\boot\spring-boot-cache\4.1.0\spring-boot-cache-4.1.0.jar;C:\Users\ACER\.m2\repository\org\springframework\spring-context-support\7.0.8\spring-context-support-7.0.8.jar;C:\Users\ACER\.m2\repository\com\stoyanr\evictor\1.0.0\evictor-1.0.0.jar;C:\Users\ACER\.m2\repository\de\codecentric\spring-boot-admin-starter-client\4.0.1\spring-boot-admin-starter-client-4.0.1.jar;C:\Users\ACER\.m2\repository\de\codecentric\spring-boot-admin-client\4.0.1\spring-boot-admin-client-4.0.1.jar;C:\Users\ACER\.m2\repository\org\springframework\boot\spring-boot-starter-restclient\4.1.0\spring-boot-starter-restclient-4.1.0.jar;C:\Users\ACER\.m2\repository\org\springframework\boot\spring-boot-restclient\4.1.0\spring-boot-restclient-4.1.0.jar;C:\Users\ACER\.m2\repository\org\springframework\boot\spring-boot-http-client\4.1.0\spring-boot-http-client-4.1.0.jar;C:\Users\ACER\.m2\repository\io\jsonwebtoken\jjwt-api\0.12.6\jjwt-api-0.12.6.jar;C:\Users\ACER\.m2\repository\io\jsonwebtoken\jjwt-impl\0.12.6\jjwt-impl-0.12.6.jar;C:\Users\ACER\.m2\repository\io\jsonwebtoken\jjwt-jackson\0.12.6\jjwt-jackson-0.12.6.jar;C:\Users\ACER\.m2\repository\com\fasterxml\jackson\core\jackson-databind\2.21.4\jackson-databind-2.21.4.jar;C:\Users\ACER\.m2\repository\org\postgresql\postgresql\42.7.11\postgresql-42.7.11.jar;C:\Users\ACER\.m2\repository\org\springframework\boot\spring-boot-devtools\4.1.0\spring-boot-devtools-4.1.0.jar;C:\Users\ACER\.m2\repository\org\springframework\boot\spring-boot\4.1.0\spring-boot-4.1.0.jar;C:\Users\ACER\.m2\repository\org\springframework\boot\spring-boot-autoconfigure\4.1.0\spring-boot-autoconfigure-4.1.0.jar;C:\Users\ACER\.m2\repository\jakarta\xml\bind\jakarta.xml.bind-api\4.0.5\jakarta.xml.bind-api-4.0.5.jar;C:\Users\ACER\.m2\repository\jakarta\activation\jakarta.activation-api\2.1.4\jakarta.activation-api-2.1.4.jar;C:\Users\ACER\.m2\repository\net\bytebuddy\byte-buddy\1.18.10\byte-buddy-1.18.10.jar;C:\Users\ACER\.m2\repository\org\springframework\spring-core\7.0.8\spring-core-7.0.8.jar;C:\Users\ACER\.m2\repository\commons-logging\commons-logging\1.3.6\commons-logging-1.3.6.jar
Launcher Type: SUN_STANDARD

[Global flags]
     intx CICompilerCount                          = 4                                         {product} {ergonomic}
     uint ConcGCThreads                            = 3                                         {product} {ergonomic}
     uint G1ConcRefinementThreads                  = 10                                        {product} {ergonomic}
   size_t G1HeapRegionSize                         = 1048576                                   {product} {ergonomic}
   size_t InitialHeapSize                          = 130023424                                 {product} {ergonomic}
   size_t MarkStackSize                            = 4194304                                   {product} {ergonomic}
   size_t MaxHeapSize                              = 2071986176                                {product} {ergonomic}
   size_t MaxNewSize                               = 1242562560                                {product} {ergonomic}
   size_t MinHeapDeltaBytes                        = 1048576                                   {product} {ergonomic}
   size_t MinHeapSize                              = 8388608                                   {product} {ergonomic}
    uintx NonNMethodCodeHeapSize                   = 5839372                                {pd product} {ergonomic}
    uintx NonProfiledCodeHeapSize                  = 122909434                              {pd product} {ergonomic}
    uintx ProfiledCodeHeapSize                     = 122909434                              {pd product} {ergonomic}
    uintx ReservedCodeCacheSize                    = 251658240                              {pd product} {ergonomic}
     bool SegmentedCodeCache                       = true                                      {product} {ergonomic}
   size_t SoftMaxHeapSize                          = 2071986176                             {manageable} {ergonomic}
     bool UseCompressedOops                        = true                           {product lp64_product} {ergonomic}
     bool UseG1GC                                  = true                                      {product} {ergonomic}
     bool UseLargePagesIndividualAllocation        = false                                  {pd product} {ergonomic}

Logging:
Log output configuration:
 #0: stdout all=warning uptime,level,tags foldmultilines=false
 #1: stderr all=off uptime,level,tags foldmultilines=false

Environment Variables:
JAVA_HOME=C:\Program Files\Java\jdk-21
CLASSPATH=C:\Program Files\Apache Software Foundation\Tomcat 10.1\lib\servlet-api.jar
PATH=C:\Program Files\Common Files\Oracle\Java\javapath;C:\Program Files\Python312\Scripts\;C:\Program Files\Python312\;C:\Windows\system32;C:\Windows;C:\Windows\System32\Wbem;C:\Windows\System32\WindowsPowerShell\v1.0\;C:\Windows\System32\OpenSSH\;C:\MinGW\bin;C:\Program Files\Python312;C:\Program Files\MySQL\MySQL Server 8.0\bin;C:\Program Files\MySQL\MySQL Server 8.0\bin;C:\Program Files\Git\cmd;C:\Program Files\MongoDB\Server\8.0\bin;C:\Program Files\nodejs\;C:\Program Files\Docker\Docker\resources\bin;C:\Users\ACER\.kimi-code\bin;C:\Program Files\MySQL\MySQL Shell 8.0\bin\;C:\Users\ACER\AppData\Local\Microsoft\WindowsApps;C:\Users\ACER\AppData\Local\Programs\Microsoft VS Code\bin;C:\Program Files\Python312;C:\Users\ACER\AppData\Local\GitHubDesktop\bin;C:\Program Files\Java\jdk-21\bin;C:\Program Files\JetBrains\IntelliJ IDEA Community Edition 2024.1.4\bin;;C:\MinGW\bin;C:\Program Files\MongoDB\Server\8.0\bin;C:\Users\ACER\AppData\Local\Microsoft\WinGet\Packages\yt-dlp.FFmpeg_Microsoft.Winget.Source_8wekyb3d8bbwe\ffmpeg-N-120424-g03b9180fe3-win64-gpl\bin;C:\Users\ACER\AppData\Roaming\npm;D:\Antigravity\bin
USERNAME=ACER
OS=Windows_NT
PROCESSOR_IDENTIFIER=Intel64 Family 6 Model 154 Stepping 4, GenuineIntel
TMP=C:\Users\ACER\AppData\Local\Temp
TEMP=C:\Users\ACER\AppData\Local\Temp




Periodic native trim disabled

---------------  S Y S T E M  ---------------

OS:
 Windows 11 , 64 bit Build 22621 (10.0.22621.5415)
OS uptime: 0 days 20:34 hours
Hyper-V role detected

CPU: total 12 (initial active 12) (6 cores per cpu, 2 threads per core) family 6 model 154 stepping 4 microcode 0x423, cx8, cmov, fxsr, ht, mmx, 3dnowpref, sse, sse2, sse3, ssse3, sse4.1, sse4.2, popcnt, lzcnt, tsc, tscinvbit, avx, avx2, aes, erms, clmul, bmi1, bmi2, adx, sha, fma, vzeroupper, clflush, clflushopt, clwb, hv, serialize, rdtscp, rdpid, fsrm, f16c, cet_ibt, cet_ss
Processor Information for processor 0
  Max Mhz: 1300, Current Mhz: 1300, Mhz Limit: 1300
Processor Information for processor 1
  Max Mhz: 1300, Current Mhz: 1300, Mhz Limit: 1300
Processor Information for processor 2
  Max Mhz: 1300, Current Mhz: 1300, Mhz Limit: 1300
Processor Information for processor 3
  Max Mhz: 1300, Current Mhz: 1300, Mhz Limit: 1300
Processor Information for processor 4
  Max Mhz: 1300, Current Mhz: 900, Mhz Limit: 897
Processor Information for processor 5
  Max Mhz: 1300, Current Mhz: 900, Mhz Limit: 897
Processor Information for processor 6
  Max Mhz: 1300, Current Mhz: 900, Mhz Limit: 897
Processor Information for processor 7
  Max Mhz: 1300, Current Mhz: 900, Mhz Limit: 897
Processor Information for processor 8
  Max Mhz: 1300, Current Mhz: 900, Mhz Limit: 897
Processor Information for processor 9
  Max Mhz: 1300, Current Mhz: 900, Mhz Limit: 897
Processor Information for processor 10
  Max Mhz: 1300, Current Mhz: 900, Mhz Limit: 897
Processor Information for processor 11
  Max Mhz: 1300, Current Mhz: 900, Mhz Limit: 897

Memory: 4k page, system-wide physical 7896M (35M free)
TotalPageFile size 26646M (AvailPageFile size 0M)
current process WorkingSet (physical memory assigned to process): 231M, peak: 365M
current process commit charge ("private bytes"): 398M, peak: 412M

vm_info: Java HotSpot(TM) 64-Bit Server VM (22.0.2+9-70) for windows-amd64 JRE (22.0.2+9-70), built on 2024-06-04T16:52:23Z by "mach5one" with MS VC++ 17.6 (VS2022)

END.
